<html>
<body>
<pre>
<h1>µVision Build Log</h1>
<h2>Tool Versions:</h2>
IDE-Version: µVision V5.39.0.0
Copyright (C) 2023 ARM Ltd and ARM Germany GmbH. All rights reserved.
License Information: u upo, Priv, LIC=585FJ-U6M9L-45MT5-G0WKB-LV2YI-7115F
 
Tool Versions:
Toolchain:       MDK-ARM Plus  Version: 5.39.0.0
Toolchain Path:  C:\Keil_v5\ARM\ARMCLANG\Bin
C Compiler:      ArmClang.exe V6.21
Assembler:       Armasm.exe V6.21
Linker/Locator:  ArmLink.exe V6.21
Library Manager: ArmAr.exe V6.21
Hex Converter:   FromElf.exe V6.21
CPU DLL:         SARMCM3.DLL V5.39.0.0
Dialog DLL:      DARMCM1.DLL V1.19.6.0
Target DLL:      STLink\ST-LINKIII-KEIL_SWO.dll V3.2.0.0
Dialog DLL:      TARMCM1.DLL V1.14.6.0
 
<h2>Project:</h2>
C:\Keil_v5\Projects\e-paper_18x5\MDK-ARM\e-paper_18x5.uvprojx
Project File Date:  05/26/2024

<h2>Output:</h2>
*** Using Compiler 'V6.21', folder: 'C:\Keil_v5\ARM\ARMCLANG\Bin'
Build target 'e-paper_18x5'
compiling main.c...
compiling rtc.c...
compiling spi.c...
compiling i2c.c...
compiling gpio.c...
compiling stm32u0xx_it.c...
compiling adc.c...
compiling usart.c...
compiling stm32u0xx_hal_msp.c...
compiling adc_if.c...
compiling stm32u0xx_hal_adc_ex.c...
compiling lwrb.c...
compiling stm32u0xx_ll_adc.c...
compiling stm32u0xx_hal_rcc.c...
compiling printf.c...
compiling stm32u0xx_hal_adc.c...
compiling stm32u0xx_hal_rcc_ex.c...
compiling stm32u0xx_hal_flash.c...
compiling stm32u0xx_hal_flash_ex.c...
compiling stm32u0xx_hal_gpio.c...
compiling stm32u0xx_hal_dma.c...
compiling stm32u0xx_hal_dma_ex.c...
compiling stm32u0xx_hal_pwr.c...
compiling stm32u0xx_hal_pwr_ex.c...
compiling stm32u0xx_hal_cortex.c...
compiling stm32u0xx_hal.c...
compiling stm32u0xx_hal_exti.c...
compiling stm32u0xx_ll_i2c.c...
compiling stm32u0xx_hal_i2c_ex.c...
compiling stm32u0xx_hal_rtc.c...
compiling stm32u0xx_hal_spi_ex.c...
compiling stm32u0xx_hal_rtc_ex.c...
compiling stm32u0xx_hal_tim.c...
compiling stm32u0xx_hal_tim_ex.c...
compiling stm32u0xx_hal_spi.c...
compiling stm32u0xx_hal_i2c.c...
compiling stm32u0xx_hal_uart_ex.c...
compiling system_stm32u0xx.c...
compiling stm32u0xx_ll_usart.c...
compiling stm32u0xx_hal_uart.c...
compiling stm32u0xx_ll_rcc.c...
linking...
Program Size: Code=18060 RO-data=336 RW-data=12 ZI-data=6988  
FromELF: creating hex file...
"e-paper_18x5\e-paper_18x5.axf" - 0 Error(s), 0 Warning(s).

<h2>Software Packages used:</h2>

Package Vendor: ARM
                http://www.keil.com/pack/ARM.CMSIS.5.9.0.pack
                ARM::CMSIS@5.9.0
                CMSIS (Common Microcontroller Software Interface Standard)
   * Component: CORE Version: 5.6.0

Package Vendor: Keil
                https://www.keil.com/pack/Keil.STM32U0xx_DFP.1.0.0.pack
                Keil::STM32U0xx_DFP@1.0.0
                STMicroelectronics STM32U0 Series Device Support

<h2>Collection of Component include folders:</h2>
  ./RTE/_e-paper_18x5
  C:/Keil_v5/ARM/PACK/ARM/CMSIS/5.9.0/CMSIS/Core/Include

<h2>Collection of Component Files used:</h2>

   * Component: ARM::CMSIS:CORE@5.6.0
      Include file:  CMSIS/Core/Include/tz_context.h
Build Time Elapsed:  00:00:04
</pre>
</body>
</html>
