Archive member included to satisfy reference by file (symbol)

C:/ST/STM32CubeIDE_1.5.0/STM32CubeIDE/plugins/com.st.stm32cube.ide.mcu.externaltools.gnu-tools-for-stm32.12.3.rel1.win32_1.0.100.202403111256/tools/bin/../lib/gcc/arm-none-eabi/12.3.1/../../../../arm-none-eabi/lib/thumb/v6-m/nofp\libc_nano.a(libc_a-exit.o)
                              C:/ST/STM32CubeIDE_1.5.0/STM32CubeIDE/plugins/com.st.stm32cube.ide.mcu.externaltools.gnu-tools-for-stm32.12.3.rel1.win32_1.0.100.202403111256/tools/bin/../lib/gcc/arm-none-eabi/12.3.1/../../../../arm-none-eabi/lib/thumb/v6-m/nofp/crt0.o (exit)
C:/ST/STM32CubeIDE_1.5.0/STM32CubeIDE/plugins/com.st.stm32cube.ide.mcu.externaltools.gnu-tools-for-stm32.12.3.rel1.win32_1.0.100.202403111256/tools/bin/../lib/gcc/arm-none-eabi/12.3.1/../../../../arm-none-eabi/lib/thumb/v6-m/nofp\libc_nano.a(libc_a-findfp.o)
                              C:/ST/STM32CubeIDE_1.5.0/STM32CubeIDE/plugins/com.st.stm32cube.ide.mcu.externaltools.gnu-tools-for-stm32.12.3.rel1.win32_1.0.100.202403111256/tools/bin/../lib/gcc/arm-none-eabi/12.3.1/../../../../arm-none-eabi/lib/thumb/v6-m/nofp\libc_nano.a(libc_a-exit.o) (__stdio_exit_handler)
C:/ST/STM32CubeIDE_1.5.0/STM32CubeIDE/plugins/com.st.stm32cube.ide.mcu.externaltools.gnu-tools-for-stm32.12.3.rel1.win32_1.0.100.202403111256/tools/bin/../lib/gcc/arm-none-eabi/12.3.1/../../../../arm-none-eabi/lib/thumb/v6-m/nofp\libc_nano.a(libc_a-fwalk.o)
                              C:/ST/STM32CubeIDE_1.5.0/STM32CubeIDE/plugins/com.st.stm32cube.ide.mcu.externaltools.gnu-tools-for-stm32.12.3.rel1.win32_1.0.100.202403111256/tools/bin/../lib/gcc/arm-none-eabi/12.3.1/../../../../arm-none-eabi/lib/thumb/v6-m/nofp\libc_nano.a(libc_a-findfp.o) (_fwalk_sglue)
C:/ST/STM32CubeIDE_1.5.0/STM32CubeIDE/plugins/com.st.stm32cube.ide.mcu.externaltools.gnu-tools-for-stm32.12.3.rel1.win32_1.0.100.202403111256/tools/bin/../lib/gcc/arm-none-eabi/12.3.1/../../../../arm-none-eabi/lib/thumb/v6-m/nofp\libc_nano.a(libc_a-stdio.o)
                              C:/ST/STM32CubeIDE_1.5.0/STM32CubeIDE/plugins/com.st.stm32cube.ide.mcu.externaltools.gnu-tools-for-stm32.12.3.rel1.win32_1.0.100.202403111256/tools/bin/../lib/gcc/arm-none-eabi/12.3.1/../../../../arm-none-eabi/lib/thumb/v6-m/nofp\libc_nano.a(libc_a-findfp.o) (__sread)
C:/ST/STM32CubeIDE_1.5.0/STM32CubeIDE/plugins/com.st.stm32cube.ide.mcu.externaltools.gnu-tools-for-stm32.12.3.rel1.win32_1.0.100.202403111256/tools/bin/../lib/gcc/arm-none-eabi/12.3.1/../../../../arm-none-eabi/lib/thumb/v6-m/nofp\libc_nano.a(libc_a-memset.o)
                              C:/ST/STM32CubeIDE_1.5.0/STM32CubeIDE/plugins/com.st.stm32cube.ide.mcu.externaltools.gnu-tools-for-stm32.12.3.rel1.win32_1.0.100.202403111256/tools/bin/../lib/gcc/arm-none-eabi/12.3.1/../../../../arm-none-eabi/lib/thumb/v6-m/nofp/crt0.o (memset)
C:/ST/STM32CubeIDE_1.5.0/STM32CubeIDE/plugins/com.st.stm32cube.ide.mcu.externaltools.gnu-tools-for-stm32.12.3.rel1.win32_1.0.100.202403111256/tools/bin/../lib/gcc/arm-none-eabi/12.3.1/../../../../arm-none-eabi/lib/thumb/v6-m/nofp\libc_nano.a(libc_a-closer.o)
                              C:/ST/STM32CubeIDE_1.5.0/STM32CubeIDE/plugins/com.st.stm32cube.ide.mcu.externaltools.gnu-tools-for-stm32.12.3.rel1.win32_1.0.100.202403111256/tools/bin/../lib/gcc/arm-none-eabi/12.3.1/../../../../arm-none-eabi/lib/thumb/v6-m/nofp\libc_nano.a(libc_a-stdio.o) (_close_r)
C:/ST/STM32CubeIDE_1.5.0/STM32CubeIDE/plugins/com.st.stm32cube.ide.mcu.externaltools.gnu-tools-for-stm32.12.3.rel1.win32_1.0.100.202403111256/tools/bin/../lib/gcc/arm-none-eabi/12.3.1/../../../../arm-none-eabi/lib/thumb/v6-m/nofp\libc_nano.a(libc_a-reent.o)
                              C:/ST/STM32CubeIDE_1.5.0/STM32CubeIDE/plugins/com.st.stm32cube.ide.mcu.externaltools.gnu-tools-for-stm32.12.3.rel1.win32_1.0.100.202403111256/tools/bin/../lib/gcc/arm-none-eabi/12.3.1/../../../../arm-none-eabi/lib/thumb/v6-m/nofp\libc_nano.a(libc_a-closer.o) (errno)
C:/ST/STM32CubeIDE_1.5.0/STM32CubeIDE/plugins/com.st.stm32cube.ide.mcu.externaltools.gnu-tools-for-stm32.12.3.rel1.win32_1.0.100.202403111256/tools/bin/../lib/gcc/arm-none-eabi/12.3.1/../../../../arm-none-eabi/lib/thumb/v6-m/nofp\libc_nano.a(libc_a-impure.o)
                              C:/ST/STM32CubeIDE_1.5.0/STM32CubeIDE/plugins/com.st.stm32cube.ide.mcu.externaltools.gnu-tools-for-stm32.12.3.rel1.win32_1.0.100.202403111256/tools/bin/../lib/gcc/arm-none-eabi/12.3.1/../../../../arm-none-eabi/lib/thumb/v6-m/nofp\libc_nano.a(libc_a-reent.o) (_impure_ptr)
C:/ST/STM32CubeIDE_1.5.0/STM32CubeIDE/plugins/com.st.stm32cube.ide.mcu.externaltools.gnu-tools-for-stm32.12.3.rel1.win32_1.0.100.202403111256/tools/bin/../lib/gcc/arm-none-eabi/12.3.1/../../../../arm-none-eabi/lib/thumb/v6-m/nofp\libc_nano.a(libc_a-lseekr.o)
[...]
Memory Configuration

Name             Origin             Length             Attributes
RAM              0x20000000         0x00008000         xrw
FLASH            0x08000000         0x00040000         xr
*default*        0x00000000         0xffffffff

Linker script and memory map

LOAD C:/ST/STM32CubeIDE_1.5.0/STM32CubeIDE/plugins/com.st.stm32cube.ide.mcu.externaltools.gnu-tools-for-stm32.12.3.rel1.win32_1.0.100.202403111256/tools/bin/../lib/gcc/arm-none-eabi/12.3.1/thumb/v6-m/nofp/crti.o
LOAD C:/ST/STM32CubeIDE_1.5.0/STM32CubeIDE/plugins/com.st.stm32cube.ide.mcu.externaltools.gnu-tools-for-stm32.12.3.rel1.win32_1.0.100.202403111256/tools/bin/../lib/gcc/arm-none-eabi/12.3.1/thumb/v6-m/nofp/crtbegin.o
LOAD C:/ST/STM32CubeIDE_1.5.0/STM32CubeIDE/plugins/com.st.stm32cube.ide.mcu.externaltools.gnu-tools-for-stm32.12.3.rel1.win32_1.0.100.202403111256/tools/bin/../lib/gcc/arm-none-eabi/12.3.1/../../../../arm-none-eabi/lib/thumb/v6-m/nofp/crt0.o
LOAD ./Core/Src/AB1805_RK.o
LOAD ./Core/Src/adc.o
LOAD ./Core/Src/adc_if.o
LOAD ./Core/Src/gpio.o
LOAD ./Core/Src/i2c.o
LOAD ./Core/Src/main.o
LOAD ./Core/Src/moving_average.o
LOAD ./Core/Src/printf.o
LOAD ./Core/Src/rtc.o
LOAD ./Core/Src/spi.o
LOAD ./Core/Src/stm32u0xx_hal_msp.o
LOAD ./Core/Src/stm32u0xx_it.o
LOAD ./Core/Src/syscalls.o
LOAD ./Core/Src/sysmem.o
LOAD ./Core/Src/system_stm32u0xx.o
LOAD ./Core/Src/usart.o
LOAD ./Core/Startup/startup_stm32u073cctx.o
LOAD ./Drivers/STM32U0xx_HAL_Driver/Src/stm32u0xx_hal.o
LOAD ./Drivers/STM32U0xx_HAL_Driver/Src/stm32u0xx_hal_adc.o
LOAD ./Drivers/STM32U0xx_HAL_Driver/Src/stm32u0xx_hal_adc_ex.o
LOAD ./Drivers/STM32U0xx_HAL_Driver/Src/stm32u0xx_hal_cortex.o
LOAD ./Drivers/STM32U0xx_HAL_Driver/Src/stm32u0xx_hal_dma.o
LOAD ./Drivers/STM32U0xx_HAL_Driver/Src/stm32u0xx_hal_dma_ex.o
LOAD ./Drivers/STM32U0xx_HAL_Driver/Src/stm32u0xx_hal_exti.o
LOAD ./Drivers/STM32U0xx_HAL_Driver/Src/stm32u0xx_hal_flash.o
LOAD ./Drivers/STM32U0xx_HAL_Driver/Src/stm32u0xx_hal_flash_ex.o
LOAD ./Drivers/STM32U0xx_HAL_Driver/Src/stm32u0xx_hal_gpio.o
LOAD ./Drivers/STM32U0xx_HAL_Driver/Src/stm32u0xx_hal_i2c.o
LOAD ./Drivers/STM32U0xx_HAL_Driver/Src/stm32u0xx_hal_i2c_ex.o
LOAD ./Drivers/STM32U0xx_HAL_Driver/Src/stm32u0xx_hal_pwr.o
LOAD ./Drivers/STM32U0xx_HAL_Driver/Src/stm32u0xx_hal_pwr_ex.o
LOAD ./Drivers/STM32U0xx_HAL_Driver/Src/stm32u0xx_hal_rcc.o
LOAD ./Drivers/STM32U0xx_HAL_Driver/Src/stm32u0xx_hal_rcc_ex.o
LOAD ./Drivers/STM32U0xx_HAL_Driver/Src/stm32u0xx_hal_rtc.o
LOAD ./Drivers/STM32U0xx_HAL_Driver/Src/stm32u0xx_hal_rtc_ex.o
LOAD ./Drivers/STM32U0xx_HAL_Driver/Src/stm32u0xx_hal_spi.o
LOAD ./Drivers/STM32U0xx_HAL_Driver/Src/stm32u0xx_hal_spi_ex.o
LOAD ./Drivers/STM32U0xx_HAL_Driver/Src/stm32u0xx_hal_tim.o
LOAD ./Drivers/STM32U0xx_HAL_Driver/Src/stm32u0xx_hal_tim_ex.o
LOAD ./Drivers/STM32U0xx_HAL_Driver/Src/stm32u0xx_hal_uart.o
LOAD ./Drivers/STM32U0xx_HAL_Driver/Src/stm32u0xx_hal_uart_ex.o
LOAD ./Drivers/STM32U0xx_HAL_Driver/Src/stm32u0xx_ll_adc.o
LOAD ./Drivers/STM32U0xx_HAL_Driver/Src/stm32u0xx_ll_i2c.o
LOAD ./Drivers/STM32U0xx_HAL_Driver/Src/stm32u0xx_ll_spi.o
START GROUP
LOAD C:/ST/STM32CubeIDE_1.5.0/STM32CubeIDE/plugins/com.st.stm32cube.ide.mcu.externaltools.gnu-tools-for-stm32.12.3.rel1.win32_1.0.100.202403111256/tools/bin/../lib/gcc/arm-none-eabi/12.3.1/../../../../arm-none-eabi/lib/thumb/v6-m/nofp\libc_nano.a
LOAD C:/ST/STM32CubeIDE_1.5.0/STM32CubeIDE/plugins/com.st.stm32cube.ide.mcu.externaltools.gnu-tools-for-stm32.12.3.rel1.win32_1.0.100.202403111256/tools/bin/../lib/gcc/arm-none-eabi/12.3.1/../../../../arm-none-eabi/lib/thumb/v6-m/nofp\libm.a
END GROUP
START GROUP
LOAD C:/ST/STM32CubeIDE_1.5.0/STM32CubeIDE/plugins/com.st.stm32cube.ide.mcu.externaltools.gnu-tools-for-stm32.12.3.rel1.win32_1.0.100.202403111256/tools/bin/../lib/gcc/arm-none-eabi/12.3.1/thumb/v6-m/nofp\libgcc.a
LOAD C:/ST/STM32CubeIDE_1.5.0/STM32CubeIDE/plugins/com.st.stm32cube.ide.mcu.externaltools.gnu-tools-for-stm32.12.3.rel1.win32_1.0.100.202403111256/tools/bin/../lib/gcc/arm-none-eabi/12.3.1/../../../../arm-none-eabi/lib/thumb/v6-m/nofp\libc_nano.a
END GROUP
START GROUP
LOAD C:/ST/STM32CubeIDE_1.5.0/STM32CubeIDE/plugins/com.st.stm32cube.ide.mcu.externaltools.gnu-tools-for-stm32.12.3.rel1.win32_1.0.100.202403111256/tools/bin/../lib/gcc/arm-none-eabi/12.3.1/thumb/v6-m/nofp\libgcc.a
LOAD C:/ST/STM32CubeIDE_1.5.0/STM32CubeIDE/plugins/com.st.stm32cube.ide.mcu.externaltools.gnu-tools-for-stm32.12.3.rel1.win32_1.0.100.202403111256/tools/bin/../lib/gcc/arm-none-eabi/12.3.1/../../../../arm-none-eabi/lib/thumb/v6-m/nofp\libc_nano.a
LOAD C:/ST/STM32CubeIDE_1.5.0/STM32CubeIDE/plugins/com.st.stm32cube.ide.mcu.externaltools.gnu-tools-for-stm32.12.3.rel1.win32_1.0.100.202403111256/tools/bin/../lib/gcc/arm-none-eabi/12.3.1/../../../../arm-none-eabi/lib/thumb/v6-m/nofp\libnosys.a
END GROUP
START GROUP
LOAD C:/ST/STM32CubeIDE_1.5.0/STM32CubeIDE/plugins/com.st.stm32cube.ide.mcu.externaltools.gnu-tools-for-stm32.12.3.rel1.win32_1.0.100.202403111256/tools/bin/../lib/gcc/arm-none-eabi/12.3.1/thumb/v6-m/nofp\libgcc.a
LOAD C:/ST/STM32CubeIDE_1.5.0/STM32CubeIDE/plugins/com.st.stm32cube.ide.mcu.externaltools.gnu-tools-for-stm32.12.3.rel1.win32_1.0.100.202403111256/tools/bin/../lib/gcc/arm-none-eabi/12.3.1/../../../../arm-none-eabi/lib/thumb/v6-m/nofp\libc_nano.a
LOAD C:/ST/STM32CubeIDE_1.5.0/STM32CubeIDE/plugins/com.st.stm32cube.ide.mcu.externaltools.gnu-tools-for-stm32.12.3.rel1.win32_1.0.100.202403111256/tools/bin/../lib/gcc/arm-none-eabi/12.3.1/../../../../arm-none-eabi/lib/thumb/v6-m/nofp\libnosys.a
END GROUP
LOAD C:/ST/STM32CubeIDE_1.5.0/STM32CubeIDE/plugins/com.st.stm32cube.ide.mcu.externaltools.gnu-tools-for-stm32.12.3.rel1.win32_1.0.100.202403111256/tools/bin/../lib/gcc/arm-none-eabi/12.3.1/thumb/v6-m/nofp/crtend.o
LOAD C:/ST/STM32CubeIDE_1.5.0/STM32CubeIDE/plugins/com.st.stm32cube.ide.mcu.externaltools.gnu-tools-for-stm32.12.3.rel1.win32_1.0.100.202403111256/tools/bin/../lib/gcc/arm-none-eabi/12.3.1/thumb/v6-m/nofp/crtn.o
                0x20008000                        _estack = (ORIGIN (RAM) + LENGTH (RAM))
                0x00000200                        _Min_Heap_Size = 0x200
                0x00000400                        _Min_Stack_Size = 0x400

.isr_vector     0x08000000       0xc0
                0x08000000                        . = ALIGN (0x4)
 *(.isr_vector)
 .isr_vector    0x08000000       0xc0 ./Core/Startup/startup_stm32u073cctx.o
                0x08000000                g_pfnVectors
                0x080000c0                        . = ALIGN (0x4)

.text           0x080000c0     0x8ef4
                0x080000c0                        . = ALIGN (0x4)
 *(.text)
 .text          0x080000c0       0x48 C:/ST/STM32CubeIDE_1.5.0/STM32CubeIDE/plugins/com.st.stm32cube.ide.mcu.externaltools.gnu-tools-for-stm32.12.3.rel1.win32_1.0.100.202403111256/tools/bin/../lib/gcc/arm-none-eabi/12.3.1/thumb/v6-m/nofp/crtbegin.o
 .text          0x08000108      0x114 C:/ST/STM32CubeIDE_1.5.0/STM32CubeIDE/plugins/com.st.stm32cube.ide.mcu.externaltools.gnu-tools-for-stm32.12.3.rel1.win32_1.0.100.202403111256/tools/bin/../lib/gcc/arm-none-eabi/12.3.1/thumb/v6-m/nofp\libgcc.a(_udivsi3.o)
                0x08000108                __aeabi_uidiv
                0x08000108                __udivsi3
                0x08000214                __aeabi_uidivmod
 .text          0x0800021c      0x1d4 C:/ST/STM32CubeIDE_1.5.0/STM32CubeIDE/plugins/com.st.stm32cube.ide.mcu.externaltools.gnu-tools-for-stm32.12.3.rel1.win32_1.0.100.202403111256/tools/bin/../lib/gcc/arm-none-eabi/12.3.1/thumb/v6-m/nofp\libgcc.a(_divsi3.o)
                0x0800021c                __divsi3
                0x0800021c                __aeabi_idiv
                0x080003e8                __aeabi_idivmod
 .text          0x080003f0        0x4 C:/ST/STM32CubeIDE_1.5.0/STM32CubeIDE/plugins/com.st.stm32cube.ide.mcu.externaltools.gnu-tools-for-stm32.12.3.rel1.win32_1.0.100.202403111256/tools/bin/../lib/gcc/arm-none-eabi/12.3.1/thumb/v6-m/nofp\libgcc.a(_dvmd_tls.o)
                0x080003f0                __aeabi_idiv0
                0x080003f0                __aeabi_ldiv0
 .text          0x080003f4       0x7c C:/ST/STM32CubeIDE_1.5.0/STM32CubeIDE/plugins/com.st.stm32cube.ide.mcu.externaltools.gnu-tools-for-stm32.12.3.rel1.win32_1.0.100.202403111256/tools/bin/../lib/gcc/arm-none-eabi/12.3.1/thumb/v6-m/nofp\libgcc.a(_arm_cmpdf2.o)
                0x080003f4                __aeabi_cdrcmple
                0x08000404                __aeabi_cdcmple
                0x08000404                __aeabi_cdcmpeq
                0x08000414                __aeabi_dcmpeq
                0x08000420                __aeabi_dcmplt
                0x08000434                __aeabi_dcmple
                0x08000448                __aeabi_dcmpgt
                0x0800045c                __aeabi_dcmpge
 .text          0x08000470       0x3c C:/ST/STM32CubeIDE_1.5.0/STM32CubeIDE/plugins/com.st.stm32cube.ide.mcu.externaltools.gnu-tools-for-stm32.12.3.rel1.win32_1.0.100.202403111256/tools/bin/../lib/gcc/arm-none-eabi/12.3.1/thumb/v6-m/nofp\libgcc.a(_clzsi2.o)
                0x08000470                __clzsi2
 .text          0x080004ac       0x40 C:/ST/STM32CubeIDE_1.5.0/STM32CubeIDE/plugins/com.st.stm32cube.ide.mcu.externaltools.gnu-tools-for-stm32.12.3.rel1.win32_1.0.100.202403111256/tools/bin/../lib/gcc/arm-none-eabi/12.3.1/thumb/v6-m/nofp\libgcc.a(_aeabi_uldivmod.o)
                0x080004ac                __aeabi_uldivmod
 .text          0x080004ec       0x3c C:/ST/STM32CubeIDE_1.5.0/STM32CubeIDE/plugins/com.st.stm32cube.ide.mcu.externaltools.gnu-tools-for-stm32.12.3.rel1.win32_1.0.100.202403111256/tools/bin/../lib/gcc/arm-none-eabi/12.3.1/thumb/v6-m/nofp\libgcc.a(_fixunsdfsi.o)
                0x080004ec                __aeabi_d2uiz
                0x080004ec                __fixunsdfsi
 .text          0x08000528      0x198 C:/ST/STM32CubeIDE_1.5.0/STM32CubeIDE/plugins/com.st.stm32cube.ide.mcu.externaltools.gnu-tools-for-stm32.12.3.rel1.win32_1.0.100.202403111256/tools/bin/../lib/gcc/arm-none-eabi/12.3.1/thumb/v6-m/nofp\libgcc.a(_udivmoddi4.o)
                0x08000528                __udivmoddi4
 .text          0x080006c0      0x6c8 C:/ST/STM32CubeIDE_1.5.0/STM32CubeIDE/plugins/com.st.stm32cube.ide.mcu.externaltools.gnu-tools-for-stm32.12.3.rel1.win32_1.0.100.202403111256/tools/bin/../lib/gcc/arm-none-eabi/12.3.1/thumb/v6-m/nofp\libgcc.a(adddf3.o)
                0x080006c0                __aeabi_dadd
 .text          0x08000d88      0x634 C:/ST/STM32CubeIDE_1.5.0/STM32CubeIDE/plugins/com.st.stm32cube.ide.mcu.externaltools.gnu-tools-for-stm32.12.3.rel1.win32_1.0.100.202403111256/tools/bin/../lib/gcc/arm-none-eabi/12.3.1/thumb/v6-m/nofp\libgcc.a(divdf3.o)
                0x08000d88                __aeabi_ddiv
 .text          0x080013bc       0x88 C:/ST/STM32CubeIDE_1.5.0/STM32CubeIDE/plugins/com.st.stm32cube.ide.mcu.externaltools.gnu-tools-for-stm32.12.3.rel1.win32_1.0.100.202403111256/tools/bin/../lib/gcc/arm-none-eabi/12.3.1/thumb/v6-m/nofp\libgcc.a(eqdf2.o)
                0x080013bc                __nedf2
                0x080013bc                __eqdf2
 .text          0x08001444       0xe8 C:/ST/STM32CubeIDE_1.5.0/STM32CubeIDE/plugins/com.st.stm32cube.ide.mcu.externaltools.gnu-tools-for-stm32.12.3.rel1.win32_1.0.100.202403111256/tools/bin/../lib/gcc/arm-none-eabi/12.3.1/thumb/v6-m/nofp\libgcc.a(gedf2.o)
                0x08001444                __gedf2
                0x08001444                __gtdf2
 .text          0x0800152c       0xe4 C:/ST/STM32CubeIDE_1.5.0/STM32CubeIDE/plugins/com.st.stm32cube.ide.mcu.externaltools.gnu-tools-for-stm32.12.3.rel1.win32_1.0.100.202403111256/tools/bin/../lib/gcc/arm-none-eabi/12.3.1/thumb/v6-m/nofp\libgcc.a(ledf2.o)
                0x0800152c                __ledf2
                0x0800152c                __ltdf2
 .text          0x08001610      0x590 C:/ST/STM32CubeIDE_1.5.0/STM32CubeIDE/plugins/com.st.stm32cube.ide.mcu.externaltools.gnu-tools-for-stm32.12.3.rel1.win32_1.0.100.202403111256/tools/bin/../lib/gcc/arm-none-eabi/12.3.1/thumb/v6-m/nofp\libgcc.a(muldf3.o)
                0x08001610                __aeabi_dmul
 .text          0x08001ba0      0x738 C:/ST/STM32CubeIDE_1.5.0/STM32CubeIDE/plugins/com.st.stm32cube.ide.mcu.externaltools.gnu-tools-for-stm32.12.3.rel1.win32_1.0.100.202403111256/tools/bin/../lib/gcc/arm-none-eabi/12.3.1/thumb/v6-m/nofp\libgcc.a(subdf3.o)
                0x08001ba0                __aeabi_dsub
 .text          0x080022d8       0x78 C:/ST/STM32CubeIDE_1.5.0/STM32CubeIDE/plugins/com.st.stm32cube.ide.mcu.externaltools.gnu-tools-for-stm32.12.3.rel1.win32_1.0.100.202403111256/tools/bin/../lib/gcc/arm-none-eabi/12.3.1/thumb/v6-m/nofp\libgcc.a(fixdfsi.o)
                0x080022d8                __aeabi_d2iz
 .text          0x08002350       0x5c C:/ST/STM32CubeIDE_1.5.0/STM32CubeIDE/plugins/com.st.stm32cube.ide.mcu.externaltools.gnu-tools-for-stm32.12.3.rel1.win32_1.0.100.202403111256/tools/bin/../lib/gcc/arm-none-eabi/12.3.1/thumb/v6-m/nofp\libgcc.a(floatsidf.o)
                0x08002350                __aeabi_i2d
 .text          0x080023ac       0x48 C:/ST/STM32CubeIDE_1.5.0/STM32CubeIDE/plugins/com.st.stm32cube.ide.mcu.externaltools.gnu-tools-for-stm32.12.3.rel1.win32_1.0.100.202403111256/tools/bin/../lib/gcc/arm-none-eabi/12.3.1/thumb/v6-m/nofp\libgcc.a(floatunsidf.o)
                0x080023ac                __aeabi_ui2d
 .text          0x080023f4       0x18 C:/ST/STM32CubeIDE_1.5.0/STM32CubeIDE/plugins/com.st.stm32cube.ide.mcu.externaltools.gnu-tools-for-stm32.12.3.rel1.win32_1.0.100.202403111256/tools/bin/../lib/gcc/arm-none-eabi/12.3.1/thumb/v6-m/nofp\libgcc.a(_clzdi2.o)
                0x080023f4                __clzdi2
 *(.text*)
 .text.LL_SPI_IsActiveFlag_RXNE
                0x0800240c       0x22 ./Core/Src/AB1805_RK.o
 .text.LL_SPI_IsActiveFlag_TXE
                0x0800242e       0x22 ./Core/Src/AB1805_RK.o
 .text.LL_SPI_ReceiveData8
                0x08002450       0x18 ./Core/Src/AB1805_RK.o
 .text.LL_SPI_TransmitData8
                0x08002468       0x24 ./Core/Src/AB1805_RK.o
 .text.spi_select_slave
                0x0800248c       0x34 ./Core/Src/AB1805_RK.o
 .text.detectChip
                0x080024c0       0xdc ./Core/Src/AB1805_RK.o
                0x080024c0                detectChip
 .text.resetConfig
                0x0800259c      0x10c ./Core/Src/AB1805_RK.o
                0x0800259c                resetConfig
 .text.setWDT   0x080026a8       0xfc ./Core/Src/AB1805_RK.o
                0x080026a8                setWDT
 .text.deepPowerDown
                0x080027a4      0x218 ./Core/Src/AB1805_RK.o
                0x080027a4                deepPowerDown
 .text.setCountdownTimer
                0x080029bc      0x158 ./Core/Src/AB1805_RK.o
                0x080029bc                setCountdownTimer
 .text.maskRegister
                0x08002b14       0x80 ./Core/Src/AB1805_RK.o
                0x08002b14                maskRegister
 .text.setRegisterBit
                0x08002b94       0x3c ./Core/Src/AB1805_RK.o
                0x08002b94                setRegisterBit
 .text.SPI1_SendByte
                0x08002bd0       0xa4 ./Core/Src/AB1805_RK.o
 .text.read_rtc_register
                0x08002c74       0x64 ./Core/Src/AB1805_RK.o
 .text.write_rtc_register
                0x08002cd8       0x78 ./Core/Src/AB1805_RK.o
 .text.hex_dump
                0x08002d50       0xd4 ./Core/Src/AB1805_RK.o
                0x08002d50                hex_dump
 .text.utils_enter_critical_section
                0x08002e24       0x1e ./Core/Src/AB1805_RK.o
 .text.utils_exit_critical_section
                0x08002e42       0x1c ./Core/Src/AB1805_RK.o
 *fill*         0x08002e5e        0x2 
 .text.MX_ADC1_Init
                0x08002e60       0xec ./Core/Src/adc.o
                0x08002e60                MX_ADC1_Init
 .text.HAL_ADC_MspInit
                0x08002f4c       0x6c ./Core/Src/adc.o
                0x08002f4c                HAL_ADC_MspInit
 .text.MX_GPIO_Init
                0x08002fb8      0x214 ./Core/Src/gpio.o
                0x08002fb8                MX_GPIO_Init
 .text.MX_I2C1_Init
                0x080031cc       0x80 ./Core/Src/i2c.o
                0x080031cc                MX_I2C1_Init
 .text.HAL_I2C_MspInit
                0x0800324c       0xc4 ./Core/Src/i2c.o
                0x0800324c                HAL_I2C_MspInit
 .text.__NVIC_SystemReset
                0x08003310       0x24 ./Core/Src/main.o
 .text.LL_PWR_ClearFlag_CSB
                0x08003334       0x18 ./Core/Src/main.o
 .text.LL_SPI_Enable
                0x0800334c       0x1c ./Core/Src/main.o
 .text.main     0x08003368       0x98 ./Core/Src/main.o
                0x08003368                main
 .text.SystemClock_Config
                0x08003400       0x90 ./Core/Src/main.o
                0x08003400                SystemClock_Config
 .text.print_error
                0x08003490       0x30 ./Core/Src/main.o
                0x08003490                print_error
 .text.timeout_reset
                0x080034c0       0x16 ./Core/Src/main.o
                0x080034c0                timeout_reset
 .text.Error_Handler
                0x080034d6        0xc ./Core/Src/main.o
                0x080034d6                Error_Handler
 .text._out_null
                0x080034e2       0x1c ./Core/Src/printf.o
 .text._out_char
                0x080034fe       0x30 ./Core/Src/printf.o
 .text._strnlen_s
                0x0800352e       0x36 ./Core/Src/printf.o
 .text._is_digit
                0x08003564       0x32 ./Core/Src/printf.o
 .text._atoi    0x08003596       0x46 ./Core/Src/printf.o
 .text._out_rev
                0x080035dc       0x9a ./Core/Src/printf.o
 .text._ntoa_format
                0x08003676      0x1ac ./Core/Src/printf.o
 .text._ntoa_long
                0x08003822       0xd2 ./Core/Src/printf.o
 .text._ntoa_long_long
                0x080038f4       0xe6 ./Core/Src/printf.o
 *fill*         0x080039da        0x2 
 .text._ftoa    0x080039dc      0x47c ./Core/Src/printf.o
 .text._etoa    0x08003e58      0x578 ./Core/Src/printf.o
 .text._vsnprintf
                0x080043d0      0x8f8 ./Core/Src/printf.o
 .text.printf_  0x08004cc8       0x3c ./Core/Src/printf.o
                0x08004cc8                printf_
 .text._putchar
                0x08004d04       0x2c ./Core/Src/printf.o
                0x08004d04                _putchar
 .text.MX_RTC_Init
                0x08004d30       0x74 ./Core/Src/rtc.o
                0x08004d30                MX_RTC_Init
 .text.HAL_RTC_MspInit
                0x08004da4       0x80 ./Core/Src/rtc.o
                0x08004da4                HAL_RTC_MspInit
 .text.MX_SPI1_Init
                0x08004e24       0x7c ./Core/Src/spi.o
                0x08004e24                MX_SPI1_Init
 .text.HAL_SPI_MspInit
                0x08004ea0       0x94 ./Core/Src/spi.o
                0x08004ea0                HAL_SPI_MspInit
 .text.HAL_MspInit
                0x08004f34       0x48 ./Core/Src/stm32u0xx_hal_msp.o
                0x08004f34                HAL_MspInit
 .text.NMI_Handler
                0x08004f7c        0x8 ./Core/Src/stm32u0xx_it.o
                0x08004f7c                NMI_Handler
 .text.HardFault_Handler
                0x08004f84        0x8 ./Core/Src/stm32u0xx_it.o
                0x08004f84                HardFault_Handler
 .text.SVC_Handler
                0x08004f8c        0xa ./Core/Src/stm32u0xx_it.o
                0x08004f8c                SVC_Handler
 .text.PendSV_Handler
                0x08004f96        0xa ./Core/Src/stm32u0xx_it.o
                0x08004f96                PendSV_Handler
 .text.SysTick_Handler
                0x08004fa0        0xe ./Core/Src/stm32u0xx_it.o
                0x08004fa0                SysTick_Handler
 *fill*         0x08004fae        0x2 
 .text.SystemInit
                0x08004fb0       0x54 ./Core/Src/system_stm32u0xx.o
                0x08004fb0                SystemInit
 .text.MX_USART2_UART_Init
                0x08005004       0x9c ./Core/Src/usart.o
                0x08005004                MX_USART2_UART_Init
 .text.HAL_UART_MspInit
                0x080050a0       0xc0 ./Core/Src/usart.o
                0x080050a0                HAL_UART_MspInit
 .text.Reset_Handler
                0x08005160       0x50 ./Core/Startup/startup_stm32u073cctx.o
                0x08005160                Reset_Handler
 .text.Default_Handler
                0x080051b0        0x2 ./Core/Startup/startup_stm32u073cctx.o
                0x080051b0                WWDG_IWDG_IRQHandler
                0x080051b0                DMA1_Ch4_7_DMA2_Ch1_5_DMAMUX_OVR_IRQHandler
                0x080051b0                TIM1_CC_IRQHandler
                0x080051b0                TSC_IRQHandler
                0x080051b0                USB_DRD_FS_IRQHandler
                0x080051b0                I2C1_IRQHandler
                0x080051b0                TIM7_LPTIM2_IRQHandler
                0x080051b0                RCC_CRS_IRQHandler
                0x080051b0                RTC_TAMP_IRQHandler
                0x080051b0                I2C2_3_4_IRQHandler
                0x080051b0                SPI1_IRQHandler
                0x080051b0                EXTI2_3_IRQHandler
                0x080051b0                USART2_LPUART2_IRQHandler
                0x080051b0                LCD_IRQHandler
                0x080051b0                TIM16_IRQHandler
                0x080051b0                TIM3_IRQHandler
                0x080051b0                EXTI4_15_IRQHandler
                0x080051b0                DMA1_Channel1_IRQHandler
                0x080051b0                Default_Handler
                0x080051b0                TIM15_LPTIM3_IRQHandler
                0x080051b0                EXTI0_1_IRQHandler
                0x080051b0                SPI2_3_IRQHandler
                0x080051b0                ADC_COMP1_2_IRQHandler
                0x080051b0                PVD_PVM_IRQHandler
                0x080051b0                TIM6_DAC_LPTIM1_IRQHandler
                0x080051b0                TIM2_IRQHandler
                0x080051b0                DMA1_Channel2_3_IRQHandler
                0x080051b0                USART4_LPUART3_IRQHandler
                0x080051b0                FLASH_ECC_IRQHandler
                0x080051b0                USART3_LPUART1_IRQHandler
                0x080051b0                USART1_IRQHandler
                0x080051b0                TIM1_BRK_UP_TRG_COM_IRQHandler
                0x080051b0                RNG_CRYP_IRQHandler
 .text.HAL_Init
                0x080051b2       0x2e ./Drivers/STM32U0xx_HAL_Driver/Src/stm32u0xx_hal.o
                0x080051b2                HAL_Init
 .text.HAL_InitTick
                0x080051e0       0x94 ./Drivers/STM32U0xx_HAL_Driver/Src/stm32u0xx_hal.o
                0x080051e0                HAL_InitTick
 .text.HAL_IncTick
                0x08005274       0x20 ./Drivers/STM32U0xx_HAL_Driver/Src/stm32u0xx_hal.o
                0x08005274                HAL_IncTick
 .text.HAL_GetTick
                0x08005294       0x14 ./Drivers/STM32U0xx_HAL_Driver/Src/stm32u0xx_hal.o
                0x08005294                HAL_GetTick
 .text.HAL_Delay
                0x080052a8       0x44 ./Drivers/STM32U0xx_HAL_Driver/Src/stm32u0xx_hal.o
                0x080052a8                HAL_Delay
 .text.LL_ADC_SetCommonPathInternalCh
                0x080052ec       0x28 ./Drivers/STM32U0xx_HAL_Driver/Src/stm32u0xx_hal_adc.o
 .text.LL_ADC_GetCommonPathInternalCh
                0x08005314       0x1a ./Drivers/STM32U0xx_HAL_Driver/Src/stm32u0xx_hal_adc.o
 .text.LL_ADC_SetSamplingTimeCommonChannels
                0x0800532e       0x3a ./Drivers/STM32U0xx_HAL_Driver/Src/stm32u0xx_hal_adc.o
 .text.LL_ADC_GetSamplingTimeCommonChannels
                0x08005368       0x2e ./Drivers/STM32U0xx_HAL_Driver/Src/stm32u0xx_hal_adc.o
 .text.LL_ADC_REG_SetSequencerRanks
                0x08005396       0x40 ./Drivers/STM32U0xx_HAL_Driver/Src/stm32u0xx_hal_adc.o
 .text.LL_ADC_REG_SetSequencerChAdd
                0x080053d6       0x22 ./Drivers/STM32U0xx_HAL_Driver/Src/stm32u0xx_hal_adc.o
 .text.LL_ADC_REG_SetSequencerChRem
                0x080053f8       0x24 ./Drivers/STM32U0xx_HAL_Driver/Src/stm32u0xx_hal_adc.o
 .text.LL_ADC_SetChannelSamplingTime
                0x0800541c       0x38 ./Drivers/STM32U0xx_HAL_Driver/Src/stm32u0xx_hal_adc.o
 .text.LL_ADC_EnableInternalRegulator
                0x08005454       0x28 ./Drivers/STM32U0xx_HAL_Driver/Src/stm32u0xx_hal_adc.o
 .text.LL_ADC_IsInternalRegulatorEnabled
                0x0800547c       0x28 ./Drivers/STM32U0xx_HAL_Driver/Src/stm32u0xx_hal_adc.o
 .text.LL_ADC_IsEnabled
                0x080054a4       0x22 ./Drivers/STM32U0xx_HAL_Driver/Src/stm32u0xx_hal_adc.o
 .text.LL_ADC_REG_IsConversionOngoing
                0x080054c6       0x22 ./Drivers/STM32U0xx_HAL_Driver/Src/stm32u0xx_hal_adc.o
 .text.HAL_ADC_Init
                0x080054e8      0x350 ./Drivers/STM32U0xx_HAL_Driver/Src/stm32u0xx_hal_adc.o
                0x080054e8                HAL_ADC_Init
 .text.HAL_ADC_ConfigChannel
                0x08005838      0x2d8 ./Drivers/STM32U0xx_HAL_Driver/Src/stm32u0xx_hal_adc.o
                0x08005838                HAL_ADC_ConfigChannel
 .text.__NVIC_SetPriority
                0x08005b10       0xdc ./Drivers/STM32U0xx_HAL_Driver/Src/stm32u0xx_hal_cortex.o
 .text.SysTick_Config
                0x08005bec       0x48 ./Drivers/STM32U0xx_HAL_Driver/Src/stm32u0xx_hal_cortex.o
 .text.HAL_NVIC_SetPriority
                0x08005c34       0x2a ./Drivers/STM32U0xx_HAL_Driver/Src/stm32u0xx_hal_cortex.o
                0x08005c34                HAL_NVIC_SetPriority
 .text.HAL_SYSTICK_Config
                0x08005c5e       0x1a ./Drivers/STM32U0xx_HAL_Driver/Src/stm32u0xx_hal_cortex.o
                0x08005c5e                HAL_SYSTICK_Config
 .text.HAL_GPIO_Init
                0x08005c78      0x2e8 ./Drivers/STM32U0xx_HAL_Driver/Src/stm32u0xx_hal_gpio.o
                0x08005c78                HAL_GPIO_Init
 .text.HAL_GPIO_ReadPin
                0x08005f60       0x3a ./Drivers/STM32U0xx_HAL_Driver/Src/stm32u0xx_hal_gpio.o
                0x08005f60                HAL_GPIO_ReadPin
 .text.HAL_GPIO_WritePin
                0x08005f9a       0x3a ./Drivers/STM32U0xx_HAL_Driver/Src/stm32u0xx_hal_gpio.o
                0x08005f9a                HAL_GPIO_WritePin
 .text.HAL_I2C_Init
                0x08005fd4      0x14c ./Drivers/STM32U0xx_HAL_Driver/Src/stm32u0xx_hal_i2c.o
                0x08005fd4                HAL_I2C_Init
 .text.HAL_I2CEx_ConfigAnalogFilter
                0x08006120       0x98 ./Drivers/STM32U0xx_HAL_Driver/Src/stm32u0xx_hal_i2c_ex.o
                0x08006120                HAL_I2CEx_ConfigAnalogFilter
 .text.HAL_I2CEx_ConfigDigitalFilter
                0x080061b8       0x98 ./Drivers/STM32U0xx_HAL_Driver/Src/stm32u0xx_hal_i2c_ex.o
                0x080061b8                HAL_I2CEx_ConfigDigitalFilter
 .text.HAL_PWREx_ControlVoltageScaling
                0x08006250       0xc0 ./Drivers/STM32U0xx_HAL_Driver/Src/stm32u0xx_hal_pwr_ex.o
                0x08006250                HAL_PWREx_ControlVoltageScaling
 .text.HAL_PWREx_GetVoltageRange
                0x08006310       0x18 ./Drivers/STM32U0xx_HAL_Driver/Src/stm32u0xx_hal_pwr_ex.o
                0x08006310                HAL_PWREx_GetVoltageRange
 .text.HAL_RCC_OscConfig
                0x08006328      0x854 ./Drivers/STM32U0xx_HAL_Driver/Src/stm32u0xx_hal_rcc.o
                0x08006328                HAL_RCC_OscConfig
 .text.HAL_RCC_ClockConfig
                0x08006b7c      0x1d8 ./Drivers/STM32U0xx_HAL_Driver/Src/stm32u0xx_hal_rcc.o
                0x08006b7c                HAL_RCC_ClockConfig
 .text.HAL_RCC_GetSysClockFreq
                0x08006d54      0x138 ./Drivers/STM32U0xx_HAL_Driver/Src/stm32u0xx_hal_rcc.o
                0x08006d54                HAL_RCC_GetSysClockFreq
 .text.HAL_RCC_GetHCLKFreq
                0x08006e8c       0x14 ./Drivers/STM32U0xx_HAL_Driver/Src/stm32u0xx_hal_rcc.o
                0x08006e8c                HAL_RCC_GetHCLKFreq
 .text.HAL_RCC_GetPCLK1Freq
                0x08006ea0       0x30 ./Drivers/STM32U0xx_HAL_Driver/Src/stm32u0xx_hal_rcc.o
                0x08006ea0                HAL_RCC_GetPCLK1Freq
 .text.RCC_SetFlashLatencyFromMSIRange
                0x08006ed0       0xd8 ./Drivers/STM32U0xx_HAL_Driver/Src/stm32u0xx_hal_rcc.o
 .text.HAL_RCCEx_PeriphCLKConfig
                0x08006fa8      0x44c ./Drivers/STM32U0xx_HAL_Driver/Src/stm32u0xx_hal_rcc_ex.o
                0x08006fa8                HAL_RCCEx_PeriphCLKConfig
 .text.HAL_RCCEx_GetPeriphCLKFreq
                0x080073f4      0xa98 ./Drivers/STM32U0xx_HAL_Driver/Src/stm32u0xx_hal_rcc_ex.o
                0x080073f4                HAL_RCCEx_GetPeriphCLKFreq
 .text.HAL_RCCEx_GetPLLClockFreq
                0x08007e8c      0x17c ./Drivers/STM32U0xx_HAL_Driver/Src/stm32u0xx_hal_rcc_ex.o
                0x08007e8c                HAL_RCCEx_GetPLLClockFreq
 .text.HAL_RTC_Init
                0x08008008      0x14c ./Drivers/STM32U0xx_HAL_Driver/Src/stm32u0xx_hal_rtc.o
                0x08008008                HAL_RTC_Init
 .text.HAL_RTC_WaitForSynchro
                0x08008154       0x4c ./Drivers/STM32U0xx_HAL_Driver/Src/stm32u0xx_hal_rtc.o
                0x08008154                HAL_RTC_WaitForSynchro
 .text.RTC_EnterInitMode
                0x080081a0       0x58 ./Drivers/STM32U0xx_HAL_Driver/Src/stm32u0xx_hal_rtc.o
                0x080081a0                RTC_EnterInitMode
 .text.HAL_RTCEx_SetWakeUpTimer
                0x080081f8      0x104 ./Drivers/STM32U0xx_HAL_Driver/Src/stm32u0xx_hal_rtc_ex.o
                0x080081f8                HAL_RTCEx_SetWakeUpTimer
 .text.HAL_SPI_Init
                0x080082fc      0x15c ./Drivers/STM32U0xx_HAL_Driver/Src/stm32u0xx_hal_spi.o
                0x080082fc                HAL_SPI_Init
 .text.HAL_UART_Init
                0x08008458       0xac ./Drivers/STM32U0xx_HAL_Driver/Src/stm32u0xx_hal_uart.o
                0x08008458                HAL_UART_Init
 .text.UART_SetConfig
                0x08008504      0x3a4 ./Drivers/STM32U0xx_HAL_Driver/Src/stm32u0xx_hal_uart.o
                0x08008504                UART_SetConfig
 .text.UART_AdvFeatureConfig
                0x080088a8      0x168 ./Drivers/STM32U0xx_HAL_Driver/Src/stm32u0xx_hal_uart.o
                0x080088a8                UART_AdvFeatureConfig
 .text.UART_CheckIdleState
                0x08008a10      0x154 ./Drivers/STM32U0xx_HAL_Driver/Src/stm32u0xx_hal_uart.o
                0x08008a10                UART_CheckIdleState
 .text.UART_WaitOnFlagUntilTimeout
                0x08008b64       0xde ./Drivers/STM32U0xx_HAL_Driver/Src/stm32u0xx_hal_uart.o
                0x08008b64                UART_WaitOnFlagUntilTimeout
 *fill*         0x08008c42        0x2 
 .text.UART_EndRxTransfer
                0x08008c44       0xcc ./Drivers/STM32U0xx_HAL_Driver/Src/stm32u0xx_hal_uart.o
 .text.HAL_UARTEx_DisableFifoMode
                0x08008d10       0x74 ./Drivers/STM32U0xx_HAL_Driver/Src/stm32u0xx_hal_uart_ex.o
                0x08008d10                HAL_UARTEx_DisableFifoMode
 .text.HAL_UARTEx_SetTxFifoThreshold
                0x08008d84       0x7e ./Drivers/STM32U0xx_HAL_Driver/Src/stm32u0xx_hal_uart_ex.o
                0x08008d84                HAL_UARTEx_SetTxFifoThreshold
 *fill*         0x08008e02        0x2 
 .text.HAL_UARTEx_SetRxFifoThreshold
                0x08008e04       0x84 ./Drivers/STM32U0xx_HAL_Driver/Src/stm32u0xx_hal_uart_ex.o
                0x08008e04                HAL_UARTEx_SetRxFifoThreshold
 .text.UARTEx_SetNbDataToProcess
                0x08008e88       0xbc ./Drivers/STM32U0xx_HAL_Driver/Src/stm32u0xx_hal_uart_ex.o
 .text.memset   0x08008f44       0x10 C:/ST/STM32CubeIDE_1.5.0/STM32CubeIDE/plugins/com.st.stm32cube.ide.mcu.externaltools.gnu-tools-for-stm32.12.3.rel1.win32_1.0.100.202403111256/tools/bin/../lib/gcc/arm-none-eabi/12.3.1/../../../../arm-none-eabi/lib/thumb/v6-m/nofp\libc_nano.a(libc_a-memset.o)
                0x08008f44                memset
 .text.__libc_init_array
                0x08008f54       0x48 C:/ST/STM32CubeIDE_1.5.0/STM32CubeIDE/plugins/com.st.stm32cube.ide.mcu.externaltools.gnu-tools-for-stm32.12.3.rel1.win32_1.0.100.202403111256/tools/bin/../lib/gcc/arm-none-eabi/12.3.1/../../../../arm-none-eabi/lib/thumb/v6-m/nofp\libc_nano.a(libc_a-init.o)
                0x08008f54                __libc_init_array
 *(.glue_7)
 .glue_7        0x08008f9c        0x0 linker stubs
 *(.glue_7t)
 .glue_7t       0x08008f9c        0x0 linker stubs
 *(.eh_frame)
 .eh_frame      0x08008f9c        0x0 C:/ST/STM32CubeIDE_1.5.0/STM32CubeIDE/plugins/com.st.stm32cube.ide.mcu.externaltools.gnu-tools-for-stm32.12.3.rel1.win32_1.0.100.202403111256/tools/bin/../lib/gcc/arm-none-eabi/12.3.1/thumb/v6-m/nofp/crtbegin.o
 *(.init)
 .init          0x08008f9c        0x4 C:/ST/STM32CubeIDE_1.5.0/STM32CubeIDE/plugins/com.st.stm32cube.ide.mcu.externaltools.gnu-tools-for-stm32.12.3.rel1.win32_1.0.100.202403111256/tools/bin/../lib/gcc/arm-none-eabi/12.3.1/thumb/v6-m/nofp/crti.o
                0x08008f9c                _init
 .init          0x08008fa0        0x8 C:/ST/STM32CubeIDE_1.5.0/STM32CubeIDE/plugins/com.st.stm32cube.ide.mcu.externaltools.gnu-tools-for-stm32.12.3.rel1.win32_1.0.100.202403111256/tools/bin/../lib/gcc/arm-none-eabi/12.3.1/thumb/v6-m/nofp/crtn.o
 *(.fini)
 .fini          0x08008fa8        0x4 C:/ST/STM32CubeIDE_1.5.0/STM32CubeIDE/plugins/com.st.stm32cube.ide.mcu.externaltools.gnu-tools-for-stm32.12.3.rel1.win32_1.0.100.202403111256/tools/bin/../lib/gcc/arm-none-eabi/12.3.1/thumb/v6-m/nofp/crti.o
                0x08008fa8                _fini
 .fini          0x08008fac        0x8 C:/ST/STM32CubeIDE_1.5.0/STM32CubeIDE/plugins/com.st.stm32cube.ide.mcu.externaltools.gnu-tools-for-stm32.12.3.rel1.win32_1.0.100.202403111256/tools/bin/../lib/gcc/arm-none-eabi/12.3.1/thumb/v6-m/nofp/crtn.o
                0x08008fb4                        . = ALIGN (0x4)
                0x08008fb4                        _etext = .

.vfp11_veneer   0x08008fb4        0x0
 .vfp11_veneer  0x08008fb4        0x0 linker stubs

.v4_bx          0x08008fb4        0x0
 .v4_bx         0x08008fb4        0x0 linker stubs

.iplt           0x08008fb4        0x0
 .iplt          0x08008fb4        0x0 C:/ST/STM32CubeIDE_1.5.0/STM32CubeIDE/plugins/com.st.stm32cube.ide.mcu.externaltools.gnu-tools-for-stm32.12.3.rel1.win32_1.0.100.202403111256/tools/bin/../lib/gcc/arm-none-eabi/12.3.1/thumb/v6-m/nofp/crtbegin.o

.rodata         0x08008fb8      0x5c4
                0x08008fb8                        . = ALIGN (0x4)
 *(.rodata)
 .rodata        0x08008fb8      0x240 ./Core/Src/AB1805_RK.o
 .rodata        0x080091f8       0x3c ./Core/Src/main.o
 .rodata        0x08009234       0x18 ./Core/Src/printf.o
 .rodata        0x0800924c       0x40 C:/ST/STM32CubeIDE_1.5.0/STM32CubeIDE/plugins/com.st.stm32cube.ide.mcu.externaltools.gnu-tools-for-stm32.12.3.rel1.win32_1.0.100.202403111256/tools/bin/../lib/gcc/arm-none-eabi/12.3.1/thumb/v6-m/nofp\libgcc.a(divdf3.o)
 *(.rodata*)
 .rodata.__func__.0
                0x0800928c        0xe ./Core/Src/AB1805_RK.o
 *fill*         0x0800929a        0x2 
 .rodata._vsnprintf
                0x0800929c      0x19c ./Core/Src/printf.o
 .rodata.pow10.0
                0x08009438       0x50 ./Core/Src/printf.o
 .rodata.AHBPrescTable
                0x08009488       0x10 ./Core/Src/system_stm32u0xx.o
                0x08009488                AHBPrescTable
 .rodata.APBPrescTable
                0x08009498        0x8 ./Core/Src/system_stm32u0xx.o
                0x08009498                APBPrescTable
 .rodata.MSIRangeTable
                0x080094a0       0x30 ./Core/Src/system_stm32u0xx.o
                0x080094a0                MSIRangeTable
 .rodata.HAL_RCCEx_GetPeriphCLKFreq
                0x080094d0       0x84 ./Drivers/STM32U0xx_HAL_Driver/Src/stm32u0xx_hal_rcc_ex.o
 .rodata.UARTPrescTable
                0x08009554       0x18 ./Drivers/STM32U0xx_HAL_Driver/Src/stm32u0xx_hal_uart.o
                0x08009554                UARTPrescTable
 .rodata.numerator.1
                0x0800956c        0x8 ./Drivers/STM32U0xx_HAL_Driver/Src/stm32u0xx_hal_uart_ex.o
 .rodata.denominator.0
                0x08009574        0x8 ./Drivers/STM32U0xx_HAL_Driver/Src/stm32u0xx_hal_uart_ex.o
                0x0800957c                        . = ALIGN (0x4)

.ARM.extab      0x0800957c        0x0
                0x0800957c                        . = ALIGN (0x4)
 *(.ARM.extab* .gnu.linkonce.armextab.*)
                0x0800957c                        . = ALIGN (0x4)

.ARM            0x0800957c        0x8
                0x0800957c                        . = ALIGN (0x4)
                0x0800957c                        __exidx_start = .
 *(.ARM.exidx*)
 .ARM.exidx     0x0800957c        0x8 C:/ST/STM32CubeIDE_1.5.0/STM32CubeIDE/plugins/com.st.stm32cube.ide.mcu.externaltools.gnu-tools-for-stm32.12.3.rel1.win32_1.0.100.202403111256/tools/bin/../lib/gcc/arm-none-eabi/12.3.1/thumb/v6-m/nofp\libgcc.a(_udivmoddi4.o)
                0x08009584                        __exidx_end = .
                0x08009584                        . = ALIGN (0x4)

.rel.dyn        0x08009584        0x0
 .rel.iplt      0x08009584        0x0 C:/ST/STM32CubeIDE_1.5.0/STM32CubeIDE/plugins/com.st.stm32cube.ide.mcu.externaltools.gnu-tools-for-stm32.12.3.rel1.win32_1.0.100.202403111256/tools/bin/../lib/gcc/arm-none-eabi/12.3.1/thumb/v6-m/nofp/crtbegin.o

.preinit_array  0x08009584        0x0
                0x08009584                        . = ALIGN (0x4)
                0x08009584                        PROVIDE (__preinit_array_start = .)
 *(.preinit_array*)
                0x08009584                        PROVIDE (__preinit_array_end = .)
                0x08009584                        . = ALIGN (0x4)

.init_array     0x08009584        0x4
                0x08009584                        . = ALIGN (0x4)
                0x08009584                        PROVIDE (__init_array_start = .)
 *(SORT_BY_NAME(.init_array.*))
 *(.init_array*)
 .init_array    0x08009584        0x4 C:/ST/STM32CubeIDE_1.5.0/STM32CubeIDE/plugins/com.st.stm32cube.ide.mcu.externaltools.gnu-tools-for-stm32.12.3.rel1.win32_1.0.100.202403111256/tools/bin/../lib/gcc/arm-none-eabi/12.3.1/thumb/v6-m/nofp/crtbegin.o
                0x08009588                        PROVIDE (__init_array_end = .)
                0x08009588                        . = ALIGN (0x4)

.fini_array     0x08009588        0x4
                0x08009588                        . = ALIGN (0x4)
                [!provide]                        PROVIDE (__fini_array_start = .)
 *(SORT_BY_NAME(.fini_array.*))
 *(.fini_array*)
 .fini_array    0x08009588        0x4 C:/ST/STM32CubeIDE_1.5.0/STM32CubeIDE/plugins/com.st.stm32cube.ide.mcu.externaltools.gnu-tools-for-stm32.12.3.rel1.win32_1.0.100.202403111256/tools/bin/../lib/gcc/arm-none-eabi/12.3.1/thumb/v6-m/nofp/crtbegin.o
                [!provide]                        PROVIDE (__fini_array_end = .)
                0x0800958c                        . = ALIGN (0x4)
                0x0800958c                        _sidata = LOADADDR (.data)

.data           0x20000000        0xc load address 0x0800958c
                0x20000000                        . = ALIGN (0x4)
                0x20000000                        _sdata = .
 *(.data)
 *(.data*)
 .data.SystemCoreClock
                0x20000000        0x4 ./Core/Src/system_stm32u0xx.o
                0x20000000                SystemCoreClock
 .data.uwTickPrio
                0x20000004        0x4 ./Drivers/STM32U0xx_HAL_Driver/Src/stm32u0xx_hal.o
                0x20000004                uwTickPrio
 .data.uwTickFreq
                0x20000008        0x4 ./Drivers/STM32U0xx_HAL_Driver/Src/stm32u0xx_hal.o
                0x20000008                uwTickFreq
 *(.RamFunc)
 *(.RamFunc*)
                0x2000000c                        . = ALIGN (0x4)
                0x2000000c                        _edata = .

.igot.plt       0x2000000c        0x0 load address 0x08009598
 .igot.plt      0x2000000c        0x0 C:/ST/STM32CubeIDE_1.5.0/STM32CubeIDE/plugins/com.st.stm32cube.ide.mcu.externaltools.gnu-tools-for-stm32.12.3.rel1.win32_1.0.100.202403111256/tools/bin/../lib/gcc/arm-none-eabi/12.3.1/thumb/v6-m/nofp/crtbegin.o
                0x2000000c                        . = ALIGN (0x4)

.bss            0x2000000c      0x208 load address 0x08009598
                0x2000000c                        _sbss = .
                0x2000000c                        __bss_start__ = _sbss
 *(.bss)
 .bss           0x2000000c       0x1c C:/ST/STM32CubeIDE_1.5.0/STM32CubeIDE/plugins/com.st.stm32cube.ide.mcu.externaltools.gnu-tools-for-stm32.12.3.rel1.win32_1.0.100.202403111256/tools/bin/../lib/gcc/arm-none-eabi/12.3.1/thumb/v6-m/nofp/crtbegin.o
 *(.bss*)
 .bss.watchdogSecs
                0x20000028        0x4 ./Core/Src/AB1805_RK.o
                0x20000028                watchdogSecs
 .bss.watchdogUpdatePeriod
                0x2000002c        0x4 ./Core/Src/AB1805_RK.o
                0x2000002c                watchdogUpdatePeriod
 .bss.hadc1     0x20000030       0x64 ./Core/Src/adc.o
                0x20000030                hadc1
 .bss.hi2c1     0x20000094       0x54 ./Core/Src/i2c.o
                0x20000094                hi2c1
 .bss.hrtc      0x200000e8       0x30 ./Core/Src/rtc.o
                0x200000e8                hrtc
 .bss.hspi1     0x20000118       0x64 ./Core/Src/spi.o
                0x20000118                hspi1
 .bss.huart2    0x2000017c       0x94 ./Core/Src/usart.o
                0x2000017c                huart2
 .bss.uwTick    0x20000210        0x4 ./Drivers/STM32U0xx_HAL_Driver/Src/stm32u0xx_hal.o
                0x20000210                uwTick
 *(COMMON)
                0x20000214                        . = ALIGN (0x4)
                0x20000214                        _ebss = .
                0x20000214                        __bss_end__ = _ebss

._user_heap_stack
                0x20000214      0x604 load address 0x08009598
                0x20000218                        . = ALIGN (0x8)
 *fill*         0x20000214        0x4 
                [!provide]                        PROVIDE (end = .)
                0x20000218                        PROVIDE (_end = .)
                0x20000418                        . = (. + _Min_Heap_Size)
 *fill*         0x20000218      0x200 
                0x20000818                        . = (. + _Min_Stack_Size)
 *fill*         0x20000418      0x400 
                0x20000818                        . = ALIGN (0x8)

/DISCARD/
 libc.a(*)
 libm.a(*)
 libgcc.a(*)

.ARM.attributes
                0x00000000       0x28
 *(.ARM.attributes)
 .ARM.attributes
                0x00000000       0x1e C:/ST/STM32CubeIDE_1.5.0/STM32CubeIDE/plugins/com.st.stm32cube.ide.mcu.externaltools.gnu-tools-for-stm32.12.3.rel1.win32_1.0.100.202403111256/tools/bin/../lib/gcc/arm-none-eabi/12.3.1/thumb/v6-m/nofp/crti.o
 .ARM.attributes
                0x0000001e       0x2c C:/ST/STM32CubeIDE_1.5.0/STM32CubeIDE/plugins/com.st.stm32cube.ide.mcu.externaltools.gnu-tools-for-stm32.12.3.rel1.win32_1.0.100.202403111256/tools/bin/../lib/gcc/arm-none-eabi/12.3.1/thumb/v6-m/nofp/crtbegin.o
 .ARM.attributes
                0x0000004a       0x2c ./Core/Src/AB1805_RK.o
 .ARM.attributes
                0x00000076       0x2c ./Core/Src/adc.o
 .ARM.attributes
                0x000000a2       0x2c ./Core/Src/gpio.o
 .ARM.attributes
                0x000000ce       0x2c ./Core/Src/i2c.o
 .ARM.attributes
                0x000000fa       0x2c ./Core/Src/main.o
 .ARM.attributes
                0x00000126       0x2c ./Core/Src/printf.o
 .ARM.attributes
                0x00000152       0x2c ./Core/Src/rtc.o
 .ARM.attributes
                0x0000017e       0x2c ./Core/Src/spi.o
 .ARM.attributes
                0x000001aa       0x2c ./Core/Src/stm32u0xx_hal_msp.o
 .ARM.attributes
                0x000001d6       0x2c ./Core/Src/stm32u0xx_it.o
 .ARM.attributes
                0x00000202       0x2c ./Core/Src/system_stm32u0xx.o
 .ARM.attributes
                0x0000022e       0x2c ./Core/Src/usart.o
 .ARM.attributes
                0x0000025a       0x22 ./Core/Startup/startup_stm32u073cctx.o
 .ARM.attributes
                0x0000027c       0x2c ./Drivers/STM32U0xx_HAL_Driver/Src/stm32u0xx_hal.o
 .ARM.attributes
                0x000002a8       0x2c ./Drivers/STM32U0xx_HAL_Driver/Src/stm32u0xx_hal_adc.o
 .ARM.attributes
                0x000002d4       0x2c ./Drivers/STM32U0xx_HAL_Driver/Src/stm32u0xx_hal_cortex.o
 .ARM.attributes
                0x00000300       0x2c ./Drivers/STM32U0xx_HAL_Driver/Src/stm32u0xx_hal_gpio.o
 .ARM.attributes
                0x0000032c       0x2c ./Drivers/STM32U0xx_HAL_Driver/Src/stm32u0xx_hal_i2c.o
 .ARM.attributes
                0x00000358       0x2c ./Drivers/STM32U0xx_HAL_Driver/Src/stm32u0xx_hal_i2c_ex.o
 .ARM.attributes
                0x00000384       0x2c ./Drivers/STM32U0xx_HAL_Driver/Src/stm32u0xx_hal_pwr_ex.o
 .ARM.attributes
                0x000003b0       0x2c ./Drivers/STM32U0xx_HAL_Driver/Src/stm32u0xx_hal_rcc.o
 .ARM.attributes
                0x000003dc       0x2c ./Drivers/STM32U0xx_HAL_Driver/Src/stm32u0xx_hal_rcc_ex.o
 .ARM.attributes
                0x00000408       0x2c ./Drivers/STM32U0xx_HAL_Driver/Src/stm32u0xx_hal_rtc.o
 .ARM.attributes
                0x00000434       0x2c ./Drivers/STM32U0xx_HAL_Driver/Src/stm32u0xx_hal_rtc_ex.o
 .ARM.attributes
                0x00000460       0x2c ./Drivers/STM32U0xx_HAL_Driver/Src/stm32u0xx_hal_spi.o
 .ARM.attributes
                0x0000048c       0x2c ./Drivers/STM32U0xx_HAL_Driver/Src/stm32u0xx_hal_uart.o
 .ARM.attributes
                0x000004b8       0x2c ./Drivers/STM32U0xx_HAL_Driver/Src/stm32u0xx_hal_uart_ex.o
 .ARM.attributes
                0x000004e4       0x2c C:/ST/STM32CubeIDE_1.5.0/STM32CubeIDE/plugins/com.st.stm32cube.ide.mcu.externaltools.gnu-tools-for-stm32.12.3.rel1.win32_1.0.100.202403111256/tools/bin/../lib/gcc/arm-none-eabi/12.3.1/../../../../arm-none-eabi/lib/thumb/v6-m/nofp\libc_nano.a(libc_a-memset.o)
 .ARM.attributes
                0x00000510       0x2c C:/ST/STM32CubeIDE_1.5.0/STM32CubeIDE/plugins/com.st.stm32cube.ide.mcu.externaltools.gnu-tools-for-stm32.12.3.rel1.win32_1.0.100.202403111256/tools/bin/../lib/gcc/arm-none-eabi/12.3.1/../../../../arm-none-eabi/lib/thumb/v6-m/nofp\libc_nano.a(libc_a-init.o)
 .ARM.attributes
                0x0000053c       0x1e C:/ST/STM32CubeIDE_1.5.0/STM32CubeIDE/plugins/com.st.stm32cube.ide.mcu.externaltools.gnu-tools-for-stm32.12.3.rel1.win32_1.0.100.202403111256/tools/bin/../lib/gcc/arm-none-eabi/12.3.1/thumb/v6-m/nofp\libgcc.a(_udivsi3.o)
 .ARM.attributes
                0x0000055a       0x1e C:/ST/STM32CubeIDE_1.5.0/STM32CubeIDE/plugins/com.st.stm32cube.ide.mcu.externaltools.gnu-tools-for-stm32.12.3.rel1.win32_1.0.100.202403111256/tools/bin/../lib/gcc/arm-none-eabi/12.3.1/thumb/v6-m/nofp\libgcc.a(_divsi3.o)
 .ARM.attributes
                0x00000578       0x1e C:/ST/STM32CubeIDE_1.5.0/STM32CubeIDE/plugins/com.st.stm32cube.ide.mcu.externaltools.gnu-tools-for-stm32.12.3.rel1.win32_1.0.100.202403111256/tools/bin/../lib/gcc/arm-none-eabi/12.3.1/thumb/v6-m/nofp\libgcc.a(_dvmd_tls.o)
 .ARM.attributes
                0x00000596       0x1e C:/ST/STM32CubeIDE_1.5.0/STM32CubeIDE/plugins/com.st.stm32cube.ide.mcu.externaltools.gnu-tools-for-stm32.12.3.rel1.win32_1.0.100.202403111256/tools/bin/../lib/gcc/arm-none-eabi/12.3.1/thumb/v6-m/nofp\libgcc.a(_arm_cmpdf2.o)
 .ARM.attributes
                0x000005b4       0x1e C:/ST/STM32CubeIDE_1.5.0/STM32CubeIDE/plugins/com.st.stm32cube.ide.mcu.externaltools.gnu-tools-for-stm32.12.3.rel1.win32_1.0.100.202403111256/tools/bin/../lib/gcc/arm-none-eabi/12.3.1/thumb/v6-m/nofp\libgcc.a(_clzsi2.o)
 .ARM.attributes
                0x000005d2       0x1e C:/ST/STM32CubeIDE_1.5.0/STM32CubeIDE/plugins/com.st.stm32cube.ide.mcu.externaltools.gnu-tools-for-stm32.12.3.rel1.win32_1.0.100.202403111256/tools/bin/../lib/gcc/arm-none-eabi/12.3.1/thumb/v6-m/nofp\libgcc.a(_aeabi_uldivmod.o)
 .ARM.attributes
                0x000005f0       0x2c C:/ST/STM32CubeIDE_1.5.0/STM32CubeIDE/plugins/com.st.stm32cube.ide.mcu.externaltools.gnu-tools-for-stm32.12.3.rel1.win32_1.0.100.202403111256/tools/bin/../lib/gcc/arm-none-eabi/12.3.1/thumb/v6-m/nofp\libgcc.a(_fixunsdfsi.o)
 .ARM.attributes
                0x0000061c       0x2c C:/ST/STM32CubeIDE_1.5.0/STM32CubeIDE/plugins/com.st.stm32cube.ide.mcu.externaltools.gnu-tools-for-stm32.12.3.rel1.win32_1.0.100.202403111256/tools/bin/../lib/gcc/arm-none-eabi/12.3.1/thumb/v6-m/nofp\libgcc.a(_udivmoddi4.o)
 .ARM.attributes
                0x00000648       0x2c C:/ST/STM32CubeIDE_1.5.0/STM32CubeIDE/plugins/com.st.stm32cube.ide.mcu.externaltools.gnu-tools-for-stm32.12.3.rel1.win32_1.0.100.202403111256/tools/bin/../lib/gcc/arm-none-eabi/12.3.1/thumb/v6-m/nofp\libgcc.a(adddf3.o)
 .ARM.attributes
                0x00000674       0x2c C:/ST/STM32CubeIDE_1.5.0/STM32CubeIDE/plugins/com.st.stm32cube.ide.mcu.externaltools.gnu-tools-for-stm32.12.3.rel1.win32_1.0.100.202403111256/tools/bin/../lib/gcc/arm-none-eabi/12.3.1/thumb/v6-m/nofp\libgcc.a(divdf3.o)
 .ARM.attributes
                0x000006a0       0x2c C:/ST/STM32CubeIDE_1.5.0/STM32CubeIDE/plugins/com.st.stm32cube.ide.mcu.externaltools.gnu-tools-for-stm32.12.3.rel1.win32_1.0.100.202403111256/tools/bin/../lib/gcc/arm-none-eabi/12.3.1/thumb/v6-m/nofp\libgcc.a(eqdf2.o)
 .ARM.attributes
                0x000006cc       0x2c C:/ST/STM32CubeIDE_1.5.0/STM32CubeIDE/plugins/com.st.stm32cube.ide.mcu.externaltools.gnu-tools-for-stm32.12.3.rel1.win32_1.0.100.202403111256/tools/bin/../lib/gcc/arm-none-eabi/12.3.1/thumb/v6-m/nofp\libgcc.a(gedf2.o)
 .ARM.attributes
                0x000006f8       0x2c C:/ST/STM32CubeIDE_1.5.0/STM32CubeIDE/plugins/com.st.stm32cube.ide.mcu.externaltools.gnu-tools-for-stm32.12.3.rel1.win32_1.0.100.202403111256/tools/bin/../lib/gcc/arm-none-eabi/12.3.1/thumb/v6-m/nofp\libgcc.a(ledf2.o)
 .ARM.attributes
                0x00000724       0x2c C:/ST/STM32CubeIDE_1.5.0/STM32CubeIDE/plugins/com.st.stm32cube.ide.mcu.externaltools.gnu-tools-for-stm32.12.3.rel1.win32_1.0.100.202403111256/tools/bin/../lib/gcc/arm-none-eabi/12.3.1/thumb/v6-m/nofp\libgcc.a(muldf3.o)
 .ARM.attributes
                0x00000750       0x2c C:/ST/STM32CubeIDE_1.5.0/STM32CubeIDE/plugins/com.st.stm32cube.ide.mcu.externaltools.gnu-tools-for-stm32.12.3.rel1.win32_1.0.100.202403111256/tools/bin/../lib/gcc/arm-none-eabi/12.3.1/thumb/v6-m/nofp\libgcc.a(subdf3.o)
 .ARM.attributes
                0x0000077c       0x2c C:/ST/STM32CubeIDE_1.5.0/STM32CubeIDE/plugins/com.st.stm32cube.ide.mcu.externaltools.gnu-tools-for-stm32.12.3.rel1.win32_1.0.100.202403111256/tools/bin/../lib/gcc/arm-none-eabi/12.3.1/thumb/v6-m/nofp\libgcc.a(fixdfsi.o)
 .ARM.attributes
                0x000007a8       0x2c C:/ST/STM32CubeIDE_1.5.0/STM32CubeIDE/plugins/com.st.stm32cube.ide.mcu.externaltools.gnu-tools-for-stm32.12.3.rel1.win32_1.0.100.202403111256/tools/bin/../lib/gcc/arm-none-eabi/12.3.1/thumb/v6-m/nofp\libgcc.a(floatsidf.o)
 .ARM.attributes
                0x000007d4       0x2c C:/ST/STM32CubeIDE_1.5.0/STM32CubeIDE/plugins/com.st.stm32cube.ide.mcu.externaltools.gnu-tools-for-stm32.12.3.rel1.win32_1.0.100.202403111256/tools/bin/../lib/gcc/arm-none-eabi/12.3.1/thumb/v6-m/nofp\libgcc.a(floatunsidf.o)
 .ARM.attributes
                0x00000800       0x1e C:/ST/STM32CubeIDE_1.5.0/STM32CubeIDE/plugins/com.st.stm32cube.ide.mcu.externaltools.gnu-tools-for-stm32.12.3.rel1.win32_1.0.100.202403111256/tools/bin/../lib/gcc/arm-none-eabi/12.3.1/thumb/v6-m/nofp\libgcc.a(_clzdi2.o)
 .ARM.attributes
                0x0000081e       0x1e C:/ST/STM32CubeIDE_1.5.0/STM32CubeIDE/plugins/com.st.stm32cube.ide.mcu.externaltools.gnu-tools-for-stm32.12.3.rel1.win32_1.0.100.202403111256/tools/bin/../lib/gcc/arm-none-eabi/12.3.1/thumb/v6-m/nofp/crtn.o
OUTPUT(e-paper_18x5.elf elf32-littlearm)
LOAD linker stubs
LOAD C:/ST/STM32CubeIDE_1.5.0/STM32CubeIDE/plugins/com.st.stm32cube.ide.mcu.externaltools.gnu-tools-for-stm32.12.3.rel1.win32_1.0.100.202403111256/tools/bin/../lib/gcc/arm-none-eabi/12.3.1/../../../../arm-none-eabi/lib/thumb/v6-m/nofp\libc.a
LOAD C:/ST/STM32CubeIDE_1.5.0/STM32CubeIDE/plugins/com.st.stm32cube.ide.mcu.externaltools.gnu-tools-for-stm32.12.3.rel1.win32_1.0.100.202403111256/tools/bin/../lib/gcc/arm-none-eabi/12.3.1/../../../../arm-none-eabi/lib/thumb/v6-m/nofp\libm.a
LOAD C:/ST/STM32CubeIDE_1.5.0/STM32CubeIDE/plugins/com.st.stm32cube.ide.mcu.externaltools.gnu-tools-for-stm32.12.3.rel1.win32_1.0.100.202403111256/tools/bin/../lib/gcc/arm-none-eabi/12.3.1/thumb/v6-m/nofp\libgcc.a

.debug_info     0x00000000    0x18ae3
 .debug_info    0x00000000     0x219e ./Core/Src/AB1805_RK.o
 .debug_info    0x0000219e      0xbd0 ./Core/Src/adc.o
 .debug_info    0x00002d6e      0x4b4 ./Core/Src/gpio.o
 .debug_info    0x00003222      0xc89 ./Core/Src/i2c.o
 .debug_info    0x00003eab      0x7d6 ./Core/Src/main.o
 .debug_info    0x00004681      0xe70 ./Core/Src/printf.o
 .debug_info    0x000054f1      0x7b3 ./Core/Src/rtc.o
 .debug_info    0x00005ca4      0xb05 ./Core/Src/spi.o
 .debug_info    0x000067a9      0x300 ./Core/Src/stm32u0xx_hal_msp.o
 .debug_info    0x00006aa9      0x11e ./Core/Src/stm32u0xx_it.o
 .debug_info    0x00006bc7      0x65b ./Core/Src/system_stm32u0xx.o
 .debug_info    0x00007222      0xd76 ./Core/Src/usart.o
 .debug_info    0x00007f98       0x30 ./Core/Startup/startup_stm32u073cctx.o
 .debug_info    0x00007fc8      0xa6c ./Drivers/STM32U0xx_HAL_Driver/Src/stm32u0xx_hal.o
 .debug_info    0x00008a34     0x1736 ./Drivers/STM32U0xx_HAL_Driver/Src/stm32u0xx_hal_adc.o
 .debug_info    0x0000a16a      0x8ef ./Drivers/STM32U0xx_HAL_Driver/Src/stm32u0xx_hal_cortex.o
 .debug_info    0x0000aa59      0x590 ./Drivers/STM32U0xx_HAL_Driver/Src/stm32u0xx_hal_gpio.o
 .debug_info    0x0000afe9     0x21e0 ./Drivers/STM32U0xx_HAL_Driver/Src/stm32u0xx_hal_i2c.o
 .debug_info    0x0000d1c9      0x819 ./Drivers/STM32U0xx_HAL_Driver/Src/stm32u0xx_hal_i2c_ex.o
 .debug_info    0x0000d9e2      0x855 ./Drivers/STM32U0xx_HAL_Driver/Src/stm32u0xx_hal_pwr_ex.o
 .debug_info    0x0000e237      0xc37 ./Drivers/STM32U0xx_HAL_Driver/Src/stm32u0xx_hal_rcc.o
 .debug_info    0x0000ee6e      0xe98 ./Drivers/STM32U0xx_HAL_Driver/Src/stm32u0xx_hal_rcc_ex.o
 .debug_info    0x0000fd06      0xca3 ./Drivers/STM32U0xx_HAL_Driver/Src/stm32u0xx_hal_rtc.o
 .debug_info    0x000109a9     0x12fd ./Drivers/STM32U0xx_HAL_Driver/Src/stm32u0xx_hal_rtc_ex.o
 .debug_info    0x00011ca6     0x1767 ./Drivers/STM32U0xx_HAL_Driver/Src/stm32u0xx_hal_spi.o
 .debug_info    0x0001340d     0x46f5 ./Drivers/STM32U0xx_HAL_Driver/Src/stm32u0xx_hal_uart.o
 .debug_info    0x00017b02      0xfe1 ./Drivers/STM32U0xx_HAL_Driver/Src/stm32u0xx_hal_uart_ex.o

.debug_abbrev   0x00000000     0x3a90
 .debug_abbrev  0x00000000      0x428 ./Core/Src/AB1805_RK.o
 .debug_abbrev  0x00000428      0x1e9 ./Core/Src/adc.o
 .debug_abbrev  0x00000611      0x158 ./Core/Src/gpio.o
 .debug_abbrev  0x00000769      0x21a ./Core/Src/i2c.o
 .debug_abbrev  0x00000983      0x2d1 ./Core/Src/main.o
 .debug_abbrev  0x00000c54      0x29e ./Core/Src/printf.o
 .debug_abbrev  0x00000ef2      0x1ba ./Core/Src/rtc.o
 .debug_abbrev  0x000010ac      0x1f4 ./Core/Src/spi.o
 .debug_abbrev  0x000012a0       0xdd ./Core/Src/stm32u0xx_hal_msp.o
 .debug_abbrev  0x0000137d       0xac ./Core/Src/stm32u0xx_it.o
 .debug_abbrev  0x00001429      0x117 ./Core/Src/system_stm32u0xx.o
 .debug_abbrev  0x00001540      0x20d ./Core/Src/usart.o
 .debug_abbrev  0x0000174d       0x24 ./Core/Startup/startup_stm32u073cctx.o
 .debug_abbrev  0x00001771      0x2cf ./Drivers/STM32U0xx_HAL_Driver/Src/stm32u0xx_hal.o
 .debug_abbrev  0x00001a40      0x305 ./Drivers/STM32U0xx_HAL_Driver/Src/stm32u0xx_hal_adc.o
 .debug_abbrev  0x00001d45      0x2ab ./Drivers/STM32U0xx_HAL_Driver/Src/stm32u0xx_hal_cortex.o
 .debug_abbrev  0x00001ff0      0x1c8 ./Drivers/STM32U0xx_HAL_Driver/Src/stm32u0xx_hal_gpio.o
 .debug_abbrev  0x000021b8      0x294 ./Drivers/STM32U0xx_HAL_Driver/Src/stm32u0xx_hal_i2c.o
 .debug_abbrev  0x0000244c      0x1c0 ./Drivers/STM32U0xx_HAL_Driver/Src/stm32u0xx_hal_i2c_ex.o
 .debug_abbrev  0x0000260c      0x212 ./Drivers/STM32U0xx_HAL_Driver/Src/stm32u0xx_hal_pwr_ex.o
 .debug_abbrev  0x0000281e      0x2d8 ./Drivers/STM32U0xx_HAL_Driver/Src/stm32u0xx_hal_rcc.o
 .debug_abbrev  0x00002af6      0x28d ./Drivers/STM32U0xx_HAL_Driver/Src/stm32u0xx_hal_rcc_ex.o
 .debug_abbrev  0x00002d83      0x226 ./Drivers/STM32U0xx_HAL_Driver/Src/stm32u0xx_hal_rtc.o
 .debug_abbrev  0x00002fa9      0x24c ./Drivers/STM32U0xx_HAL_Driver/Src/stm32u0xx_hal_rtc_ex.o
 .debug_abbrev  0x000031f5      0x290 ./Drivers/STM32U0xx_HAL_Driver/Src/stm32u0xx_hal_spi.o
 .debug_abbrev  0x00003485      0x324 ./Drivers/STM32U0xx_HAL_Driver/Src/stm32u0xx_hal_uart.o
 .debug_abbrev  0x000037a9      0x2e7 ./Drivers/STM32U0xx_HAL_Driver/Src/stm32u0xx_hal_uart_ex.o

.debug_aranges  0x00000000     0x15b0
 .debug_aranges
                0x00000000      0x148 ./Core/Src/AB1805_RK.o
 .debug_aranges
                0x00000148       0x30 ./Core/Src/adc.o
 .debug_aranges
                0x00000178       0x20 ./Core/Src/gpio.o
 .debug_aranges
                0x00000198       0x30 ./Core/Src/i2c.o
 .debug_aranges
                0x000001c8       0x58 ./Core/Src/main.o
 .debug_aranges
                0x00000220       0xc0 ./Core/Src/printf.o
 .debug_aranges
                0x000002e0       0x30 ./Core/Src/rtc.o
 .debug_aranges
                0x00000310       0x30 ./Core/Src/spi.o
 .debug_aranges
                0x00000340       0x20 ./Core/Src/stm32u0xx_hal_msp.o
 .debug_aranges
                0x00000360       0x40 ./Core/Src/stm32u0xx_it.o
 .debug_aranges
                0x000003a0       0x28 ./Core/Src/system_stm32u0xx.o
 .debug_aranges
                0x000003c8       0x30 ./Core/Src/usart.o
 .debug_aranges
                0x000003f8       0x28 ./Core/Startup/startup_stm32u073cctx.o
 .debug_aranges
                0x00000420      0x158 ./Drivers/STM32U0xx_HAL_Driver/Src/stm32u0xx_hal.o
 .debug_aranges
                0x00000578      0x200 ./Drivers/STM32U0xx_HAL_Driver/Src/stm32u0xx_hal_adc.o
 .debug_aranges
                0x00000778       0xe8 ./Drivers/STM32U0xx_HAL_Driver/Src/stm32u0xx_hal_cortex.o
 .debug_aranges
                0x00000860       0x60 ./Drivers/STM32U0xx_HAL_Driver/Src/stm32u0xx_hal_gpio.o
 .debug_aranges
                0x000008c0      0x2a0 ./Drivers/STM32U0xx_HAL_Driver/Src/stm32u0xx_hal_i2c.o
 .debug_aranges
                0x00000b60       0x40 ./Drivers/STM32U0xx_HAL_Driver/Src/stm32u0xx_hal_i2c_ex.o
 .debug_aranges
                0x00000ba0      0x130 ./Drivers/STM32U0xx_HAL_Driver/Src/stm32u0xx_hal_pwr_ex.o
 .debug_aranges
                0x00000cd0       0x88 ./Drivers/STM32U0xx_HAL_Driver/Src/stm32u0xx_hal_rcc.o
 .debug_aranges
                0x00000d58       0xf0 ./Drivers/STM32U0xx_HAL_Driver/Src/stm32u0xx_hal_rcc_ex.o
 .debug_aranges
                0x00000e48       0xe8 ./Drivers/STM32U0xx_HAL_Driver/Src/stm32u0xx_hal_rtc.o
 .debug_aranges
                0x00000f30      0x1b8 ./Drivers/STM32U0xx_HAL_Driver/Src/stm32u0xx_hal_rtc_ex.o
 .debug_aranges
                0x000010e8      0x1d8 ./Drivers/STM32U0xx_HAL_Driver/Src/stm32u0xx_hal_spi.o
 .debug_aranges
                0x000012c0      0x248 ./Drivers/STM32U0xx_HAL_Driver/Src/stm32u0xx_hal_uart.o
 .debug_aranges
                0x00001508       0xa8 ./Drivers/STM32U0xx_HAL_Driver/Src/stm32u0xx_hal_uart_ex.o

.debug_rnglists
                0x00000000     0x10eb
 .debug_rnglists
                0x00000000      0x11e ./Core/Src/AB1805_RK.o
 .debug_rnglists
                0x0000011e       0x20 ./Core/Src/adc.o
 .debug_rnglists
                0x0000013e       0x14 ./Core/Src/gpio.o
 .debug_rnglists
                0x00000152       0x21 ./Core/Src/i2c.o
 .debug_rnglists
                0x00000173       0x3f ./Core/Src/main.o
 .debug_rnglists
                0x000001b2       0x92 ./Core/Src/printf.o
 .debug_rnglists
                0x00000244       0x20 ./Core/Src/rtc.o
 .debug_rnglists
                0x00000264       0x20 ./Core/Src/spi.o
 .debug_rnglists
                0x00000284       0x13 ./Core/Src/stm32u0xx_hal_msp.o
 .debug_rnglists
                0x00000297       0x2b ./Core/Src/stm32u0xx_it.o
 .debug_rnglists
                0x000002c2       0x1a ./Core/Src/system_stm32u0xx.o
 .debug_rnglists
                0x000002dc       0x21 ./Core/Src/usart.o
 .debug_rnglists
                0x000002fd       0x19 ./Core/Startup/startup_stm32u073cctx.o
 .debug_rnglists
                0x00000316       0xfe ./Drivers/STM32U0xx_HAL_Driver/Src/stm32u0xx_hal.o
 .debug_rnglists
                0x00000414      0x18b ./Drivers/STM32U0xx_HAL_Driver/Src/stm32u0xx_hal_adc.o
 .debug_rnglists
                0x0000059f       0xaa ./Drivers/STM32U0xx_HAL_Driver/Src/stm32u0xx_hal_cortex.o
 .debug_rnglists
                0x00000649       0x45 ./Drivers/STM32U0xx_HAL_Driver/Src/stm32u0xx_hal_gpio.o
 .debug_rnglists
                0x0000068e      0x229 ./Drivers/STM32U0xx_HAL_Driver/Src/stm32u0xx_hal_i2c.o
 .debug_rnglists
                0x000008b7       0x30 ./Drivers/STM32U0xx_HAL_Driver/Src/stm32u0xx_hal_i2c_ex.o
 .debug_rnglists
                0x000008e7       0xe6 ./Drivers/STM32U0xx_HAL_Driver/Src/stm32u0xx_hal_pwr_ex.o
 .debug_rnglists
                0x000009cd       0x68 ./Drivers/STM32U0xx_HAL_Driver/Src/stm32u0xx_hal_rcc.o
 .debug_rnglists
                0x00000a35       0xba ./Drivers/STM32U0xx_HAL_Driver/Src/stm32u0xx_hal_rcc_ex.o
 .debug_rnglists
                0x00000aef       0xb4 ./Drivers/STM32U0xx_HAL_Driver/Src/stm32u0xx_hal_rtc.o
 .debug_rnglists
                0x00000ba3      0x151 ./Drivers/STM32U0xx_HAL_Driver/Src/stm32u0xx_hal_rtc_ex.o
 .debug_rnglists
                0x00000cf4      0x17a ./Drivers/STM32U0xx_HAL_Driver/Src/stm32u0xx_hal_spi.o
 .debug_rnglists
                0x00000e6e      0x1fd ./Drivers/STM32U0xx_HAL_Driver/Src/stm32u0xx_hal_uart.o
 .debug_rnglists
                0x0000106b       0x80 ./Drivers/STM32U0xx_HAL_Driver/Src/stm32u0xx_hal_uart_ex.o

.debug_macro    0x00000000    0x20202
 .debug_macro   0x00000000      0x3d7 ./Core/Src/AB1805_RK.o
 .debug_macro   0x000003d7      0xa8a ./Core/Src/AB1805_RK.o
 .debug_macro   0x00000e61      0x12a ./Core/Src/AB1805_RK.o
 .debug_macro   0x00000f8b       0x2e ./Core/Src/AB1805_RK.o
 .debug_macro   0x00000fb9       0x28 ./Core/Src/AB1805_RK.o
 .debug_macro   0x00000fe1       0x22 ./Core/Src/AB1805_RK.o
 .debug_macro   0x00001003       0x8e ./Core/Src/AB1805_RK.o
 .debug_macro   0x00001091       0x51 ./Core/Src/AB1805_RK.o
 .debug_macro   0x000010e2      0x103 ./Core/Src/AB1805_RK.o
 .debug_macro   0x000011e5       0x6a ./Core/Src/AB1805_RK.o
 .debug_macro   0x0000124f      0x1df ./Core/Src/AB1805_RK.o
 .debug_macro   0x0000142e       0x1c ./Core/Src/AB1805_RK.o
 .debug_macro   0x0000144a       0x22 ./Core/Src/AB1805_RK.o
 .debug_macro   0x0000146c       0xd1 ./Core/Src/AB1805_RK.o
 .debug_macro   0x0000153d      0x4da ./Core/Src/AB1805_RK.o
 .debug_macro   0x00001a17      0x11f ./Core/Src/AB1805_RK.o
 .debug_macro   0x00001b36     0xf3b4 ./Core/Src/AB1805_RK.o
 .debug_macro   0x00010eea       0x6c ./Core/Src/AB1805_RK.o
 .debug_macro   0x00010f56     0x3463 ./Core/Src/AB1805_RK.o
 .debug_macro   0x000143b9      0x189 ./Core/Src/AB1805_RK.o
 .debug_macro   0x00014542       0x5a ./Core/Src/AB1805_RK.o
 .debug_macro   0x0001459c     0x13a6 ./Core/Src/AB1805_RK.o
 .debug_macro   0x00015942      0x55f ./Core/Src/AB1805_RK.o
 .debug_macro   0x00015ea1      0x1cf ./Core/Src/AB1805_RK.o
 .debug_macro   0x00016070      0x175 ./Core/Src/AB1805_RK.o
 .debug_macro   0x000161e5      0x4ec ./Core/Src/AB1805_RK.o
 .debug_macro   0x000166d1      0x280 ./Core/Src/AB1805_RK.o
 .debug_macro   0x00016951      0x410 ./Core/Src/AB1805_RK.o
 .debug_macro   0x00016d61      0x1b2 ./Core/Src/AB1805_RK.o
 .debug_macro   0x00016f13       0x43 ./Core/Src/AB1805_RK.o
 .debug_macro   0x00016f56      0x1f1 ./Core/Src/AB1805_RK.o
 .debug_macro   0x00017147      0x8d7 ./Core/Src/AB1805_RK.o
 .debug_macro   0x00017a1e      0x5de ./Core/Src/AB1805_RK.o
 .debug_macro   0x00017ffc       0x2e ./Core/Src/AB1805_RK.o
 .debug_macro   0x0001802a      0x1e3 ./Core/Src/AB1805_RK.o
 .debug_macro   0x0001820d      0x375 ./Core/Src/AB1805_RK.o
 .debug_macro   0x00018582       0x2e ./Core/Src/AB1805_RK.o
 .debug_macro   0x000185b0       0xe4 ./Core/Src/AB1805_RK.o
 .debug_macro   0x00018694      0x22c ./Core/Src/AB1805_RK.o
 .debug_macro   0x000188c0       0x36 ./Core/Src/AB1805_RK.o
 .debug_macro   0x000188f6       0xa5 ./Core/Src/AB1805_RK.o
 .debug_macro   0x0001899b      0x128 ./Core/Src/AB1805_RK.o
 .debug_macro   0x00018ac3      0x3c8 ./Core/Src/AB1805_RK.o
 .debug_macro   0x00018e8b      0x336 ./Core/Src/AB1805_RK.o
 .debug_macro   0x000191c1      0x65f ./Core/Src/AB1805_RK.o
 .debug_macro   0x00019820       0xe4 ./Core/Src/AB1805_RK.o
 .debug_macro   0x00019904      0x2fe ./Core/Src/AB1805_RK.o
 .debug_macro   0x00019c02      0x693 ./Core/Src/AB1805_RK.o
 .debug_macro   0x0001a295       0xa6 ./Core/Src/AB1805_RK.o
 .debug_macro   0x0001a33b      0x5a0 ./Core/Src/AB1805_RK.o
 .debug_macro   0x0001a8db      0x229 ./Core/Src/AB1805_RK.o
 .debug_macro   0x0001ab04       0x61 ./Core/Src/AB1805_RK.o
 .debug_macro   0x0001ab65       0x24 ./Core/Src/AB1805_RK.o
 .debug_macro   0x0001ab89       0x43 ./Core/Src/AB1805_RK.o
 .debug_macro   0x0001abcc       0x34 ./Core/Src/AB1805_RK.o
 .debug_macro   0x0001ac00       0x16 ./Core/Src/AB1805_RK.o
 .debug_macro   0x0001ac16       0x35 ./Core/Src/AB1805_RK.o
 .debug_macro   0x0001ac4b      0x369 ./Core/Src/AB1805_RK.o
 .debug_macro   0x0001afb4       0x10 ./Core/Src/AB1805_RK.o
 .debug_macro   0x0001afc4       0x16 ./Core/Src/AB1805_RK.o
 .debug_macro   0x0001afda       0x43 ./Core/Src/AB1805_RK.o
 .debug_macro   0x0001b01d       0x34 ./Core/Src/AB1805_RK.o
 .debug_macro   0x0001b051       0x10 ./Core/Src/AB1805_RK.o
 .debug_macro   0x0001b061       0x58 ./Core/Src/AB1805_RK.o
 .debug_macro   0x0001b0b9       0x8e ./Core/Src/AB1805_RK.o
 .debug_macro   0x0001b147       0x1c ./Core/Src/AB1805_RK.o
 .debug_macro   0x0001b163      0x177 ./Core/Src/AB1805_RK.o
 .debug_macro   0x0001b2da       0x16 ./Core/Src/AB1805_RK.o
 .debug_macro   0x0001b2f0       0x16 ./Core/Src/AB1805_RK.o
 .debug_macro   0x0001b306      0x146 ./Core/Src/AB1805_RK.o
 .debug_macro   0x0001b44c       0x16 ./Core/Src/AB1805_RK.o
 .debug_macro   0x0001b462       0x16 ./Core/Src/AB1805_RK.o
 .debug_macro   0x0001b478       0x29 ./Core/Src/AB1805_RK.o
 .debug_macro   0x0001b4a1       0x16 ./Core/Src/AB1805_RK.o
 .debug_macro   0x0001b4b7       0x20 ./Core/Src/AB1805_RK.o
 .debug_macro   0x0001b4d7       0x22 ./Core/Src/AB1805_RK.o
 .debug_macro   0x0001b4f9       0xc4 ./Core/Src/AB1805_RK.o
 .debug_macro   0x0001b5bd       0x4c ./Core/Src/AB1805_RK.o
 .debug_macro   0x0001b609       0x22 ./Core/Src/AB1805_RK.o
 .debug_macro   0x0001b62b      0x1c4 ./Core/Src/AB1805_RK.o
 .debug_macro   0x0001b7ef      0x39c ./Core/Src/adc.o
 .debug_macro   0x0001bb8b      0x39c ./Core/Src/gpio.o
 .debug_macro   0x0001bf27      0x39c ./Core/Src/i2c.o
 .debug_macro   0x0001c2c3      0x401 ./Core/Src/main.o
 .debug_macro   0x0001c6c4      0x420 ./Core/Src/printf.o
 .debug_macro   0x0001cae4       0x58 ./Core/Src/printf.o
 .debug_macro   0x0001cb3c      0x201 ./Core/Src/printf.o
 .debug_macro   0x0001cd3d      0x39c ./Core/Src/rtc.o
 .debug_macro   0x0001d0d9      0x39c ./Core/Src/spi.o
 .debug_macro   0x0001d475      0x392 ./Core/Src/stm32u0xx_hal_msp.o
 .debug_macro   0x0001d807      0x39c ./Core/Src/stm32u0xx_it.o
 .debug_macro   0x0001dba3      0x23d ./Core/Src/system_stm32u0xx.o
 .debug_macro   0x0001dde0      0x39c ./Core/Src/usart.o
 .debug_macro   0x0001e17c      0x255 ./Drivers/STM32U0xx_HAL_Driver/Src/stm32u0xx_hal.o
 .debug_macro   0x0001e3d1      0x255 ./Drivers/STM32U0xx_HAL_Driver/Src/stm32u0xx_hal_adc.o
 .debug_macro   0x0001e626      0x231 ./Drivers/STM32U0xx_HAL_Driver/Src/stm32u0xx_hal_cortex.o
 .debug_macro   0x0001e857      0x237 ./Drivers/STM32U0xx_HAL_Driver/Src/stm32u0xx_hal_gpio.o
 .debug_macro   0x0001ea8e      0x2fd ./Drivers/STM32U0xx_HAL_Driver/Src/stm32u0xx_hal_i2c.o
 .debug_macro   0x0001ed8b      0x231 ./Drivers/STM32U0xx_HAL_Driver/Src/stm32u0xx_hal_i2c_ex.o
 .debug_macro   0x0001efbc      0x261 ./Drivers/STM32U0xx_HAL_Driver/Src/stm32u0xx_hal_pwr_ex.o
 .debug_macro   0x0001f21d      0x267 ./Drivers/STM32U0xx_HAL_Driver/Src/stm32u0xx_hal_rcc.o
 .debug_macro   0x0001f484      0x243 ./Drivers/STM32U0xx_HAL_Driver/Src/stm32u0xx_hal_rcc_ex.o
 .debug_macro   0x0001f6c7      0x232 ./Drivers/STM32U0xx_HAL_Driver/Src/stm32u0xx_hal_rtc.o
 .debug_macro   0x0001f8f9      0x237 ./Drivers/STM32U0xx_HAL_Driver/Src/stm32u0xx_hal_rtc_ex.o
 .debug_macro   0x0001fb30      0x239 ./Drivers/STM32U0xx_HAL_Driver/Src/stm32u0xx_hal_spi.o
 .debug_macro   0x0001fd69      0x25c ./Drivers/STM32U0xx_HAL_Driver/Src/stm32u0xx_hal_uart.o
 .debug_macro   0x0001ffc5      0x23d ./Drivers/STM32U0xx_HAL_Driver/Src/stm32u0xx_hal_uart_ex.o

.debug_line     0x00000000    0x1d135
 .debug_line    0x00000000     0x1332 ./Core/Src/AB1805_RK.o
 .debug_line    0x00001332      0xa88 ./Core/Src/adc.o
 .debug_line    0x00001dba      0xa54 ./Core/Src/gpio.o
 .debug_line    0x0000280e      0xa7c ./Core/Src/i2c.o
 .debug_line    0x0000328a      0xb94 ./Core/Src/main.o
 .debug_line    0x00003e1e     0x15c4 ./Core/Src/printf.o
 .debug_line    0x000053e2      0xa62 ./Core/Src/rtc.o
 .debug_line    0x00005e44      0xa64 ./Core/Src/spi.o
 .debug_line    0x000068a8      0x9eb ./Core/Src/stm32u0xx_hal_msp.o
 .debug_line    0x00007293      0xa50 ./Core/Src/stm32u0xx_it.o
 .debug_line    0x00007ce3      0x8e6 ./Core/Src/system_stm32u0xx.o
 .debug_line    0x000085c9      0xa8a ./Core/Src/usart.o
 .debug_line    0x00009053       0x7b ./Core/Startup/startup_stm32u073cctx.o
 .debug_line    0x000090ce      0xc73 ./Drivers/STM32U0xx_HAL_Driver/Src/stm32u0xx_hal.o
 .debug_line    0x00009d41     0x190c ./Drivers/STM32U0xx_HAL_Driver/Src/stm32u0xx_hal_adc.o
 .debug_line    0x0000b64d      0xc72 ./Drivers/STM32U0xx_HAL_Driver/Src/stm32u0xx_hal_cortex.o
 .debug_line    0x0000c2bf      0xc78 ./Drivers/STM32U0xx_HAL_Driver/Src/stm32u0xx_hal_gpio.o
 .debug_line    0x0000cf37     0x39e5 ./Drivers/STM32U0xx_HAL_Driver/Src/stm32u0xx_hal_i2c.o
 .debug_line    0x0001091c      0xa70 ./Drivers/STM32U0xx_HAL_Driver/Src/stm32u0xx_hal_i2c_ex.o
 .debug_line    0x0001138c      0xd72 ./Drivers/STM32U0xx_HAL_Driver/Src/stm32u0xx_hal_pwr_ex.o
 .debug_line    0x000120fe     0x10a3 ./Drivers/STM32U0xx_HAL_Driver/Src/stm32u0xx_hal_rcc.o
 .debug_line    0x000131a1     0x1443 ./Drivers/STM32U0xx_HAL_Driver/Src/stm32u0xx_hal_rcc_ex.o
 .debug_line    0x000145e4     0x10af ./Drivers/STM32U0xx_HAL_Driver/Src/stm32u0xx_hal_rtc.o
 .debug_line    0x00015693     0x14ac ./Drivers/STM32U0xx_HAL_Driver/Src/stm32u0xx_hal_rtc_ex.o
 .debug_line    0x00016b3f     0x201b ./Drivers/STM32U0xx_HAL_Driver/Src/stm32u0xx_hal_spi.o
 .debug_line    0x00018b5a     0x36fa ./Drivers/STM32U0xx_HAL_Driver/Src/stm32u0xx_hal_uart.o
 .debug_line    0x0001c254      0xee1 ./Drivers/STM32U0xx_HAL_Driver/Src/stm32u0xx_hal_uart_ex.o

.debug_str      0x00000000    0xc3260
 .debug_str     0x00000000    0xbc499 ./Core/Src/AB1805_RK.o
                              0xbccb1 (size before relaxing)
 .debug_str     0x000bc499      0x844 ./Core/Src/adc.o
                              0xbb6e9 (size before relaxing)
 .debug_str     0x000bccdd       0x82 ./Core/Src/gpio.o
                              0xbb043 (size before relaxing)
 .debug_str     0x000bcd5f      0x2bc ./Core/Src/i2c.o
                              0xbb7c2 (size before relaxing)
 .debug_str     0x000bd01b      0x2d4 ./Core/Src/main.o
                              0xbbf00 (size before relaxing)
 .debug_str     0x000bd2ef      0x97d ./Core/Src/printf.o
                              0xbba3f (size before relaxing)
 .debug_str     0x000bdc6c      0x1d7 ./Core/Src/rtc.o
                              0xbb363 (size before relaxing)
 .debug_str     0x000bde43      0x1ee ./Core/Src/spi.o
                              0xbb566 (size before relaxing)
 .debug_str     0x000be031       0x2c ./Core/Src/stm32u0xx_hal_msp.o
                              0xbaf78 (size before relaxing)
 .debug_str     0x000be05d       0x82 ./Core/Src/stm32u0xx_it.o
                              0xbae8c (size before relaxing)
 .debug_str     0x000be0df      0x166 ./Core/Src/system_stm32u0xx.o
                              0xb6968 (size before relaxing)
 .debug_str     0x000be245      0x262 ./Core/Src/usart.o
                              0xbb7d7 (size before relaxing)
 .debug_str     0x000be4a7       0x44 ./Core/Startup/startup_stm32u073cctx.o
                                 0x6b (size before relaxing)
 .debug_str     0x000be4eb      0x788 ./Drivers/STM32U0xx_HAL_Driver/Src/stm32u0xx_hal.o
                              0xb70b5 (size before relaxing)
 .debug_str     0x000bec73      0x928 ./Drivers/STM32U0xx_HAL_Driver/Src/stm32u0xx_hal_adc.o
                              0xb762a (size before relaxing)
 .debug_str     0x000bf59b      0x282 ./Drivers/STM32U0xx_HAL_Driver/Src/stm32u0xx_hal_cortex.o
                              0xb6d16 (size before relaxing)
 .debug_str     0x000bf81d      0x136 ./Drivers/STM32U0xx_HAL_Driver/Src/stm32u0xx_hal_gpio.o
                              0xb6931 (size before relaxing)
 .debug_str     0x000bf953      0xed2 ./Drivers/STM32U0xx_HAL_Driver/Src/stm32u0xx_hal_i2c.o
                              0xb7be2 (size before relaxing)
 .debug_str     0x000c0825       0x87 ./Drivers/STM32U0xx_HAL_Driver/Src/stm32u0xx_hal_i2c_ex.o
                              0xb6d59 (size before relaxing)
 .debug_str     0x000c08ac      0x428 ./Drivers/STM32U0xx_HAL_Driver/Src/stm32u0xx_hal_pwr_ex.o
                              0xb6d96 (size before relaxing)
 .debug_str     0x000c0cd4      0x453 ./Drivers/STM32U0xx_HAL_Driver/Src/stm32u0xx_hal_rcc.o
                              0xb704c (size before relaxing)
 .debug_str     0x000c1127      0x4f9 ./Drivers/STM32U0xx_HAL_Driver/Src/stm32u0xx_hal_rcc_ex.o
                              0xb70fe (size before relaxing)
 .debug_str     0x000c1620      0x3aa ./Drivers/STM32U0xx_HAL_Driver/Src/stm32u0xx_hal_rtc.o
                              0xb6d17 (size before relaxing)
 .debug_str     0x000c19ca      0x7e1 ./Drivers/STM32U0xx_HAL_Driver/Src/stm32u0xx_hal_rtc_ex.o
                              0xb72a1 (size before relaxing)
 .debug_str     0x000c21ab      0x54e ./Drivers/STM32U0xx_HAL_Driver/Src/stm32u0xx_hal_spi.o
                              0xb7202 (size before relaxing)
 .debug_str     0x000c26f9      0x8fc ./Drivers/STM32U0xx_HAL_Driver/Src/stm32u0xx_hal_uart.o
                              0xb768c (size before relaxing)
 .debug_str     0x000c2ff5      0x26b ./Drivers/STM32U0xx_HAL_Driver/Src/stm32u0xx_hal_uart_ex.o
                              0xb70a6 (size before relaxing)

.comment        0x00000000       0x43
 .comment       0x00000000       0x43 ./Core/Src/AB1805_RK.o
                                 0x44 (size before relaxing)
 .comment       0x00000043       0x44 ./Core/Src/adc.o
 .comment       0x00000043       0x44 ./Core/Src/gpio.o
 .comment       0x00000043       0x44 ./Core/Src/i2c.o
 .comment       0x00000043       0x44 ./Core/Src/main.o
 .comment       0x00000043       0x44 ./Core/Src/printf.o
 .comment       0x00000043       0x44 ./Core/Src/rtc.o
 .comment       0x00000043       0x44 ./Core/Src/spi.o
 .comment       0x00000043       0x44 ./Core/Src/stm32u0xx_hal_msp.o
 .comment       0x00000043       0x44 ./Core/Src/stm32u0xx_it.o
 .comment       0x00000043       0x44 ./Core/Src/system_stm32u0xx.o
 .comment       0x00000043       0x44 ./Core/Src/usart.o
 .comment       0x00000043       0x44 ./Drivers/STM32U0xx_HAL_Driver/Src/stm32u0xx_hal.o
 .comment       0x00000043       0x44 ./Drivers/STM32U0xx_HAL_Driver/Src/stm32u0xx_hal_adc.o
 .comment       0x00000043       0x44 ./Drivers/STM32U0xx_HAL_Driver/Src/stm32u0xx_hal_cortex.o
 .comment       0x00000043       0x44 ./Drivers/STM32U0xx_HAL_Driver/Src/stm32u0xx_hal_gpio.o
 .comment       0x00000043       0x44 ./Drivers/STM32U0xx_HAL_Driver/Src/stm32u0xx_hal_i2c.o
 .comment       0x00000043       0x44 ./Drivers/STM32U0xx_HAL_Driver/Src/stm32u0xx_hal_i2c_ex.o
 .comment       0x00000043       0x44 ./Drivers/STM32U0xx_HAL_Driver/Src/stm32u0xx_hal_pwr_ex.o
 .comment       0x00000043       0x44 ./Drivers/STM32U0xx_HAL_Driver/Src/stm32u0xx_hal_rcc.o
 .comment       0x00000043       0x44 ./Drivers/STM32U0xx_HAL_Driver/Src/stm32u0xx_hal_rcc_ex.o
 .comment       0x00000043       0x44 ./Drivers/STM32U0xx_HAL_Driver/Src/stm32u0xx_hal_rtc.o
 .comment       0x00000043       0x44 ./Drivers/STM32U0xx_HAL_Driver/Src/stm32u0xx_hal_rtc_ex.o
 .comment       0x00000043       0x44 ./Drivers/STM32U0xx_HAL_Driver/Src/stm32u0xx_hal_spi.o
 .comment       0x00000043       0x44 ./Drivers/STM32U0xx_HAL_Driver/Src/stm32u0xx_hal_uart.o
 .comment       0x00000043       0x44 ./Drivers/STM32U0xx_HAL_Driver/Src/stm32u0xx_hal_uart_ex.o

.debug_frame    0x00000000     0x5088
 .debug_frame   0x00000000      0x4ec ./Core/Src/AB1805_RK.o
 .debug_frame   0x000004ec       0x70 ./Core/Src/adc.o
 .debug_frame   0x0000055c       0x30 ./Core/Src/gpio.o
 .debug_frame   0x0000058c       0x6c ./Core/Src/i2c.o
 .debug_frame   0x000005f8      0x100 ./Core/Src/main.o
 .debug_frame   0x000006f8      0x2e0 ./Core/Src/printf.o
 .debug_frame   0x000009d8       0x6c ./Core/Src/rtc.o
 .debug_frame   0x00000a44       0x6c ./Core/Src/spi.o
 .debug_frame   0x00000ab0       0x30 ./Core/Src/stm32u0xx_hal_msp.o
 .debug_frame   0x00000ae0       0x9c ./Core/Src/stm32u0xx_it.o
 .debug_frame   0x00000b7c       0x4c ./Core/Src/system_stm32u0xx.o
 .debug_frame   0x00000bc8       0x6c ./Core/Src/usart.o
 .debug_frame   0x00000c34      0x4a4 ./Drivers/STM32U0xx_HAL_Driver/Src/stm32u0xx_hal.o
 .debug_frame   0x000010d8      0x7cc ./Drivers/STM32U0xx_HAL_Driver/Src/stm32u0xx_hal_adc.o
 .debug_frame   0x000018a4      0x33c ./Drivers/STM32U0xx_HAL_Driver/Src/stm32u0xx_hal_cortex.o
 .debug_frame   0x00001be0      0x130 ./Drivers/STM32U0xx_HAL_Driver/Src/stm32u0xx_hal_gpio.o
 .debug_frame   0x00001d10      0xa68 ./Drivers/STM32U0xx_HAL_Driver/Src/stm32u0xx_hal_i2c.o
 .debug_frame   0x00002778       0xb0 ./Drivers/STM32U0xx_HAL_Driver/Src/stm32u0xx_hal_i2c_ex.o
 .debug_frame   0x00002828      0x414 ./Drivers/STM32U0xx_HAL_Driver/Src/stm32u0xx_hal_pwr_ex.o
 .debug_frame   0x00002c3c      0x1c4 ./Drivers/STM32U0xx_HAL_Driver/Src/stm32u0xx_hal_rcc.o
 .debug_frame   0x00002e00      0x34c ./Drivers/STM32U0xx_HAL_Driver/Src/stm32u0xx_hal_rcc_ex.o
 .debug_frame   0x0000314c      0x354 ./Drivers/STM32U0xx_HAL_Driver/Src/stm32u0xx_hal_rtc.o
 .debug_frame   0x000034a0      0x690 ./Drivers/STM32U0xx_HAL_Driver/Src/stm32u0xx_hal_rtc_ex.o
 .debug_frame   0x00003b30      0x710 ./Drivers/STM32U0xx_HAL_Driver/Src/stm32u0xx_hal_spi.o
 .debug_frame   0x00004240      0x8d8 ./Drivers/STM32U0xx_HAL_Driver/Src/stm32u0xx_hal_uart.o
 .debug_frame   0x00004b18      0x258 ./Drivers/STM32U0xx_HAL_Driver/Src/stm32u0xx_hal_uart_ex.o
 .debug_frame   0x00004d70       0x20 C:/ST/STM32CubeIDE_1.5.0/STM32CubeIDE/plugins/com.st.stm32cube.ide.mcu.externaltools.gnu-tools-for-stm32.12.3.rel1.win32_1.0.100.202403111256/tools/bin/../lib/gcc/arm-none-eabi/12.3.1/../../../../arm-none-eabi/lib/thumb/v6-m/nofp\libc_nano.a(libc_a-memset.o)
 .debug_frame   0x00004d90       0x2c C:/ST/STM32CubeIDE_1.5.0/STM32CubeIDE/plugins/com.st.stm32cube.ide.mcu.externaltools.gnu-tools-for-stm32.12.3.rel1.win32_1.0.100.202403111256/tools/bin/../lib/gcc/arm-none-eabi/12.3.1/../../../../arm-none-eabi/lib/thumb/v6-m/nofp\libc_nano.a(libc_a-init.o)
 .debug_frame   0x00004dbc       0x20 C:/ST/STM32CubeIDE_1.5.0/STM32CubeIDE/plugins/com.st.stm32cube.ide.mcu.externaltools.gnu-tools-for-stm32.12.3.rel1.win32_1.0.100.202403111256/tools/bin/../lib/gcc/arm-none-eabi/12.3.1/thumb/v6-m/nofp\libgcc.a(_udivsi3.o)
 .debug_frame   0x00004ddc       0x20 C:/ST/STM32CubeIDE_1.5.0/STM32CubeIDE/plugins/com.st.stm32cube.ide.mcu.externaltools.gnu-tools-for-stm32.12.3.rel1.win32_1.0.100.202403111256/tools/bin/../lib/gcc/arm-none-eabi/12.3.1/thumb/v6-m/nofp\libgcc.a(_divsi3.o)
 .debug_frame   0x00004dfc       0x2c C:/ST/STM32CubeIDE_1.5.0/STM32CubeIDE/plugins/com.st.stm32cube.ide.mcu.externaltools.gnu-tools-for-stm32.12.3.rel1.win32_1.0.100.202403111256/tools/bin/../lib/gcc/arm-none-eabi/12.3.1/thumb/v6-m/nofp\libgcc.a(_fixunsdfsi.o)
 .debug_frame   0x00004e28       0x3c C:/ST/STM32CubeIDE_1.5.0/STM32CubeIDE/plugins/com.st.stm32cube.ide.mcu.externaltools.gnu-tools-for-stm32.12.3.rel1.win32_1.0.100.202403111256/tools/bin/../lib/gcc/arm-none-eabi/12.3.1/thumb/v6-m/nofp\libgcc.a(_udivmoddi4.o)
 .debug_frame   0x00004e64       0x3c C:/ST/STM32CubeIDE_1.5.0/STM32CubeIDE/plugins/com.st.stm32cube.ide.mcu.externaltools.gnu-tools-for-stm32.12.3.rel1.win32_1.0.100.202403111256/tools/bin/../lib/gcc/arm-none-eabi/12.3.1/thumb/v6-m/nofp\libgcc.a(adddf3.o)
 .debug_frame   0x00004ea0       0x3c C:/ST/STM32CubeIDE_1.5.0/STM32CubeIDE/plugins/com.st.stm32cube.ide.mcu.externaltools.gnu-tools-for-stm32.12.3.rel1.win32_1.0.100.202403111256/tools/bin/../lib/gcc/arm-none-eabi/12.3.1/thumb/v6-m/nofp\libgcc.a(divdf3.o)
 .debug_frame   0x00004edc       0x38 C:/ST/STM32CubeIDE_1.5.0/STM32CubeIDE/plugins/com.st.stm32cube.ide.mcu.externaltools.gnu-tools-for-stm32.12.3.rel1.win32_1.0.100.202403111256/tools/bin/../lib/gcc/arm-none-eabi/12.3.1/thumb/v6-m/nofp\libgcc.a(eqdf2.o)
 .debug_frame   0x00004f14       0x3c C:/ST/STM32CubeIDE_1.5.0/STM32CubeIDE/plugins/com.st.stm32cube.ide.mcu.externaltools.gnu-tools-for-stm32.12.3.rel1.win32_1.0.100.202403111256/tools/bin/../lib/gcc/arm-none-eabi/12.3.1/thumb/v6-m/nofp\libgcc.a(gedf2.o)
 .debug_frame   0x00004f50       0x3c C:/ST/STM32CubeIDE_1.5.0/STM32CubeIDE/plugins/com.st.stm32cube.ide.mcu.externaltools.gnu-tools-for-stm32.12.3.rel1.win32_1.0.100.202403111256/tools/bin/../lib/gcc/arm-none-eabi/12.3.1/thumb/v6-m/nofp\libgcc.a(ledf2.o)
 .debug_frame   0x00004f8c       0x3c C:/ST/STM32CubeIDE_1.5.0/STM32CubeIDE/plugins/com.st.stm32cube.ide.mcu.externaltools.gnu-tools-for-stm32.12.3.rel1.win32_1.0.100.202403111256/tools/bin/../lib/gcc/arm-none-eabi/12.3.1/thumb/v6-m/nofp\libgcc.a(muldf3.o)
 .debug_frame   0x00004fc8       0x3c C:/ST/STM32CubeIDE_1.5.0/STM32CubeIDE/plugins/com.st.stm32cube.ide.mcu.externaltools.gnu-tools-for-stm32.12.3.rel1.win32_1.0.100.202403111256/tools/bin/../lib/gcc/arm-none-eabi/12.3.1/thumb/v6-m/nofp\libgcc.a(subdf3.o)
 .debug_frame   0x00005004       0x30 C:/ST/STM32CubeIDE_1.5.0/STM32CubeIDE/plugins/com.st.stm32cube.ide.mcu.externaltools.gnu-tools-for-stm32.12.3.rel1.win32_1.0.100.202403111256/tools/bin/../lib/gcc/arm-none-eabi/12.3.1/thumb/v6-m/nofp\libgcc.a(fixdfsi.o)
 .debug_frame   0x00005034       0x2c C:/ST/STM32CubeIDE_1.5.0/STM32CubeIDE/plugins/com.st.stm32cube.ide.mcu.externaltools.gnu-tools-for-stm32.12.3.rel1.win32_1.0.100.202403111256/tools/bin/../lib/gcc/arm-none-eabi/12.3.1/thumb/v6-m/nofp\libgcc.a(floatsidf.o)
 .debug_frame   0x00005060       0x28 C:/ST/STM32CubeIDE_1.5.0/STM32CubeIDE/plugins/com.st.stm32cube.ide.mcu.externaltools.gnu-tools-for-stm32.12.3.rel1.win32_1.0.100.202403111256/tools/bin/../lib/gcc/arm-none-eabi/12.3.1/thumb/v6-m/nofp\libgcc.a(floatunsidf.o)

.debug_line_str
                0x00000000       0x4f
 .debug_line_str
                0x00000000       0x4f ./Core/Startup/startup_stm32u073cctx.o
