../Drivers/STM32U0xx_HAL_Driver/Inc/stm32u0xx_ll_spi.h:905:26:LL_SPI_IsActiveFlag_RXNE	16	static
../Drivers/STM32U0xx_HAL_Driver/Inc/stm32u0xx_ll_spi.h:916:26:LL_SPI_IsActiveFlag_TXE	16	static
../Drivers/STM32U0xx_HAL_Driver/Inc/stm32u0xx_ll_spi.h:1333:25:LL_SPI_ReceiveData8	16	static
../Drivers/STM32U0xx_HAL_Driver/Inc/stm32u0xx_ll_spi.h:1356:22:LL_SPI_TransmitData8	24	static
../Core/Src/AB1805_RK.c:43:20:spi_select_slave	16	static
../Core/Src/AB1805_RK.c:55:6:setup	16	static
../Core/Src/AB1805_RK.c:68:6:loop	8	static
../Core/Src/AB1805_RK.c:73:6:detectChip	32	static
../Core/Src/AB1805_RK.c:113:6:usingRCOscillator	24	static
../Core/Src/AB1805_RK.c:122:6:resetConfig	24	static
../Core/Src/AB1805_RK.c:165:6:updateWakeReason	24	static
../Core/Src/AB1805_RK.c:207:6:setWDT	24	static
../Core/Src/AB1805_RK.c:250:6:clearRepeatingInterrupt	24	static
../Core/Src/AB1805_RK.c:282:6:interruptCountdownTimer	32	static
../Core/Src/AB1805_RK.c:314:6:deepPowerDown	40	static
../Core/Src/AB1805_RK.c:384:6:setCountdownTimer	32	static
../Core/Src/AB1805_RK.c:445:6:maskRegister	40	static
../Core/Src/AB1805_RK.c:460:6:isBitClear	32	static
../Core/Src/AB1805_RK.c:470:6:isBitSet	32	static
../Core/Src/AB1805_RK.c:480:6:clearRegisterBit	24	static
../Core/Src/AB1805_RK.c:485:6:setRegisterBit	24	static
../Core/Src/AB1805_RK.c:493:6:eraseRam	48	static
../Core/Src/AB1805_RK.c:511:6:readRam	48	static
../Core/Src/AB1805_RK.c:561:6:writeRam	40	static
../Core/Src/AB1805_RK.c:601:5:bcdToValue	16	static
../Core/Src/AB1805_RK.c:607:9:valueToBcd	24	static
../Core/Src/AB1805_RK.c:622:17:getWakeReason	8	static
../Core/Src/AB1805_RK.c:627:23:SPI1_SendByte	24	static
../Core/Src/AB1805_RK.c:652:23:read_rtc_register	32	static
../Core/Src/AB1805_RK.c:669:23:write_rtc_register	24	static
../Core/Src/AB1805_RK.c:688:6:hex_dump	72	static
../Core/Src/AB1805_RK.c:704:24:utils_enter_critical_section	16	static,ignoring_inline_asm
../Core/Src/AB1805_RK.c:711:20:utils_exit_critical_section	24	static,ignoring_inline_asm
../Core/Src/AB1805_RK.c:716:6:isRTCSet	8	static
../Core/Src/AB1805_RK.c:723:6:readRegisters	40	static
../Core/Src/AB1805_RK.c:747:6:writeRegisters	24	static
../Core/Src/AB1805_RK.c:777:6:stopWDT	8	static
../Core/Src/AB1805_RK.c:791:6:resumeWDT	8	static
../Core/Src/AB1805_RK.c:796:9:read	16	static
../Core/Src/AB1805_RK.c:801:9:write	16	static
