../Drivers/STM32U0xx_HAL_Driver/Inc/stm32u0xx_ll_spi.h:905:26:LL_SPI_IsActiveFlag_RXNE	16	static
../Drivers/STM32U0xx_HAL_Driver/Inc/stm32u0xx_ll_spi.h:916:26:LL_SPI_IsActiveFlag_TXE	16	static
../Drivers/STM32U0xx_HAL_Driver/Inc/stm32u0xx_ll_spi.h:1333:25:LL_SPI_ReceiveData8	16	static
../Drivers/STM32U0xx_HAL_Driver/Inc/stm32u0xx_ll_spi.h:1356:22:LL_SPI_TransmitData8	24	static
../Core/Src/AB1805_RK.c:43:20:spi_select_slave	16	static
../Core/Src/AB1805_RK.c:55:6:setup	16	static
../Core/Src/AB1805_RK.c:68:6:loop	8	static
../Core/Src/AB1805_RK.c:73:6:detectChip	32	static
../Core/Src/AB1805_RK.c:113:6:usingRCOscillator	24	static
../Core/Src/AB1805_RK.c:122:6:resetConfig	24	static
../Core/Src/AB1805_RK.c:165:6:updateWakeReason	24	static
../Core/Src/AB1805_RK.c:207:6:setWDT	24	static
../Core/Src/AB1805_RK.c:252:6:clearRepeatingInterrupt	24	static
../Core/Src/AB1805_RK.c:284:6:interruptCountdownTimer	32	static
../Core/Src/AB1805_RK.c:316:6:deepPowerDown	40	static
../Core/Src/AB1805_RK.c:385:6:setCountdownTimer	32	static
../Core/Src/AB1805_RK.c:444:6:maskRegister	40	static
../Core/Src/AB1805_RK.c:459:6:isBitClear	32	static
../Core/Src/AB1805_RK.c:469:6:isBitSet	32	static
../Core/Src/AB1805_RK.c:479:6:clearRegisterBit	24	static
../Core/Src/AB1805_RK.c:484:6:setRegisterBit	24	static
../Core/Src/AB1805_RK.c:492:6:eraseRam	48	static
../Core/Src/AB1805_RK.c:510:6:readRam	48	static
../Core/Src/AB1805_RK.c:560:6:writeRam	40	static
../Core/Src/AB1805_RK.c:600:5:bcdToValue	16	static
../Core/Src/AB1805_RK.c:606:9:valueToBcd	24	static
../Core/Src/AB1805_RK.c:621:17:getWakeReason	8	static
../Core/Src/AB1805_RK.c:626:23:SPI1_SendByte	24	static
../Core/Src/AB1805_RK.c:651:23:read_rtc_register	32	static
../Core/Src/AB1805_RK.c:668:23:write_rtc_register	24	static
../Core/Src/AB1805_RK.c:686:6:hex_dump	72	static
../Core/Src/AB1805_RK.c:701:24:utils_enter_critical_section	16	static,ignoring_inline_asm
../Core/Src/AB1805_RK.c:708:20:utils_exit_critical_section	24	static,ignoring_inline_asm
../Core/Src/AB1805_RK.c:713:6:isRTCSet	8	static
../Core/Src/AB1805_RK.c:720:6:readRegisters	40	static
../Core/Src/AB1805_RK.c:744:6:writeRegisters	24	static
../Core/Src/AB1805_RK.c:774:6:stopWDT	8	static
../Core/Src/AB1805_RK.c:788:6:resumeWDT	8	static
