../Drivers/STM32U0xx_HAL_Driver/Inc/stm32u0xx_ll_spi.h:905:26:LL_SPI_IsActiveFlag_RXNE	16	static
../Drivers/STM32U0xx_HAL_Driver/Inc/stm32u0xx_ll_spi.h:916:26:LL_SPI_IsActiveFlag_TXE	16	static
../Drivers/STM32U0xx_HAL_Driver/Inc/stm32u0xx_ll_spi.h:1333:25:LL_SPI_ReceiveData8	16	static
../Drivers/STM32U0xx_HAL_Driver/Inc/stm32u0xx_ll_spi.h:1356:22:LL_SPI_TransmitData8	24	static
../Core/Src/AB1805.c:44:6:spi_select_slave	16	static
../Core/Src/AB1805.c:56:9:get_rtc_data	16	static
../Core/Src/AB1805.c:61:9:get_hundredths	8	static
../Core/Src/AB1805.c:66:9:get_second	8	static
../Core/Src/AB1805.c:71:9:get_minute	8	static
../Core/Src/AB1805.c:76:9:get_hour	8	static
../Core/Src/AB1805.c:81:9:get_weekday	8	static
../Core/Src/AB1805.c:86:9:get_date	8	static
../Core/Src/AB1805.c:91:9:get_month	8	static
../Core/Src/AB1805.c:96:9:get_year	8	static
../Core/Src/AB1805.c:101:6:get_datetime	8	static
../Core/Src/AB1805.c:114:9:get_second_alarm	8	static
../Core/Src/AB1805.c:120:9:get_minute_alarm	8	static
../Core/Src/AB1805.c:126:9:get_hour_alarm	8	static
../Core/Src/AB1805.c:132:9:get_weekday_alarm	8	static
../Core/Src/AB1805.c:138:9:get_date_alarm	8	static
../Core/Src/AB1805.c:144:9:get_month_alarm	8	static
../Core/Src/AB1805.c:150:6:set_second	16	static
../Core/Src/AB1805.c:156:6:set_minute	16	static
../Core/Src/AB1805.c:162:6:set_hour	16	static
../Core/Src/AB1805.c:168:6:set_weekday	16	static
../Core/Src/AB1805.c:174:6:set_date	16	static
../Core/Src/AB1805.c:180:6:set_month	16	static
../Core/Src/AB1805.c:186:6:set_year	16	static
../Core/Src/AB1805.c:192:6:set_datetime	24	static
../Core/Src/AB1805.c:203:6:set_datetime_alarm_month	24	static
../Core/Src/AB1805.c:213:6:set_datetime_alarm_date	24	static
../Core/Src/AB1805.c:222:6:set_week_alarm	24	static
../Core/Src/AB1805.c:231:6:set_datetime_alarm_hour	24	static
../Core/Src/AB1805.c:239:6:set_datetime_alarm_minutes	16	static
../Core/Src/AB1805.c:246:6:set_datetime_alarm_seconds	16	static
../Core/Src/AB1805.c:252:6:set_once_second_alarm	16	static
../Core/Src/AB1805.c:258:6:set_second_alarm	16	static
../Core/Src/AB1805.c:266:6:set_minute_alarm	16	static
../Core/Src/AB1805.c:274:6:set_hour_alarm	16	static
../Core/Src/AB1805.c:282:6:set_weekday_alarm	16	static
../Core/Src/AB1805.c:290:6:set_date_alarm	16	static
../Core/Src/AB1805.c:298:6:set_month_alarm	16	static
../Core/Src/AB1805.c:348:7:get_date_time	16	static
../Core/Src/AB1805.c:411:9:dec_hex	24	static
../Core/Src/AB1805.c:418:9:hex_dec	24	static
../Core/Src/AB1805.c:426:9:get_status	8	static
../Core/Src/AB1805.c:432:9:get_CB_status	8	static
../Core/Src/AB1805.c:438:9:get_BAT_status	8	static
../Core/Src/AB1805.c:444:9:get_WDT_status	8	static
../Core/Src/AB1805.c:450:9:get_BL_status	8	static
../Core/Src/AB1805.c:456:9:get_TIM_status	8	static
../Core/Src/AB1805.c:462:9:get_ALM_status	8	static
../Core/Src/AB1805.c:468:9:get_EX2_status	8	static
../Core/Src/AB1805.c:474:9:get_EX1_status	8	static
../Core/Src/AB1805.c:480:9:clean_CB_status	24	static
../Core/Src/AB1805.c:489:9:clean_BAT_status	24	static
../Core/Src/AB1805.c:498:9:clean_WDT_status	24	static
../Core/Src/AB1805.c:507:9:clean_BL_status	24	static
../Core/Src/AB1805.c:516:9:clean_TIM_status	24	static
../Core/Src/AB1805.c:525:9:clean_ALM_status	24	static
../Core/Src/AB1805.c:534:9:clean_EX2_status	24	static
../Core/Src/AB1805.c:543:9:clean_EX1_status	24	static
../Core/Src/AB1805.c:553:9:set_control1	16	static
../Core/Src/AB1805.c:560:9:set_1224	32	static
../Core/Src/AB1805.c:573:9:set_RSP	32	static
../Core/Src/AB1805.c:586:9:set_ARST	32	static
../Core/Src/AB1805.c:599:9:set_PWR2	32	static
../Core/Src/AB1805.c:612:9:set_WRTC	32	static
../Core/Src/AB1805.c:626:9:get_interrupt	8	static
../Core/Src/AB1805.c:632:9:get_BLIE_interrupt	8	static
../Core/Src/AB1805.c:638:9:get_TIE_interrupt	8	static
../Core/Src/AB1805.c:644:9:get_AIE_interrupt	8	static
../Core/Src/AB1805.c:650:9:get_EX2E_interrupt	8	static
../Core/Src/AB1805.c:656:9:get_EX1E_interrupt	8	static
../Core/Src/AB1805.c:662:9:set_interrupt	16	static
../Core/Src/AB1805.c:669:9:set_BLIE_interrupt	32	static
../Core/Src/AB1805.c:682:9:set_TIE_interrupt	32	static
../Core/Src/AB1805.c:695:9:set_AIE_interrupt	32	static
../Core/Src/AB1805.c:708:9:set_EX1E_interrupt	32	static
../Core/Src/AB1805.c:721:9:set_EX2E_interrupt	32	static
../Core/Src/AB1805.c:735:9:get_control2	8	static
../Core/Src/AB1805.c:741:9:get_RS1E_control2	8	static
../Core/Src/AB1805.c:747:9:get_OUT2S_control2	8	static
../Core/Src/AB1805.c:753:9:get_OUT1S_control2	8	static
../Core/Src/AB1805.c:759:9:set_control2	16	static
../Core/Src/AB1805.c:766:9:set_RS1E_control2	32	static
../Core/Src/AB1805.c:779:9:set_OUT2S_control2	32	static
../Core/Src/AB1805.c:789:9:set_OUT1S_control2	32	static
../Core/Src/AB1805.c:800:9:get_sleep	8	static
../Core/Src/AB1805.c:806:9:get_SLP_sleep	8	static
../Core/Src/AB1805.c:812:9:get_SLRES_sleep	8	static
../Core/Src/AB1805.c:818:9:get_EX2P_sleep	8	static
../Core/Src/AB1805.c:824:9:get_EX1P_sleep	8	static
../Core/Src/AB1805.c:830:9:get_SLST_sleep	8	static
../Core/Src/AB1805.c:836:9:get_SLTO_sleep	8	static
../Core/Src/AB1805.c:842:9:set_sleep	16	static
../Core/Src/AB1805.c:849:9:set_SLP_sleep	32	static
../Core/Src/AB1805.c:862:9:set_SLRES_sleep	32	static
../Core/Src/AB1805.c:875:9:set_EX2P_sleep	32	static
../Core/Src/AB1805.c:888:9:set_EX1P_sleep	32	static
../Core/Src/AB1805.c:901:9:clean_SLST_sleep	24	static
../Core/Src/AB1805.c:910:9:set_SLTO_sleep	32	static
../Core/Src/AB1805.c:921:9:get_time_control	8	static
../Core/Src/AB1805.c:927:9:get_TE_time_control	8	static
../Core/Src/AB1805.c:933:9:get_TM_time_control	8	static
../Core/Src/AB1805.c:939:9:get_TRPT_time_control	8	static
../Core/Src/AB1805.c:945:9:get_RPT_time_control	8	static
../Core/Src/AB1805.c:951:9:get_TFS_time_control	8	static
../Core/Src/AB1805.c:957:9:set_time_control	16	static
../Core/Src/AB1805.c:964:9:set_TE_time_control	32	static
../Core/Src/AB1805.c:977:9:set_TM_time_control	32	static
../Core/Src/AB1805.c:990:9:set_TRPT_time_control	32	static
../Core/Src/AB1805.c:1003:9:set_RPT_time_control	32	static
../Core/Src/AB1805.c:1013:9:set_TFS_time_control	32	static
../Core/Src/AB1805.c:1024:9:get_outcontrol	8	static
../Core/Src/AB1805.c:1030:9:get_outcontrol_mask	24	static
../Core/Src/AB1805.c:1066:9:set_outcontrol_value	16	static
../Core/Src/AB1805.c:1073:9:set_outcontrol_value_mask	32	static
../Core/Src/AB1805.c:1125:9:get_osc_control	8	static
../Core/Src/AB1805.c:1131:9:get_osc_control_mask	24	static
../Core/Src/AB1805.c:1164:9:set_osc_control_value	16	static
../Core/Src/AB1805.c:1171:9:set_osc_control_value_mask	32	static
../Core/Src/AB1805.c:1212:9:get_WDT_register	8	static
../Core/Src/AB1805.c:1218:9:get_WDT_register_mask	24	static
../Core/Src/AB1805.c:1239:9:set_value	16	static
../Core/Src/AB1805.c:1246:9:set_WDT_register_mask	32	static
../Core/Src/AB1805.c:1275:6:enter_sleep_mode_PWR_value	16	static
../Core/Src/AB1805.c:1311:9:enter_sleep_mode	40	static
../Core/Src/AB1805.c:1386:23:SPI1_SendByte	16	static
../Core/Src/AB1805.c:1397:23:read_rtc_register	32	static
../Core/Src/AB1805.c:1436:9:write_rtc_register	24	static
../Core/Src/AB1805.c:1456:6:hex_dump	72	static
../Core/Src/AB1805.c:1471:6:resetConfig	8	static
../Core/Src/AB1805.c:1522:24:utils_enter_critical_section	16	static,ignoring_inline_asm
../Core/Src/AB1805.c:1529:20:utils_exit_critical_section	24	static,ignoring_inline_asm
