../Drivers/STM32U0xx_HAL_Driver/Inc/stm32u0xx_ll_adc.h:4527:22:LL_ADC_Enable	16	static
../Drivers/STM32U0xx_HAL_Driver/Inc/stm32u0xx_ll_adc.h:4547:22:LL_ADC_Disable	16	static
../Drivers/STM32U0xx_HAL_Driver/Inc/stm32u0xx_ll_adc.h:4566:26:LL_ADC_IsEnabled	16	static
../Drivers/STM32U0xx_HAL_Driver/Inc/stm32u0xx_ll_adc.h:4577:26:LL_ADC_IsDisableOngoing	16	static
../Drivers/STM32U0xx_HAL_Driver/Inc/stm32u0xx_ll_adc.h:4610:22:LL_ADC_StartCalibration	16	static
../Drivers/STM32U0xx_HAL_Driver/Inc/stm32u0xx_ll_adc.h:4626:26:LL_ADC_IsCalibrationOnGoing	16	static
../Drivers/STM32U0xx_HAL_Driver/Inc/stm32u0xx_ll_adc.h:4657:22:LL_ADC_REG_StartConversion	16	static
../Drivers/STM32U0xx_HAL_Driver/Inc/stm32u0xx_ll_adc.h:4693:26:LL_ADC_REG_IsConversionOngoing	16	static
../Drivers/STM32U0xx_HAL_Driver/Inc/stm32u0xx_ll_adc.h:4733:26:LL_ADC_REG_ReadConversionData12	16	static
../Drivers/STM32U0xx_HAL_Driver/Inc/stm32u0xx_ll_adc.h:4800:26:LL_ADC_IsActiveFlag_ADRDY	16	static
../Drivers/STM32U0xx_HAL_Driver/Inc/stm32u0xx_ll_adc.h:4838:26:LL_ADC_IsActiveFlag_EOC	16	static
../Drivers/STM32U0xx_HAL_Driver/Inc/stm32u0xx_ll_adc.h:4951:22:LL_ADC_ClearFlag_EOC	16	static
../Core/Src/adc_if.c:89:10:battery_voltage	16	static
../Core/Src/adc_if.c:182:6:Activate_ADC	16	static
../Core/Src/adc_if.c:289:6:ConversionStartPoll_ADC_GrpRegular	8	static
