../Drivers/STM32U0xx_HAL_Driver/Inc/stm32u0xx_ll_pwr.h:833:22:LL_PWR_EnableInternWU	8	static
../Drivers/STM32U0xx_HAL_Driver/Inc/stm32u0xx_ll_pwr.h:853:26:LL_PWR_IsEnabledInternWU	8	static
../Drivers/STM32U0xx_HAL_Driver/Inc/stm32u0xx_ll_rtc.h:1008:22:LL_RTC_EnableWriteProtection	16	static
../Drivers/STM32U0xx_HAL_Driver/Inc/stm32u0xx_ll_rtc.h:1019:22:LL_RTC_DisableWriteProtection	16	static
../Drivers/STM32U0xx_HAL_Driver/Inc/stm32u0xx_ll_rtc.h:3101:22:LL_RTC_WAKEUP_Enable	16	static
../Drivers/STM32U0xx_HAL_Driver/Inc/stm32u0xx_ll_rtc.h:3113:22:LL_RTC_WAKEUP_Disable	16	static
../Drivers/STM32U0xx_HAL_Driver/Inc/stm32u0xx_ll_rtc.h:3144:22:LL_RTC_WAKEUP_SetClock	16	static
../Drivers/STM32U0xx_HAL_Driver/Inc/stm32u0xx_ll_rtc.h:3174:22:LL_RTC_WAKEUP_SetAutoReload	16	static
../Drivers/STM32U0xx_HAL_Driver/Inc/stm32u0xx_ll_rtc.h:3436:26:LL_RTC_IsActiveFlag_WUT	16	static
../Drivers/STM32U0xx_HAL_Driver/Inc/stm32u0xx_ll_rtc.h:3513:22:LL_RTC_ClearFlag_WUT	16	static
../Drivers/STM32U0xx_HAL_Driver/Inc/stm32u0xx_ll_rtc.h:3601:26:LL_RTC_IsActiveFlag_WUTW	16	static
../Drivers/STM32U0xx_HAL_Driver/Inc/stm32u0xx_ll_rtc.h:4002:22:LL_RTC_EnableIT_WUT	16	static
../Drivers/STM32U0xx_HAL_Driver/Inc/stm32u0xx_ll_bus.h:211:22:LL_AHB1_GRP1_EnableClock	24	static
../Drivers/STM32U0xx_HAL_Driver/Inc/stm32u0xx_ll_bus.h:269:22:LL_AHB1_GRP1_DisableClock	16	static
../Drivers/STM32U0xx_HAL_Driver/Inc/stm32u0xx_ll_usart.h:3023:26:LL_USART_IsActiveFlag_TXE_TXFNF	16	static
../Core/Src/lpm.c:33:32:PWR_EnterStandbyMode	16	static,ignoring_inline_asm
../Core/Src/lpm.c:133:6:enter_stop2	16	static,ignoring_inline_asm
../Core/Src/lpm.c:167:13:gpio_before_stop2	32	static
../Core/Src/lpm.c:212:13:gpio_from_stop2	32	static
