../Core/Src/main.c:330:6:SystemClock_Config	104	static,ignoring_inline_asm
../Core/Src/main.c:369:6:read_RTCRam	16	static
../Core/Src/main.c:388:6:write_ToRTCRam	16	static
../Core/Src/main.c:402:6:print_error	8	static
../Core/Src/main.c:409:6:timeout_reset	8	static
../Core/Src/main.c:417:8:stream_sensor_data_forced_mode	16	static
../Core/Src/main.c:427:6:go_down	8	static
../Core/Src/main.c:114:5:main	72	static,ignoring_inline_asm
../Core/Src/main.c:448:6:Error_Handler	0	static,ignoring_inline_asm
