../Core/Src/printf.c:134:20:_out_buffer	0	static
../Core/Src/printf.c:143:20:_out_null	0	static
../Core/Src/printf.c:200:15:_out_rev	40	static
../Core/Src/printf.c:228:15:_ntoa_format	48	static
../Core/Src/printf.c:160:20:_out_fct	8	static
../Core/Src/printf.c:150:20:_out_char	0	static
../Core/Src/printf.c:468:15:_etoa	136	static
../Core/Src/printf.c:340:15:_ftoa	120	static
../Core/Src/printf.c:578:12:_vsnprintf	168	static
../Core/Src/printf.c:863:5:printf_	24	static
../Core/Src/printf.c:874:5:sprintf_	28	static
../Core/Src/printf.c:884:5:snprintf_	32	static
../Core/Src/printf.c:894:5:vprintf_	24	static
../Core/Src/printf.c:901:5:vsnprintf_	16	static
../Core/Src/printf.c:907:5:fctprintf	32	static
../Core/Src/printf.c:918:6:_putchar	0	static
