../Drivers/CMSIS/Include/core_cm0plus.h:741:22:__NVIC_EnableIRQ	16	static,ignoring_inline_asm
../Drivers/CMSIS/Include/core_cm0plus.h:850:22:__NVIC_SetPriority	24	static
../Drivers/STM32U0xx_HAL_Driver/Inc/stm32u0xx_ll_exti.h:309:22:LL_EXTI_EnableIT_0_31	16	static
../Drivers/STM32U0xx_HAL_Driver/Inc/stm32u0xx_ll_exti.h:732:22:LL_EXTI_EnableRisingTrig_0_31	16	static
../Core/Src/rtc.c:30:6:MX_RTC_Init	8	static
../Core/Src/rtc.c:78:6:HAL_RTC_MspInit	96	static
../Core/Src/rtc.c:107:6:HAL_RTC_MspDeInit	16	static
