../Drivers/STM32U0xx_HAL_Driver/Src/stm32u0xx_hal_adc.c:866:13:HAL_ADC_MspInit	0	static
../Drivers/STM32U0xx_HAL_Driver/Src/stm32u0xx_hal_adc.c:380:19:HAL_ADC_Init	40	static
../Drivers/STM32U0xx_HAL_Driver/Src/stm32u0xx_hal_adc.c:883:13:HAL_ADC_MspDeInit	0	static
../Drivers/STM32U0xx_HAL_Driver/Src/stm32u0xx_hal_adc.c:1296:19:HAL_ADC_PollForConversion	24	static
../Drivers/STM32U0xx_HAL_Driver/Src/stm32u0xx_hal_adc.c:1429:19:HAL_ADC_PollForEvent	24	static
../Drivers/STM32U0xx_HAL_Driver/Src/stm32u0xx_hal_adc.c:1874:10:HAL_ADC_GetValue	0	static
../Drivers/STM32U0xx_HAL_Driver/Src/stm32u0xx_hal_adc.c:2140:13:HAL_ADC_ConvCpltCallback	0	static
../Drivers/STM32U0xx_HAL_Driver/Src/stm32u0xx_hal_adc.c:2155:13:HAL_ADC_ConvHalfCpltCallback	0	static
../Drivers/STM32U0xx_HAL_Driver/Src/stm32u0xx_hal_adc.c:3041:13:ADC_DMAHalfConvCplt	8	static
../Drivers/STM32U0xx_HAL_Driver/Src/stm32u0xx_hal_adc.c:2170:13:HAL_ADC_LevelOutOfWindowCallback	0	static
../Drivers/STM32U0xx_HAL_Driver/Src/stm32u0xx_hal_adc.c:2192:13:HAL_ADC_ErrorCallback	0	static
../Drivers/STM32U0xx_HAL_Driver/Src/stm32u0xx_hal_adc.c:3059:13:ADC_DMAError	8	static
../Drivers/STM32U0xx_HAL_Driver/Src/stm32u0xx_hal_adc.c:2963:13:ADC_DMAConvCplt	8	static
../Drivers/STM32U0xx_HAL_Driver/Src/stm32u0xx_hal_adc.c:2207:13:HAL_ADC_CalibrationCpltCallback	0	static
../Drivers/STM32U0xx_HAL_Driver/Src/stm32u0xx_hal_adc.c:2223:13:HAL_ADC_ADCReadyCallback	0	static
../Drivers/STM32U0xx_HAL_Driver/Src/stm32u0xx_hal_adc.c:1891:6:HAL_ADC_IRQHandler	24	static
../Drivers/STM32U0xx_HAL_Driver/Src/stm32u0xx_hal_adc.c:2269:19:HAL_ADC_ConfigChannel	56	static
../Drivers/STM32U0xx_HAL_Driver/Src/stm32u0xx_hal_adc.c:2713:10:HAL_ADC_GetState	0	static
../Drivers/STM32U0xx_HAL_Driver/Src/stm32u0xx_hal_adc.c:2727:10:HAL_ADC_GetError	0	static
../Drivers/STM32U0xx_HAL_Driver/Src/stm32u0xx_hal_adc.c:2754:19:ADC_ConversionStop	16	static
../Drivers/STM32U0xx_HAL_Driver/Src/stm32u0xx_hal_adc.c:2808:19:ADC_Enable	32	static
../Drivers/STM32U0xx_HAL_Driver/Src/stm32u0xx_hal_adc.c:1178:19:HAL_ADC_Start	24	static
../Drivers/STM32U0xx_HAL_Driver/Src/stm32u0xx_hal_adc.c:1559:19:HAL_ADC_Start_IT	24	static
../Drivers/STM32U0xx_HAL_Driver/Src/stm32u0xx_hal_adc.c:1697:19:HAL_ADC_Start_DMA	24	static
../Drivers/STM32U0xx_HAL_Driver/Src/stm32u0xx_hal_adc.c:2901:19:ADC_Disable	24	static
../Drivers/STM32U0xx_HAL_Driver/Src/stm32u0xx_hal_adc.c:737:19:HAL_ADC_DeInit	16	static
../Drivers/STM32U0xx_HAL_Driver/Src/stm32u0xx_hal_adc.c:1245:19:HAL_ADC_Stop	16	static
../Drivers/STM32U0xx_HAL_Driver/Src/stm32u0xx_hal_adc.c:1650:19:HAL_ADC_Stop_IT	16	static
../Drivers/STM32U0xx_HAL_Driver/Src/stm32u0xx_hal_adc.c:1793:19:HAL_ADC_Stop_DMA	16	static
../Drivers/STM32U0xx_HAL_Driver/Src/stm32u0xx_hal_adc.c:2477:19:HAL_ADC_AnalogWDGConfig	32	static
