../Drivers/STM32U0xx_HAL_Driver/Inc/stm32u0xx_ll_gpio.h:288:22:LL_GPIO_SetPinMode	24	static
../Drivers/STM32U0xx_HAL_Driver/Inc/stm32u0xx_ll_gpio.h:356:22:LL_GPIO_SetPinOutputType	24	static
../Drivers/STM32U0xx_HAL_Driver/Inc/stm32u0xx_ll_gpio.h:427:22:LL_GPIO_SetPinSpeed	24	static
../Drivers/STM32U0xx_HAL_Driver/Inc/stm32u0xx_ll_gpio.h:496:22:LL_GPIO_SetPinPull	24	static
../Drivers/STM32U0xx_HAL_Driver/Inc/stm32u0xx_ll_gpio.h:567:22:LL_GPIO_SetAFPin_0_7	24	static
../Drivers/STM32U0xx_HAL_Driver/Inc/stm32u0xx_ll_gpio.h:644:22:LL_GPIO_SetAFPin_8_15	24	static
../Drivers/STM32U0xx_HAL_Driver/Inc/stm32u0xx_ll_bus.h:1223:22:LL_IOP_GRP1_ForceReset	16	static
../Drivers/STM32U0xx_HAL_Driver/Inc/stm32u0xx_ll_bus.h:1244:22:LL_IOP_GRP1_ReleaseReset	16	static
../Drivers/STM32U0xx_HAL_Driver/Src/stm32u0xx_ll_gpio.c:106:13:LL_GPIO_DeInit	24	static
../Drivers/STM32U0xx_HAL_Driver/Src/stm32u0xx_ll_gpio.c:163:13:LL_GPIO_Init	24	static
../Drivers/STM32U0xx_HAL_Driver/Src/stm32u0xx_ll_gpio.c:236:6:LL_GPIO_StructInit	16	static
