../Drivers/STM32U0xx_HAL_Driver/Inc/stm32u0xx_ll_rcc.h:1018:22:LL_RCC_HSE_DisableBypass	8	static
../Drivers/STM32U0xx_HAL_Driver/Inc/stm32u0xx_ll_rcc.h:1117:26:LL_RCC_HSI_IsReady	8	static
../Drivers/STM32U0xx_HAL_Driver/Inc/stm32u0xx_ll_rcc.h:1173:22:LL_RCC_HSI_SetCalibTrimming	16	static
../Drivers/STM32U0xx_HAL_Driver/Inc/stm32u0xx_ll_rcc.h:1313:26:LL_RCC_LSE_IsReady	8	static
../Drivers/STM32U0xx_HAL_Driver/Inc/stm32u0xx_ll_rcc.h:1371:26:LL_RCC_LSI_IsReady	8	static
../Drivers/STM32U0xx_HAL_Driver/Inc/stm32u0xx_ll_rcc.h:1416:22:LL_RCC_MSI_Enable	8	static
../Drivers/STM32U0xx_HAL_Driver/Inc/stm32u0xx_ll_rcc.h:1436:26:LL_RCC_MSI_IsReady	8	static
../Drivers/STM32U0xx_HAL_Driver/Inc/stm32u0xx_ll_rcc.h:1485:26:LL_RCC_MSI_IsEnabledRangeSelect	8	static
../Drivers/STM32U0xx_HAL_Driver/Inc/stm32u0xx_ll_rcc.h:1508:22:LL_RCC_MSI_SetRange	16	static
../Drivers/STM32U0xx_HAL_Driver/Inc/stm32u0xx_ll_rcc.h:1530:26:LL_RCC_MSI_GetRange	8	static
../Drivers/STM32U0xx_HAL_Driver/Inc/stm32u0xx_ll_rcc.h:1559:26:LL_RCC_MSI_GetRangeAfterStandby	8	static
../Drivers/STM32U0xx_HAL_Driver/Inc/stm32u0xx_ll_rcc.h:1583:22:LL_RCC_MSI_SetCalibTrimming	16	static
../Drivers/STM32U0xx_HAL_Driver/Inc/stm32u0xx_ll_rcc.h:1687:26:LL_RCC_GetSysClkSource	8	static
../Drivers/STM32U0xx_HAL_Driver/Inc/stm32u0xx_ll_rcc.h:1742:26:LL_RCC_GetAHBPrescaler	8	static
../Drivers/STM32U0xx_HAL_Driver/Inc/stm32u0xx_ll_rcc.h:1757:26:LL_RCC_GetAPB1Prescaler	8	static
../Drivers/STM32U0xx_HAL_Driver/Inc/stm32u0xx_ll_rcc.h:2030:26:LL_RCC_GetUSARTClockSource	16	static
../Drivers/STM32U0xx_HAL_Driver/Inc/stm32u0xx_ll_rcc.h:2056:26:LL_RCC_GetLPUARTClockSource	16	static
../Drivers/STM32U0xx_HAL_Driver/Inc/stm32u0xx_ll_rcc.h:2077:26:LL_RCC_GetI2CClockSource	24	static
../Drivers/STM32U0xx_HAL_Driver/Inc/stm32u0xx_ll_rcc.h:2096:26:LL_RCC_GetTIMClockSource	16	static
../Drivers/STM32U0xx_HAL_Driver/Inc/stm32u0xx_ll_rcc.h:2125:26:LL_RCC_GetLPTIMClockSource	16	static
../Drivers/STM32U0xx_HAL_Driver/Inc/stm32u0xx_ll_rcc.h:2142:26:LL_RCC_GetRNGClockSource	16	static
../Drivers/STM32U0xx_HAL_Driver/Inc/stm32u0xx_ll_rcc.h:2177:26:LL_RCC_GetADCClockSource	16	static
../Drivers/STM32U0xx_HAL_Driver/Inc/stm32u0xx_ll_rcc.h:2217:26:LL_RCC_GetRTCClockSource	8	static
../Drivers/STM32U0xx_HAL_Driver/Inc/stm32u0xx_ll_rcc.h:2306:26:LL_RCC_PLL_IsReady	8	static
../Drivers/STM32U0xx_HAL_Driver/Inc/stm32u0xx_ll_rcc.h:2520:26:LL_RCC_PLL_GetN	8	static
../Drivers/STM32U0xx_HAL_Driver/Inc/stm32u0xx_ll_rcc.h:2560:26:LL_RCC_PLL_GetP	8	static
../Drivers/STM32U0xx_HAL_Driver/Inc/stm32u0xx_ll_rcc.h:2575:26:LL_RCC_PLL_GetQ	8	static
../Drivers/STM32U0xx_HAL_Driver/Inc/stm32u0xx_ll_rcc.h:2590:26:LL_RCC_PLL_GetR	8	static
../Drivers/STM32U0xx_HAL_Driver/Inc/stm32u0xx_ll_rcc.h:2604:26:LL_RCC_PLL_GetMainSource	8	static
../Drivers/STM32U0xx_HAL_Driver/Inc/stm32u0xx_ll_rcc.h:2623:26:LL_RCC_PLL_GetM	8	static
../Drivers/STM32U0xx_HAL_Driver/Inc/stm32u0xx_ll_rcc.h:2660:26:LL_RCC_PLL_IsEnabledDomain_PLLP	8	static
../Drivers/STM32U0xx_HAL_Driver/Src/stm32u0xx_ll_rcc.c:119:13:LL_RCC_DeInit	16	static,ignoring_inline_asm
../Drivers/STM32U0xx_HAL_Driver/Src/stm32u0xx_ll_rcc.c:203:6:LL_RCC_GetSystemClocksFreq	16	static
../Drivers/STM32U0xx_HAL_Driver/Src/stm32u0xx_ll_rcc.c:227:10:LL_RCC_GetUSARTClockFreq	24	static
../Drivers/STM32U0xx_HAL_Driver/Src/stm32u0xx_ll_rcc.c:314:10:LL_RCC_GetTIMClockFreq	24	static
../Drivers/STM32U0xx_HAL_Driver/Src/stm32u0xx_ll_rcc.c:384:10:LL_RCC_GetLPUARTClockFreq	24	static
../Drivers/STM32U0xx_HAL_Driver/Src/stm32u0xx_ll_rcc.c:495:10:LL_RCC_GetRTCClockFreq	16	static
../Drivers/STM32U0xx_HAL_Driver/Src/stm32u0xx_ll_rcc.c:548:10:LL_RCC_GetI2CClockFreq	24	static
../Drivers/STM32U0xx_HAL_Driver/Src/stm32u0xx_ll_rcc.c:618:10:LL_RCC_GetLPTIMClockFreq	24	static
../Drivers/STM32U0xx_HAL_Driver/Src/stm32u0xx_ll_rcc.c:763:10:LL_RCC_GetRNGClockFreq	24	static
../Drivers/STM32U0xx_HAL_Driver/Src/stm32u0xx_ll_rcc.c:857:10:LL_RCC_GetADCClockFreq	24	static
../Drivers/STM32U0xx_HAL_Driver/Src/stm32u0xx_ll_rcc.c:911:10:RCC_GetSystemClockFreq	16	static
../Drivers/STM32U0xx_HAL_Driver/Src/stm32u0xx_ll_rcc.c:968:10:RCC_GetHCLKClockFreq	16	static
../Drivers/STM32U0xx_HAL_Driver/Src/stm32u0xx_ll_rcc.c:979:10:RCC_GetPCLK1ClockFreq	16	static
../Drivers/STM32U0xx_HAL_Driver/Src/stm32u0xx_ll_rcc.c:989:10:RCC_PLL_GetFreqDomain_SYS	24	static
../Drivers/STM32U0xx_HAL_Driver/Src/stm32u0xx_ll_rcc.c:1028:10:RCC_PLL_GetFreqDomain_PLLP	24	static
../Drivers/STM32U0xx_HAL_Driver/Src/stm32u0xx_ll_rcc.c:1067:10:RCC_PLL_GetFreqDomain_PLLQ	24	static
