../Drivers/STM32U0xx_HAL_Driver/Inc/stm32u0xx_ll_rtc.h:764:22:LL_RTC_SetHourFormat	16	static
../Drivers/STM32U0xx_HAL_Driver/Inc/stm32u0xx_ll_rtc.h:777:26:LL_RTC_GetHourFormat	16	static
../Drivers/STM32U0xx_HAL_Driver/Inc/stm32u0xx_ll_rtc.h:850:22:LL_RTC_EnableInitMode	16	static
../Drivers/STM32U0xx_HAL_Driver/Inc/stm32u0xx_ll_rtc.h:862:22:LL_RTC_DisableInitMode	16	static
../Drivers/STM32U0xx_HAL_Driver/Inc/stm32u0xx_ll_rtc.h:925:26:LL_RTC_IsShadowRegBypassEnabled	16	static
../Drivers/STM32U0xx_HAL_Driver/Inc/stm32u0xx_ll_rtc.h:963:22:LL_RTC_SetAsynchPrescaler	16	static
../Drivers/STM32U0xx_HAL_Driver/Inc/stm32u0xx_ll_rtc.h:975:22:LL_RTC_SetSynchPrescaler	16	static
../Drivers/STM32U0xx_HAL_Driver/Inc/stm32u0xx_ll_rtc.h:1008:22:LL_RTC_EnableWriteProtection	16	static
../Drivers/STM32U0xx_HAL_Driver/Inc/stm32u0xx_ll_rtc.h:1019:22:LL_RTC_DisableWriteProtection	16	static
../Drivers/STM32U0xx_HAL_Driver/Inc/stm32u0xx_ll_rtc.h:1305:22:LL_RTC_TIME_Config	32	static
../Drivers/STM32U0xx_HAL_Driver/Inc/stm32u0xx_ll_rtc.h:1641:22:LL_RTC_DATE_Config	32	static
../Drivers/STM32U0xx_HAL_Driver/Inc/stm32u0xx_ll_rtc.h:1725:22:LL_RTC_ALMA_SetMask	16	static
../Drivers/STM32U0xx_HAL_Driver/Inc/stm32u0xx_ll_rtc.h:1756:22:LL_RTC_ALMA_EnableWeekday	16	static
../Drivers/STM32U0xx_HAL_Driver/Inc/stm32u0xx_ll_rtc.h:1767:22:LL_RTC_ALMA_DisableWeekday	16	static
../Drivers/STM32U0xx_HAL_Driver/Inc/stm32u0xx_ll_rtc.h:1781:22:LL_RTC_ALMA_SetDay	16	static
../Drivers/STM32U0xx_HAL_Driver/Inc/stm32u0xx_ll_rtc.h:1818:22:LL_RTC_ALMA_SetWeekDay	16	static
../Drivers/STM32U0xx_HAL_Driver/Inc/stm32u0xx_ll_rtc.h:1982:22:LL_RTC_ALMA_ConfigTime	32	static
../Drivers/STM32U0xx_HAL_Driver/Inc/stm32u0xx_ll_rtc.h:2140:22:LL_RTC_ALMB_SetMask	16	static
../Drivers/STM32U0xx_HAL_Driver/Inc/stm32u0xx_ll_rtc.h:2171:22:LL_RTC_ALMB_EnableWeekday	16	static
../Drivers/STM32U0xx_HAL_Driver/Inc/stm32u0xx_ll_rtc.h:2182:22:LL_RTC_ALMB_DisableWeekday	16	static
../Drivers/STM32U0xx_HAL_Driver/Inc/stm32u0xx_ll_rtc.h:2196:22:LL_RTC_ALMB_SetDay	16	static
../Drivers/STM32U0xx_HAL_Driver/Inc/stm32u0xx_ll_rtc.h:2233:22:LL_RTC_ALMB_SetWeekDay	16	static
../Drivers/STM32U0xx_HAL_Driver/Inc/stm32u0xx_ll_rtc.h:2397:22:LL_RTC_ALMB_ConfigTime	32	static
../Drivers/STM32U0xx_HAL_Driver/Inc/stm32u0xx_ll_rtc.h:3546:26:LL_RTC_IsActiveFlag_INIT	16	static
../Drivers/STM32U0xx_HAL_Driver/Inc/stm32u0xx_ll_rtc.h:3557:26:LL_RTC_IsActiveFlag_RS	16	static
../Drivers/STM32U0xx_HAL_Driver/Inc/stm32u0xx_ll_rtc.h:3568:22:LL_RTC_ClearFlag_RS	16	static
../Drivers/STM32U0xx_HAL_Driver/Inc/stm32u0xx_ll_cortex.h:215:26:LL_SYSTICK_IsActiveCounterFlag	8	static
../Drivers/STM32U0xx_HAL_Driver/Src/stm32u0xx_ll_rtc.c:148:13:LL_RTC_DeInit	32	static
../Drivers/STM32U0xx_HAL_Driver/Src/stm32u0xx_ll_rtc.c:202:13:LL_RTC_Init	32	static
../Drivers/STM32U0xx_HAL_Driver/Src/stm32u0xx_ll_rtc.c:241:6:LL_RTC_StructInit	16	static
../Drivers/STM32U0xx_HAL_Driver/Src/stm32u0xx_ll_rtc.c:261:13:LL_RTC_TIME_Init	56	static
../Drivers/STM32U0xx_HAL_Driver/Src/stm32u0xx_ll_rtc.c:343:6:LL_RTC_TIME_StructInit	16	static
../Drivers/STM32U0xx_HAL_Driver/Src/stm32u0xx_ll_rtc.c:364:13:LL_RTC_DATE_Init	56	static
../Drivers/STM32U0xx_HAL_Driver/Src/stm32u0xx_ll_rtc.c:433:6:LL_RTC_DATE_StructInit	16	static
../Drivers/STM32U0xx_HAL_Driver/Src/stm32u0xx_ll_rtc.c:456:13:LL_RTC_ALMA_Init	48	static
../Drivers/STM32U0xx_HAL_Driver/Src/stm32u0xx_ll_rtc.c:574:13:LL_RTC_ALMB_Init	48	static
../Drivers/STM32U0xx_HAL_Driver/Src/stm32u0xx_ll_rtc.c:684:6:LL_RTC_ALMA_StructInit	16	static
../Drivers/STM32U0xx_HAL_Driver/Src/stm32u0xx_ll_rtc.c:706:6:LL_RTC_ALMB_StructInit	16	static
../Drivers/STM32U0xx_HAL_Driver/Src/stm32u0xx_ll_rtc.c:731:13:LL_RTC_EnterInitMode	32	static
../Drivers/STM32U0xx_HAL_Driver/Src/stm32u0xx_ll_rtc.c:775:13:LL_RTC_ExitInitMode	16	static
../Drivers/STM32U0xx_HAL_Driver/Src/stm32u0xx_ll_rtc.c:802:13:LL_RTC_WaitForSynchro	32	static
