../Drivers/STM32U0xx_HAL_Driver/Inc/stm32u0xx_ll_adc.h:1992:22:LL_ADC_SetCommonClock	16	static
../Drivers/STM32U0xx_HAL_Driver/Inc/stm32u0xx_ll_adc.h:2762:26:LL_ADC_REG_GetSequencerConfigurable	16	static
../Drivers/STM32U0xx_HAL_Driver/Inc/stm32u0xx_ll_adc.h:2834:22:LL_ADC_REG_SetSequencerLength	16	static
../Drivers/STM32U0xx_HAL_Driver/Inc/stm32u0xx_ll_adc.h:4547:22:LL_ADC_Disable	16	static
../Drivers/STM32U0xx_HAL_Driver/Inc/stm32u0xx_ll_adc.h:4566:26:LL_ADC_IsEnabled	16	static
../Drivers/STM32U0xx_HAL_Driver/Inc/stm32u0xx_ll_adc.h:4577:26:LL_ADC_IsDisableOngoing	16	static
../Drivers/STM32U0xx_HAL_Driver/Inc/stm32u0xx_ll_adc.h:4677:22:LL_ADC_REG_StopConversion	16	static
../Drivers/STM32U0xx_HAL_Driver/Inc/stm32u0xx_ll_adc.h:4704:26:LL_ADC_REG_IsStopConversionOngoing	16	static
../Drivers/STM32U0xx_HAL_Driver/Inc/stm32u0xx_ll_adc.h:4827:26:LL_ADC_IsActiveFlag_CCRDY	16	static
../Drivers/STM32U0xx_HAL_Driver/Inc/stm32u0xx_ll_adc.h:4940:22:LL_ADC_ClearFlag_CCRDY	16	static
../Drivers/STM32U0xx_HAL_Driver/Inc/stm32u0xx_ll_bus.h:981:22:LL_APB1_GRP2_ForceReset	16	static
../Drivers/STM32U0xx_HAL_Driver/Inc/stm32u0xx_ll_bus.h:1009:22:LL_APB1_GRP2_ReleaseReset	16	static
../Drivers/STM32U0xx_HAL_Driver/Src/stm32u0xx_ll_adc.c:211:13:LL_ADC_CommonDeInit	16	static
../Drivers/STM32U0xx_HAL_Driver/Src/stm32u0xx_ll_adc.c:243:13:LL_ADC_CommonInit	24	static
../Drivers/STM32U0xx_HAL_Driver/Src/stm32u0xx_ll_adc.c:280:6:LL_ADC_CommonStructInit	16	static
../Drivers/STM32U0xx_HAL_Driver/Src/stm32u0xx_ll_adc.c:304:13:LL_ADC_DeInit	24	static
../Drivers/STM32U0xx_HAL_Driver/Src/stm32u0xx_ll_adc.c:505:13:LL_ADC_Init	24	static
../Drivers/STM32U0xx_HAL_Driver/Src/stm32u0xx_ll_adc.c:558:6:LL_ADC_StructInit	16	static
../Drivers/STM32U0xx_HAL_Driver/Src/stm32u0xx_ll_adc.c:609:13:LL_ADC_REG_Init	24	static
../Drivers/STM32U0xx_HAL_Driver/Src/stm32u0xx_ll_adc.c:717:6:LL_ADC_REG_StructInit	16	static
