../Drivers/STM32U0xx_HAL_Driver/Src/stm32u0xx_hal_uart.c:4083:13:UART_TxISR_16BIT	12	static,ignoring_inline_asm
../Drivers/STM32U0xx_HAL_Driver/Src/stm32u0xx_hal_uart.c:4155:13:UART_TxISR_16BIT_FIFOEN	16	static,ignoring_inline_asm
../Drivers/STM32U0xx_HAL_Driver/Src/stm32u0xx_hal_uart.c:4054:13:UART_TxISR_8BIT	12	static,ignoring_inline_asm
../Drivers/STM32U0xx_HAL_Driver/Src/stm32u0xx_hal_uart.c:4115:13:UART_TxISR_8BIT_FIFOEN	16	static,ignoring_inline_asm
../Drivers/STM32U0xx_HAL_Driver/Src/stm32u0xx_hal_uart.c:681:13:HAL_UART_MspInit	0	static
../Drivers/STM32U0xx_HAL_Driver/Src/stm32u0xx_hal_uart.c:696:13:HAL_UART_MspDeInit	0	static
../Drivers/STM32U0xx_HAL_Driver/Src/stm32u0xx_hal_uart.c:634:19:HAL_UART_DeInit	16	static
../Drivers/STM32U0xx_HAL_Driver/Src/stm32u0xx_hal_uart.c:1124:19:HAL_UART_Transmit	40	static
../Drivers/STM32U0xx_HAL_Driver/Src/stm32u0xx_hal_uart.c:1230:19:HAL_UART_Receive	48	static,ignoring_inline_asm
../Drivers/STM32U0xx_HAL_Driver/Src/stm32u0xx_hal_uart.c:1330:19:HAL_UART_Transmit_IT	16	static,ignoring_inline_asm
../Drivers/STM32U0xx_HAL_Driver/Src/stm32u0xx_hal_uart.c:1414:19:HAL_UART_Receive_IT	20	static,ignoring_inline_asm
../Drivers/STM32U0xx_HAL_Driver/Src/stm32u0xx_hal_uart.c:1472:19:HAL_UART_Transmit_DMA	24	static,ignoring_inline_asm
../Drivers/STM32U0xx_HAL_Driver/Src/stm32u0xx_hal_uart.c:1558:19:HAL_UART_Receive_DMA	24	static,ignoring_inline_asm
../Drivers/STM32U0xx_HAL_Driver/Src/stm32u0xx_hal_uart.c:1605:19:HAL_UART_DMAPause	16	static,ignoring_inline_asm
../Drivers/STM32U0xx_HAL_Driver/Src/stm32u0xx_hal_uart.c:1635:19:HAL_UART_DMAResume	8	static,ignoring_inline_asm
../Drivers/STM32U0xx_HAL_Driver/Src/stm32u0xx_hal_uart.c:1666:19:HAL_UART_DMAStop	16	static,ignoring_inline_asm
../Drivers/STM32U0xx_HAL_Driver/Src/stm32u0xx_hal_uart.c:1742:19:HAL_UART_Abort	16	static,ignoring_inline_asm
../Drivers/STM32U0xx_HAL_Driver/Src/stm32u0xx_hal_uart.c:1847:19:HAL_UART_AbortTransmit	16	static,ignoring_inline_asm
../Drivers/STM32U0xx_HAL_Driver/Src/stm32u0xx_hal_uart.c:1908:19:HAL_UART_AbortReceive	16	static,ignoring_inline_asm
../Drivers/STM32U0xx_HAL_Driver/Src/stm32u0xx_hal_uart.c:2657:13:HAL_UART_TxCpltCallback	0	static
../Drivers/STM32U0xx_HAL_Driver/Src/stm32u0xx_hal_uart.c:3666:13:UART_DMATransmitCplt	8	static,ignoring_inline_asm
../Drivers/STM32U0xx_HAL_Driver/Src/stm32u0xx_hal_uart.c:2672:13:HAL_UART_TxHalfCpltCallback	0	static
../Drivers/STM32U0xx_HAL_Driver/Src/stm32u0xx_hal_uart.c:3700:13:UART_DMATxHalfCplt	8	static
../Drivers/STM32U0xx_HAL_Driver/Src/stm32u0xx_hal_uart.c:2687:13:HAL_UART_RxCpltCallback	0	static
../Drivers/STM32U0xx_HAL_Driver/Src/stm32u0xx_hal_uart.c:2702:13:HAL_UART_RxHalfCpltCallback	0	static
../Drivers/STM32U0xx_HAL_Driver/Src/stm32u0xx_hal_uart.c:2717:13:HAL_UART_ErrorCallback	0	static
../Drivers/STM32U0xx_HAL_Driver/Src/stm32u0xx_hal_uart.c:3817:13:UART_DMAError	24	static,ignoring_inline_asm
../Drivers/STM32U0xx_HAL_Driver/Src/stm32u0xx_hal_uart.c:3857:13:UART_DMAAbortOnError	8	static
../Drivers/STM32U0xx_HAL_Driver/Src/stm32u0xx_hal_uart.c:2732:13:HAL_UART_AbortCpltCallback	0	static
../Drivers/STM32U0xx_HAL_Driver/Src/stm32u0xx_hal_uart.c:1978:19:HAL_UART_Abort_IT	16	static,ignoring_inline_asm
../Drivers/STM32U0xx_HAL_Driver/Src/stm32u0xx_hal_uart.c:3935:13:UART_DMARxAbortCallback	8	static
../Drivers/STM32U0xx_HAL_Driver/Src/stm32u0xx_hal_uart.c:3880:13:UART_DMATxAbortCallback	8	static
../Drivers/STM32U0xx_HAL_Driver/Src/stm32u0xx_hal_uart.c:2747:13:HAL_UART_AbortTransmitCpltCallback	0	static
../Drivers/STM32U0xx_HAL_Driver/Src/stm32u0xx_hal_uart.c:2133:19:HAL_UART_AbortTransmit_IT	16	static,ignoring_inline_asm
../Drivers/STM32U0xx_HAL_Driver/Src/stm32u0xx_hal_uart.c:3987:13:UART_DMATxOnlyAbortCallback	8	static
../Drivers/STM32U0xx_HAL_Driver/Src/stm32u0xx_hal_uart.c:2762:13:HAL_UART_AbortReceiveCpltCallback	0	static
../Drivers/STM32U0xx_HAL_Driver/Src/stm32u0xx_hal_uart.c:2226:19:HAL_UART_AbortReceive_IT	16	static,ignoring_inline_asm
../Drivers/STM32U0xx_HAL_Driver/Src/stm32u0xx_hal_uart.c:4020:13:UART_DMARxOnlyAbortCallback	8	static
../Drivers/STM32U0xx_HAL_Driver/Src/stm32u0xx_hal_uart.c:2779:13:HAL_UARTEx_RxEventCallback	0	static
../Drivers/STM32U0xx_HAL_Driver/Src/stm32u0xx_hal_uart.c:2321:6:HAL_UART_IRQHandler	40	static,ignoring_inline_asm
../Drivers/STM32U0xx_HAL_Driver/Src/stm32u0xx_hal_uart.c:4221:13:UART_RxISR_8BIT.part.0	8	static,ignoring_inline_asm
../Drivers/STM32U0xx_HAL_Driver/Src/stm32u0xx_hal_uart.c:4312:13:UART_RxISR_16BIT	8	static
../Drivers/STM32U0xx_HAL_Driver/Src/stm32u0xx_hal_uart.c:4221:13:UART_RxISR_8BIT	8	static
../Drivers/STM32U0xx_HAL_Driver/Src/stm32u0xx_hal_uart.c:4405:13:UART_RxISR_8BIT_FIFOEN	48	static,ignoring_inline_asm
../Drivers/STM32U0xx_HAL_Driver/Src/stm32u0xx_hal_uart.c:4567:13:UART_RxISR_16BIT_FIFOEN	48	static,ignoring_inline_asm
../Drivers/STM32U0xx_HAL_Driver/Src/stm32u0xx_hal_uart.c:3779:13:UART_DMARxHalfCplt	8	static
../Drivers/STM32U0xx_HAL_Driver/Src/stm32u0xx_hal_uart.c:3718:13:UART_DMAReceiveCplt	16	static,ignoring_inline_asm
../Drivers/STM32U0xx_HAL_Driver/Src/stm32u0xx_hal_uart.c:2827:6:HAL_UART_ReceiverTimeout_Config	0	static
../Drivers/STM32U0xx_HAL_Driver/Src/stm32u0xx_hal_uart.c:2842:19:HAL_UART_EnableReceiverTimeout	16	static
../Drivers/STM32U0xx_HAL_Driver/Src/stm32u0xx_hal_uart.c:2880:19:HAL_UART_DisableReceiverTimeout	16	static
../Drivers/STM32U0xx_HAL_Driver/Src/stm32u0xx_hal_uart.c:2958:6:HAL_MultiProcessor_EnterMuteMode	0	static
../Drivers/STM32U0xx_HAL_Driver/Src/stm32u0xx_hal_uart.c:2968:19:HAL_HalfDuplex_EnableTransmitter	20	static,ignoring_inline_asm
../Drivers/STM32U0xx_HAL_Driver/Src/stm32u0xx_hal_uart.c:2991:19:HAL_HalfDuplex_EnableReceiver	20	static,ignoring_inline_asm
../Drivers/STM32U0xx_HAL_Driver/Src/stm32u0xx_hal_uart.c:3015:19:HAL_LIN_SendBreak	12	static
../Drivers/STM32U0xx_HAL_Driver/Src/stm32u0xx_hal_uart.c:3060:23:HAL_UART_GetState	0	static
../Drivers/STM32U0xx_HAL_Driver/Src/stm32u0xx_hal_uart.c:3076:10:HAL_UART_GetError	0	static
../Drivers/STM32U0xx_HAL_Driver/Src/stm32u0xx_hal_uart.c:3122:19:UART_SetConfig	24	static
../Drivers/STM32U0xx_HAL_Driver/Src/stm32u0xx_hal_uart.c:3279:6:UART_AdvFeatureConfig	12	static
../Drivers/STM32U0xx_HAL_Driver/Src/stm32u0xx_hal_uart.c:3355:19:UART_CheckIdleState	24	static,ignoring_inline_asm
../Drivers/STM32U0xx_HAL_Driver/Src/stm32u0xx_hal_uart.c:309:19:HAL_UART_Init	24	static
../Drivers/STM32U0xx_HAL_Driver/Src/stm32u0xx_hal_uart.c:384:19:HAL_HalfDuplex_Init	24	static
../Drivers/STM32U0xx_HAL_Driver/Src/stm32u0xx_hal_uart.c:459:19:HAL_LIN_Init	16	static
../Drivers/STM32U0xx_HAL_Driver/Src/stm32u0xx_hal_uart.c:558:19:HAL_MultiProcessor_Init	16	static
../Drivers/STM32U0xx_HAL_Driver/Src/stm32u0xx_hal_uart.c:2918:19:HAL_MultiProcessor_EnableMuteMode	8	static,ignoring_inline_asm
../Drivers/STM32U0xx_HAL_Driver/Src/stm32u0xx_hal_uart.c:2938:19:HAL_MultiProcessor_DisableMuteMode	8	static,ignoring_inline_asm
../Drivers/STM32U0xx_HAL_Driver/Src/stm32u0xx_hal_uart.c:3424:19:UART_WaitOnFlagUntilTimeout	24	static,ignoring_inline_asm
../Drivers/STM32U0xx_HAL_Driver/Src/stm32u0xx_hal_uart.c:3492:19:UART_Start_Receive_IT	8	static,ignoring_inline_asm
../Drivers/STM32U0xx_HAL_Driver/Src/stm32u0xx_hal_uart.c:3565:19:UART_Start_Receive_DMA	24	static,ignoring_inline_asm
