Archive member included to satisfy reference by file (symbol)

C:/ST/STM32CubeCLT_1.15.0/GNU-tools-for-STM32/bin/../lib/gcc/arm-none-eabi/12.3.1/../../../../arm-none-eabi/lib/thumb/v6-m/nofp\libc_nano.a(libc_a-exit.o)
                              C:/ST/STM32CubeCLT_1.15.0/GNU-tools-for-STM32/bin/../lib/gcc/arm-none-eabi/12.3.1/../../../../arm-none-eabi/lib/thumb/v6-m/nofp/crt0.o (exit)
C:/ST/STM32CubeCLT_1.15.0/GNU-tools-for-STM32/bin/../lib/gcc/arm-none-eabi/12.3.1/../../../../arm-none-eabi/lib/thumb/v6-m/nofp\libc_nano.a(libc_a-findfp.o)
                              C:/ST/STM32CubeCLT_1.15.0/GNU-tools-for-STM32/bin/../lib/gcc/arm-none-eabi/12.3.1/../../../../arm-none-eabi/lib/thumb/v6-m/nofp\libc_nano.a(libc_a-exit.o) (__stdio_exit_handler)
C:/ST/STM32CubeCLT_1.15.0/GNU-tools-for-STM32/bin/../lib/gcc/arm-none-eabi/12.3.1/../../../../arm-none-eabi/lib/thumb/v6-m/nofp\libc_nano.a(libc_a-fprintf.o)
                              build/AB1815.o (fprintf)
C:/ST/STM32CubeCLT_1.15.0/GNU-tools-for-STM32/bin/../lib/gcc/arm-none-eabi/12.3.1/../../../../arm-none-eabi/lib/thumb/v6-m/nofp\libc_nano.a(libc_a-fwalk.o)
                              C:/ST/STM32CubeCLT_1.15.0/GNU-tools-for-STM32/bin/../lib/gcc/arm-none-eabi/12.3.1/../../../../arm-none-eabi/lib/thumb/v6-m/nofp\libc_nano.a(libc_a-findfp.o) (_fwalk_sglue)
C:/ST/STM32CubeCLT_1.15.0/GNU-tools-for-STM32/bin/../lib/gcc/arm-none-eabi/12.3.1/../../../../arm-none-eabi/lib/thumb/v6-m/nofp\libc_nano.a(libc_a-puts.o)
                              build/AB1815.o (puts)
C:/ST/STM32CubeCLT_1.15.0/GNU-tools-for-STM32/bin/../lib/gcc/arm-none-eabi/12.3.1/../../../../arm-none-eabi/lib/thumb/v6-m/nofp\libc_nano.a(libc_a-stdio.o)
                              C:/ST/STM32CubeCLT_1.15.0/GNU-tools-for-STM32/bin/../lib/gcc/arm-none-eabi/12.3.1/../../../../arm-none-eabi/lib/thumb/v6-m/nofp\libc_nano.a(libc_a-findfp.o) (__sread)
C:/ST/STM32CubeCLT_1.15.0/GNU-tools-for-STM32/bin/../lib/gcc/arm-none-eabi/12.3.1/../../../../arm-none-eabi/lib/thumb/v6-m/nofp\libc_nano.a(libc_a-wbuf.o)
                              C:/ST/STM32CubeCLT_1.15.0/GNU-tools-for-STM32/bin/../lib/gcc/arm-none-eabi/12.3.1/../../../../arm-none-eabi/lib/thumb/v6-m/nofp\libc_nano.a(libc_a-puts.o) (__swbuf_r)
C:/ST/STM32CubeCLT_1.15.0/GNU-tools-for-STM32/bin/../lib/gcc/arm-none-eabi/12.3.1/../../../../arm-none-eabi/lib/thumb/v6-m/nofp\libc_nano.a(libc_a-wsetup.o)
                              C:/ST/STM32CubeCLT_1.15.0/GNU-tools-for-STM32/bin/../lib/gcc/arm-none-eabi/12.3.1/../../../../arm-none-eabi/lib/thumb/v6-m/nofp\libc_nano.a(libc_a-puts.o) (__swsetup_r)
C:/ST/STM32CubeCLT_1.15.0/GNU-tools-for-STM32/bin/../lib/gcc/arm-none-eabi/12.3.1/../../../../arm-none-eabi/lib/thumb/v6-m/nofp\libc_nano.a(libc_a-memset.o)
                              C:/ST/STM32CubeCLT_1.15.0/GNU-tools-for-STM32/bin/../lib/gcc/arm-none-eabi/12.3.1/../../../../arm-none-eabi/lib/thumb/v6-m/nofp/crt0.o (memset)
C:/ST/STM32CubeCLT_1.15.0/GNU-tools-for-STM32/bin/../lib/gcc/arm-none-eabi/12.3.1/../../../../arm-none-eabi/lib/thumb/v6-m/nofp\libc_nano.a(libc_a-closer.o)
                              C:/ST/STM32CubeCLT_1.15.0/GNU-tools-for-STM32/bin/../lib/gcc/arm-none-eabi/12.3.1/../../../../arm-none-eabi/lib/thumb/v6-m/nofp\libc_nano.a(libc_a-stdio.o) (_close_r)
C:/ST/STM32CubeCLT_1.15.0/GNU-tools-for-STM32/bin/../lib/gcc/arm-none-eabi/12.3.1/../../../../arm-none-eabi/lib/thumb/v6-m/nofp\libc_nano.a(libc_a-reent.o)
                              C:/ST/STM32CubeCLT_1.15.0/GNU-tools-for-STM32/bin/../lib/gcc/arm-none-eabi/12.3.1/../../../../arm-none-eabi/lib/thumb/v6-m/nofp\libc_nano.a(libc_a-closer.o) (errno)
C:/ST/STM32CubeCLT_1.15.0/GNU-tools-for-STM32/bin/../lib/gcc/arm-none-eabi/12.3.1/../../../../arm-none-eabi/lib/thumb/v6-m/nofp\libc_nano.a(libc_a-impure.o)
                              C:/ST/STM32CubeCLT_1.15.0/GNU-tools-for-STM32/bin/../lib/gcc/arm-none-eabi/12.3.1/../../../../arm-none-eabi/lib/thumb/v6-m/nofp\libc_nano.a(libc_a-fprintf.o) (_impure_ptr)
C:/ST/STM32CubeCLT_1.15.0/GNU-tools-for-STM32/bin/../lib/gcc/arm-none-eabi/12.3.1/../../../../arm-none-eabi/lib/thumb/v6-m/nofp\libc_nano.a(libc_a-lseekr.o)
                              C:/ST/STM32CubeCLT_1.15.0/GNU-tools-for-STM32/bin/../lib/gcc/arm-none-eabi/12.3.1/../../../../arm-none-eabi/lib/thumb/v6-m/nofp\libc_nano.a(libc_a-stdio.o) (_lseek_r)
C:/ST/STM32CubeCLT_1.15.0/GNU-tools-for-STM32/bin/../lib/gcc/arm-none-eabi/12.3.1/../../../../arm-none-eabi/lib/thumb/v6-m/nofp\libc_nano.a(libc_a-readr.o)
                              C:/ST/STM32CubeCLT_1.15.0/GNU-tools-for-STM32/bin/../lib/gcc/arm-none-eabi/12.3.1/../../../../arm-none-eabi/lib/thumb/v6-m/nofp\libc_nano.a(libc_a-stdio.o) (_read_r)
C:/ST/STM32CubeCLT_1.15.0/GNU-tools-for-STM32/bin/../lib/gcc/arm-none-eabi/12.3.1/../../../../arm-none-eabi/lib/thumb/v6-m/nofp\libc_nano.a(libc_a-writer.o)
[...]
Memory Configuration

Name             Origin             Length             Attributes
RAM              0x20000000         0x00008000         xrw
FLASH            0x08000000         0x00040000         xr
*default*        0x00000000         0xffffffff

Linker script and memory map

LOAD C:/ST/STM32CubeCLT_1.15.0/GNU-tools-for-STM32/bin/../lib/gcc/arm-none-eabi/12.3.1/thumb/v6-m/nofp/crti.o
LOAD C:/ST/STM32CubeCLT_1.15.0/GNU-tools-for-STM32/bin/../lib/gcc/arm-none-eabi/12.3.1/thumb/v6-m/nofp/crtbegin.o
LOAD C:/ST/STM32CubeCLT_1.15.0/GNU-tools-for-STM32/bin/../lib/gcc/arm-none-eabi/12.3.1/../../../../arm-none-eabi/lib/thumb/v6-m/nofp/crt0.o
LOAD build/main.o
LOAD build/gpio.o
LOAD build/adc.o
LOAD build/i2c.o
LOAD build/rtc.o
LOAD build/spi.o
LOAD build/usart.o
LOAD build/stm32u0xx_it.o
LOAD build/stm32u0xx_hal_msp.o
LOAD build/stm32u0xx_hal_adc.o
LOAD build/stm32u0xx_hal_adc_ex.o
LOAD build/stm32u0xx_ll_adc.o
LOAD build/stm32u0xx_hal_rcc.o
LOAD build/stm32u0xx_hal_rcc_ex.o
LOAD build/stm32u0xx_hal_flash.o
LOAD build/stm32u0xx_hal_flash_ex.o
LOAD build/stm32u0xx_hal_gpio.o
LOAD build/stm32u0xx_hal_dma.o
LOAD build/stm32u0xx_hal_dma_ex.o
LOAD build/stm32u0xx_hal_pwr.o
LOAD build/stm32u0xx_hal_pwr_ex.o
LOAD build/stm32u0xx_hal_cortex.o
LOAD build/stm32u0xx_hal.o
LOAD build/stm32u0xx_hal_exti.o
LOAD build/stm32u0xx_hal_i2c.o
LOAD build/stm32u0xx_hal_i2c_ex.o
LOAD build/stm32u0xx_ll_i2c.o
LOAD build/stm32u0xx_hal_rtc.o
LOAD build/stm32u0xx_hal_rtc_ex.o
LOAD build/stm32u0xx_hal_spi.o
LOAD build/stm32u0xx_hal_spi_ex.o
LOAD build/stm32u0xx_hal_tim.o
LOAD build/stm32u0xx_hal_tim_ex.o
LOAD build/stm32u0xx_hal_uart.o
LOAD build/stm32u0xx_hal_uart_ex.o
LOAD build/system_stm32u0xx.o
LOAD build/sysmem.o
LOAD build/syscalls.o
LOAD build/printf.o
LOAD build/AB1815.o
LOAD build/startup_stm32u073xx.o
LOAD C:/ST/STM32CubeCLT_1.15.0/GNU-tools-for-STM32/bin/../lib/gcc/arm-none-eabi/12.3.1/../../../../arm-none-eabi/lib/thumb/v6-m/nofp\libc_nano.a
LOAD C:/ST/STM32CubeCLT_1.15.0/GNU-tools-for-STM32/bin/../lib/gcc/arm-none-eabi/12.3.1/../../../../arm-none-eabi/lib/thumb/v6-m/nofp\libm.a
LOAD C:/ST/STM32CubeCLT_1.15.0/GNU-tools-for-STM32/bin/../lib/gcc/arm-none-eabi/12.3.1/../../../../arm-none-eabi/lib/thumb/v6-m/nofp\libnosys.a
START GROUP
LOAD C:/ST/STM32CubeCLT_1.15.0/GNU-tools-for-STM32/bin/../lib/gcc/arm-none-eabi/12.3.1/thumb/v6-m/nofp\libgcc.a
LOAD C:/ST/STM32CubeCLT_1.15.0/GNU-tools-for-STM32/bin/../lib/gcc/arm-none-eabi/12.3.1/../../../../arm-none-eabi/lib/thumb/v6-m/nofp\libc_nano.a
END GROUP
START GROUP
LOAD C:/ST/STM32CubeCLT_1.15.0/GNU-tools-for-STM32/bin/../lib/gcc/arm-none-eabi/12.3.1/thumb/v6-m/nofp\libgcc.a
LOAD C:/ST/STM32CubeCLT_1.15.0/GNU-tools-for-STM32/bin/../lib/gcc/arm-none-eabi/12.3.1/../../../../arm-none-eabi/lib/thumb/v6-m/nofp\libc_nano.a
END GROUP
LOAD C:/ST/STM32CubeCLT_1.15.0/GNU-tools-for-STM32/bin/../lib/gcc/arm-none-eabi/12.3.1/thumb/v6-m/nofp/crtend.o
LOAD C:/ST/STM32CubeCLT_1.15.0/GNU-tools-for-STM32/bin/../lib/gcc/arm-none-eabi/12.3.1/thumb/v6-m/nofp/crtn.o
                0x20008000                        _estack = (ORIGIN (RAM) + LENGTH (RAM))
                0x00000200                        _Min_Heap_Size = 0x200
                0x00000400                        _Min_Stack_Size = 0x400

.isr_vector     0x08000000       0xc0
                0x08000000                        . = ALIGN (0x4)
 *(.isr_vector)
 .isr_vector    0x08000000       0xc0 build/startup_stm32u073xx.o
                0x08000000                g_pfnVectors
                0x080000c0                        . = ALIGN (0x4)

.text           0x080000c0     0x7750
                0x080000c0                        . = ALIGN (0x4)
 *(.text)
 .text          0x080000c0       0x48 C:/ST/STM32CubeCLT_1.15.0/GNU-tools-for-STM32/bin/../lib/gcc/arm-none-eabi/12.3.1/thumb/v6-m/nofp/crtbegin.o
 .text          0x08000108      0x114 C:/ST/STM32CubeCLT_1.15.0/GNU-tools-for-STM32/bin/../lib/gcc/arm-none-eabi/12.3.1/thumb/v6-m/nofp\libgcc.a(_udivsi3.o)
                0x08000108                __aeabi_uidiv
                0x08000108                __udivsi3
                0x08000214                __aeabi_uidivmod
 .text          0x0800021c      0x1d4 C:/ST/STM32CubeCLT_1.15.0/GNU-tools-for-STM32/bin/../lib/gcc/arm-none-eabi/12.3.1/thumb/v6-m/nofp\libgcc.a(_divsi3.o)
                0x0800021c                __divsi3
                0x0800021c                __aeabi_idiv
                0x080003e8                __aeabi_idivmod
 .text          0x080003f0        0x4 C:/ST/STM32CubeCLT_1.15.0/GNU-tools-for-STM32/bin/../lib/gcc/arm-none-eabi/12.3.1/thumb/v6-m/nofp\libgcc.a(_dvmd_tls.o)
                0x080003f0                __aeabi_idiv0
                0x080003f0                __aeabi_ldiv0
 .text          0x080003f4       0x7c C:/ST/STM32CubeCLT_1.15.0/GNU-tools-for-STM32/bin/../lib/gcc/arm-none-eabi/12.3.1/thumb/v6-m/nofp\libgcc.a(_arm_cmpdf2.o)
                0x080003f4                __aeabi_cdrcmple
                0x08000404                __aeabi_cdcmple
                0x08000404                __aeabi_cdcmpeq
                0x08000414                __aeabi_dcmpeq
                0x08000420                __aeabi_dcmplt
                0x08000434                __aeabi_dcmple
                0x08000448                __aeabi_dcmpgt
                0x0800045c                __aeabi_dcmpge
 .text          0x08000470       0x3c C:/ST/STM32CubeCLT_1.15.0/GNU-tools-for-STM32/bin/../lib/gcc/arm-none-eabi/12.3.1/thumb/v6-m/nofp\libgcc.a(_clzsi2.o)
                0x08000470                __clzsi2
 .text          0x080004ac       0x40 C:/ST/STM32CubeCLT_1.15.0/GNU-tools-for-STM32/bin/../lib/gcc/arm-none-eabi/12.3.1/thumb/v6-m/nofp\libgcc.a(_aeabi_uldivmod.o)
                0x080004ac                __aeabi_uldivmod
 .text          0x080004ec       0x3c C:/ST/STM32CubeCLT_1.15.0/GNU-tools-for-STM32/bin/../lib/gcc/arm-none-eabi/12.3.1/thumb/v6-m/nofp\libgcc.a(_fixunsdfsi.o)
                0x080004ec                __aeabi_d2uiz
                0x080004ec                __fixunsdfsi
 .text          0x08000528      0x198 C:/ST/STM32CubeCLT_1.15.0/GNU-tools-for-STM32/bin/../lib/gcc/arm-none-eabi/12.3.1/thumb/v6-m/nofp\libgcc.a(_udivmoddi4.o)
                0x08000528                __udivmoddi4
 .text          0x080006c0      0x6c8 C:/ST/STM32CubeCLT_1.15.0/GNU-tools-for-STM32/bin/../lib/gcc/arm-none-eabi/12.3.1/thumb/v6-m/nofp\libgcc.a(adddf3.o)
                0x080006c0                __aeabi_dadd
 .text          0x08000d88      0x634 C:/ST/STM32CubeCLT_1.15.0/GNU-tools-for-STM32/bin/../lib/gcc/arm-none-eabi/12.3.1/thumb/v6-m/nofp\libgcc.a(divdf3.o)
                0x08000d88                __aeabi_ddiv
 .text          0x080013bc       0x88 C:/ST/STM32CubeCLT_1.15.0/GNU-tools-for-STM32/bin/../lib/gcc/arm-none-eabi/12.3.1/thumb/v6-m/nofp\libgcc.a(eqdf2.o)
                0x080013bc                __nedf2
                0x080013bc                __eqdf2
 .text          0x08001444       0xe8 C:/ST/STM32CubeCLT_1.15.0/GNU-tools-for-STM32/bin/../lib/gcc/arm-none-eabi/12.3.1/thumb/v6-m/nofp\libgcc.a(gedf2.o)
                0x08001444                __gedf2
                0x08001444                __gtdf2
 .text          0x0800152c       0xe4 C:/ST/STM32CubeCLT_1.15.0/GNU-tools-for-STM32/bin/../lib/gcc/arm-none-eabi/12.3.1/thumb/v6-m/nofp\libgcc.a(ledf2.o)
                0x0800152c                __ledf2
                0x0800152c                __ltdf2
 .text          0x08001610      0x590 C:/ST/STM32CubeCLT_1.15.0/GNU-tools-for-STM32/bin/../lib/gcc/arm-none-eabi/12.3.1/thumb/v6-m/nofp\libgcc.a(muldf3.o)
                0x08001610                __aeabi_dmul
 .text          0x08001ba0      0x738 C:/ST/STM32CubeCLT_1.15.0/GNU-tools-for-STM32/bin/../lib/gcc/arm-none-eabi/12.3.1/thumb/v6-m/nofp\libgcc.a(subdf3.o)
                0x08001ba0                __aeabi_dsub
 .text          0x080022d8       0x78 C:/ST/STM32CubeCLT_1.15.0/GNU-tools-for-STM32/bin/../lib/gcc/arm-none-eabi/12.3.1/thumb/v6-m/nofp\libgcc.a(fixdfsi.o)
                0x080022d8                __aeabi_d2iz
 .text          0x08002350       0x5c C:/ST/STM32CubeCLT_1.15.0/GNU-tools-for-STM32/bin/../lib/gcc/arm-none-eabi/12.3.1/thumb/v6-m/nofp\libgcc.a(floatsidf.o)
                0x08002350                __aeabi_i2d
 .text          0x080023ac       0x48 C:/ST/STM32CubeCLT_1.15.0/GNU-tools-for-STM32/bin/../lib/gcc/arm-none-eabi/12.3.1/thumb/v6-m/nofp\libgcc.a(floatunsidf.o)
                0x080023ac                __aeabi_ui2d
 .text          0x080023f4       0x18 C:/ST/STM32CubeCLT_1.15.0/GNU-tools-for-STM32/bin/../lib/gcc/arm-none-eabi/12.3.1/thumb/v6-m/nofp\libgcc.a(_clzdi2.o)
                0x080023f4                __clzdi2
 *(.text*)
 .text.Error_Handler
                0x0800240c        0x4 build/main.o
                0x0800240c                Error_Handler
 .text.SystemClock_Config
                0x08002410       0x64 build/main.o
                0x08002410                SystemClock_Config
 .text.main     0x08002474       0x74 build/main.o
                0x08002474                main
 .text.MX_GPIO_Init
                0x080024e8      0x168 build/gpio.o
                0x080024e8                MX_GPIO_Init
 .text.MX_ADC1_Init
                0x08002650       0x90 build/adc.o
                0x08002650                MX_ADC1_Init
 .text.HAL_ADC_MspInit
                0x080026e0       0x50 build/adc.o
                0x080026e0                HAL_ADC_MspInit
 .text.MX_I2C1_Init
                0x08002730       0x60 build/i2c.o
                0x08002730                MX_I2C1_Init
 .text.HAL_I2C_MspInit
                0x08002790       0x88 build/i2c.o
                0x08002790                HAL_I2C_MspInit
 .text.MX_RTC_Init
                0x08002818       0x50 build/rtc.o
                0x08002818                MX_RTC_Init
 .text.HAL_RTC_MspInit
                0x08002868       0x64 build/rtc.o
                0x08002868                HAL_RTC_MspInit
 .text.MX_SPI1_Init
                0x080028cc       0x50 build/spi.o
                0x080028cc                MX_SPI1_Init
 .text.HAL_SPI_MspInit
                0x0800291c       0x60 build/spi.o
                0x0800291c                HAL_SPI_MspInit
 .text.MX_USART2_UART_Init
                0x0800297c       0x74 build/usart.o
                0x0800297c                MX_USART2_UART_Init
 .text.HAL_UART_MspInit
                0x080029f0       0x84 build/usart.o
                0x080029f0                HAL_UART_MspInit
 .text.NMI_Handler
                0x08002a74        0x2 build/stm32u0xx_it.o
                0x08002a74                NMI_Handler
 .text.HardFault_Handler
                0x08002a76        0x2 build/stm32u0xx_it.o
                0x08002a76                HardFault_Handler
 .text.SVC_Handler
                0x08002a78        0x2 build/stm32u0xx_it.o
                0x08002a78                SVC_Handler
 .text.PendSV_Handler
                0x08002a7a        0x2 build/stm32u0xx_it.o
                0x08002a7a                PendSV_Handler
 .text.SysTick_Handler
                0x08002a7c        0x8 build/stm32u0xx_it.o
                0x08002a7c                SysTick_Handler
 .text.HAL_MspInit
                0x08002a84       0x30 build/stm32u0xx_hal_msp.o
                0x08002a84                HAL_MspInit
 .text.HAL_ADC_Init
                0x08002ab4      0x244 build/stm32u0xx_hal_adc.o
                0x08002ab4                HAL_ADC_Init
 .text.HAL_ADC_ConfigChannel
                0x08002cf8      0x230 build/stm32u0xx_hal_adc.o
                0x08002cf8                HAL_ADC_ConfigChannel
 .text.RCC_SetFlashLatencyFromMSIRange
                0x08002f28       0x94 build/stm32u0xx_hal_rcc.o
 .text.HAL_RCC_GetSysClockFreq
                0x08002fbc       0xd8 build/stm32u0xx_hal_rcc.o
                0x08002fbc                HAL_RCC_GetSysClockFreq
 .text.HAL_RCC_OscConfig
                0x08003094      0x600 build/stm32u0xx_hal_rcc.o
                0x08003094                HAL_RCC_OscConfig
 .text.HAL_RCC_ClockConfig
                0x08003694      0x154 build/stm32u0xx_hal_rcc.o
                0x08003694                HAL_RCC_ClockConfig
 .text.HAL_RCC_GetHCLKFreq
                0x080037e8        0xc build/stm32u0xx_hal_rcc.o
                0x080037e8                HAL_RCC_GetHCLKFreq
 .text.HAL_RCC_GetPCLK1Freq
                0x080037f4       0x24 build/stm32u0xx_hal_rcc.o
                0x080037f4                HAL_RCC_GetPCLK1Freq
 .text.HAL_RCCEx_PeriphCLKConfig
                0x08003818      0x2dc build/stm32u0xx_hal_rcc_ex.o
                0x08003818                HAL_RCCEx_PeriphCLKConfig
 .text.HAL_RCCEx_GetPLLClockFreq
                0x08003af4       0xf0 build/stm32u0xx_hal_rcc_ex.o
                0x08003af4                HAL_RCCEx_GetPLLClockFreq
 .text.HAL_RCCEx_GetPeriphCLKFreq
                0x08003be4      0x734 build/stm32u0xx_hal_rcc_ex.o
                0x08003be4                HAL_RCCEx_GetPeriphCLKFreq
 .text.HAL_GPIO_Init
                0x08004318      0x190 build/stm32u0xx_hal_gpio.o
                0x08004318                HAL_GPIO_Init
 .text.HAL_GPIO_ReadPin
                0x080044a8        0xe build/stm32u0xx_hal_gpio.o
                0x080044a8                HAL_GPIO_ReadPin
 .text.HAL_GPIO_WritePin
                0x080044b6        0xc build/stm32u0xx_hal_gpio.o
                0x080044b6                HAL_GPIO_WritePin
 *fill*         0x080044c2        0x2 
 .text.HAL_PWREx_ControlVoltageScaling
                0x080044c4       0x9c build/stm32u0xx_hal_pwr_ex.o
                0x080044c4                HAL_PWREx_ControlVoltageScaling
 .text.HAL_PWREx_GetVoltageRange
                0x08004560       0x10 build/stm32u0xx_hal_pwr_ex.o
                0x08004560                HAL_PWREx_GetVoltageRange
 .text.__NVIC_SetPriority
                0x08004570       0x60 build/stm32u0xx_hal_cortex.o
 .text.SysTick_Config
                0x080045d0       0x38 build/stm32u0xx_hal_cortex.o
 .text.HAL_NVIC_SetPriority
                0x08004608        0x8 build/stm32u0xx_hal_cortex.o
                0x08004608                HAL_NVIC_SetPriority
 .text.HAL_SYSTICK_Config
                0x08004610        0x8 build/stm32u0xx_hal_cortex.o
                0x08004610                HAL_SYSTICK_Config
 .text.HAL_InitTick
                0x08004618       0x58 build/stm32u0xx_hal.o
                0x08004618                HAL_InitTick
 .text.HAL_Init
                0x08004670       0x18 build/stm32u0xx_hal.o
                0x08004670                HAL_Init
 .text.HAL_IncTick
                0x08004688       0x18 build/stm32u0xx_hal.o
                0x08004688                HAL_IncTick
 .text.HAL_GetTick
                0x080046a0        0xc build/stm32u0xx_hal.o
                0x080046a0                HAL_GetTick
 .text.HAL_Delay
                0x080046ac       0x24 build/stm32u0xx_hal.o
                0x080046ac                HAL_Delay
 .text.HAL_I2C_Init
                0x080046d0       0xdc build/stm32u0xx_hal_i2c.o
                0x080046d0                HAL_I2C_Init
 .text.HAL_I2CEx_ConfigAnalogFilter
                0x080047ac       0x58 build/stm32u0xx_hal_i2c_ex.o
                0x080047ac                HAL_I2CEx_ConfigAnalogFilter
 .text.HAL_I2CEx_ConfigDigitalFilter
                0x08004804       0x54 build/stm32u0xx_hal_i2c_ex.o
                0x08004804                HAL_I2CEx_ConfigDigitalFilter
 .text.HAL_RTC_WaitForSynchro
                0x08004858       0x34 build/stm32u0xx_hal_rtc.o
                0x08004858                HAL_RTC_WaitForSynchro
 .text.RTC_EnterInitMode
                0x0800488c       0x40 build/stm32u0xx_hal_rtc.o
                0x0800488c                RTC_EnterInitMode
 .text.HAL_RTC_Init
                0x080048cc       0xd4 build/stm32u0xx_hal_rtc.o
                0x080048cc                HAL_RTC_Init
 .text.HAL_RTCEx_SetWakeUpTimer
                0x080049a0       0xc0 build/stm32u0xx_hal_rtc_ex.o
                0x080049a0                HAL_RTCEx_SetWakeUpTimer
 .text.SPI_WaitFlagStateUntilTimeout
                0x08004a60       0xe0 build/stm32u0xx_hal_spi.o
 .text.SPI_WaitFifoStateUntilTimeout
                0x08004b40      0x10c build/stm32u0xx_hal_spi.o
 .text.SPI_EndRxTxTransaction
                0x08004c4c       0x68 build/stm32u0xx_hal_spi.o
 .text.SPI_EndRxTransaction
                0x08004cb4       0x90 build/stm32u0xx_hal_spi.o
 .text.HAL_SPI_Init
                0x08004d44       0xf4 build/stm32u0xx_hal_spi.o
                0x08004d44                HAL_SPI_Init
 .text.HAL_SPI_Transmit
                0x08004e38      0x1b6 build/stm32u0xx_hal_spi.o
                0x08004e38                HAL_SPI_Transmit
 *fill*         0x08004fee        0x2 
 .text.HAL_SPI_TransmitReceive
                0x08004ff0      0x260 build/stm32u0xx_hal_spi.o
                0x08004ff0                HAL_SPI_TransmitReceive
 .text.HAL_SPI_Receive
                0x08005250      0x1b0 build/stm32u0xx_hal_spi.o
                0x08005250                HAL_SPI_Receive
 .text.UART_EndRxTransfer
                0x08005400       0x64 build/stm32u0xx_hal_uart.o
 .text.UART_SetConfig
                0x08005464      0x204 build/stm32u0xx_hal_uart.o
                0x08005464                UART_SetConfig
 .text.UART_AdvFeatureConfig
                0x08005668       0xe0 build/stm32u0xx_hal_uart.o
                0x08005668                UART_AdvFeatureConfig
 .text.UART_WaitOnFlagUntilTimeout
                0x08005748       0x9e build/stm32u0xx_hal_uart.o
                0x08005748                UART_WaitOnFlagUntilTimeout
 *fill*         0x080057e6        0x2 
 .text.UART_CheckIdleState
                0x080057e8       0xd4 build/stm32u0xx_hal_uart.o
                0x080057e8                UART_CheckIdleState
 .text.HAL_UART_Init
                0x080058bc       0x70 build/stm32u0xx_hal_uart.o
                0x080058bc                HAL_UART_Init
 .text.UARTEx_SetNbDataToProcess
                0x0800592c       0x50 build/stm32u0xx_hal_uart_ex.o
 .text.HAL_UARTEx_DisableFifoMode
                0x0800597c       0x40 build/stm32u0xx_hal_uart_ex.o
                0x0800597c                HAL_UARTEx_DisableFifoMode
 .text.HAL_UARTEx_SetTxFifoThreshold
                0x080059bc       0x4a build/stm32u0xx_hal_uart_ex.o
                0x080059bc                HAL_UARTEx_SetTxFifoThreshold
 *fill*         0x08005a06        0x2 
 .text.HAL_UARTEx_SetRxFifoThreshold
                0x08005a08       0x50 build/stm32u0xx_hal_uart_ex.o
                0x08005a08                HAL_UARTEx_SetRxFifoThreshold
 .text.SystemInit
                0x08005a58       0x40 build/system_stm32u0xx.o
                0x08005a58                SystemInit
 .text._sbrk    0x08005a98       0x48 build/sysmem.o
                0x08005a98                _sbrk
 .text._read    0x08005ae0       0x1c build/syscalls.o
                0x08005ae0                _read
 .text._write   0x08005afc       0x1c build/syscalls.o
                0x08005afc                _write
 .text._close   0x08005b18        0x6 build/syscalls.o
                0x08005b18                _close
 .text._fstat   0x08005b1e        0xa build/syscalls.o
                0x08005b1e                _fstat
 .text._isatty  0x08005b28        0x4 build/syscalls.o
                0x08005b28                _isatty
 .text._lseek   0x08005b2c        0x4 build/syscalls.o
                0x08005b2c                _lseek
 .text._out_null
                0x08005b30        0x2 build/printf.o
 .text._atoi    0x08005b32       0x24 build/printf.o
 .text._out_rev
                0x08005b56       0xae build/printf.o
 .text._ntoa_format
                0x08005c04      0x110 build/printf.o
 .text._ntoa_long
                0x08005d14       0xbc build/printf.o
 .text._ntoa_long_long
                0x08005dd0      0x10e build/printf.o
 *fill*         0x08005ede        0x2 
 .text._etoa    0x08005ee0      0x408 build/printf.o
 .text._ftoa    0x080062e8      0x34c build/printf.o
 .text._vsnprintf
                0x08006634      0x65c build/printf.o
 .text.printf_  0x08006c90       0x28 build/printf.o
                0x08006c90                printf_
 .text._putchar
                0x08006cb8       0x14 build/printf.o
                0x08006cb8                _putchar
 .text._out_char
                0x08006ccc        0xe build/printf.o
 *fill*         0x08006cda        0x2 
 .text.spi_select_slave
                0x08006cdc       0x1c build/AB1815.o
                0x08006cdc                spi_select_slave
 .text.read     0x08006cf8       0x60 build/AB1815.o
                0x08006cf8                read
 .text.detectChip
                0x08006d58       0x84 build/AB1815.o
                0x08006d58                detectChip
 .text.Reset_Handler
                0x08006ddc       0x50 build/startup_stm32u073xx.o
                0x08006ddc                Reset_Handler
 .text.Default_Handler
                0x08006e2c        0x2 build/startup_stm32u073xx.o
                0x08006e2c                WWDG_IWDG_IRQHandler
                0x08006e2c                DMA1_Ch4_7_DMA2_Ch1_5_DMAMUX_OVR_IRQHandler
                0x08006e2c                TIM1_CC_IRQHandler
                0x08006e2c                TSC_IRQHandler
                0x08006e2c                USB_DRD_FS_IRQHandler
                0x08006e2c                I2C1_IRQHandler
                0x08006e2c                TIM7_LPTIM2_IRQHandler
                0x08006e2c                RCC_CRS_IRQHandler
                0x08006e2c                RTC_TAMP_IRQHandler
                0x08006e2c                I2C2_3_4_IRQHandler
                0x08006e2c                SPI1_IRQHandler
                0x08006e2c                EXTI2_3_IRQHandler
                0x08006e2c                USART2_LPUART2_IRQHandler
                0x08006e2c                LCD_IRQHandler
                0x08006e2c                TIM16_IRQHandler
                0x08006e2c                TIM3_IRQHandler
                0x08006e2c                EXTI4_15_IRQHandler
                0x08006e2c                DMA1_Channel1_IRQHandler
                0x08006e2c                Default_Handler
                0x08006e2c                TIM15_LPTIM3_IRQHandler
                0x08006e2c                EXTI0_1_IRQHandler
                0x08006e2c                SPI2_3_IRQHandler
                0x08006e2c                ADC_COMP1_2_IRQHandler
                0x08006e2c                PVD_PVM_IRQHandler
                0x08006e2c                TIM6_DAC_LPTIM1_IRQHandler
                0x08006e2c                TIM2_IRQHandler
                0x08006e2c                DMA1_Channel2_3_IRQHandler
                0x08006e2c                USART4_LPUART3_IRQHandler
                0x08006e2c                FLASH_ECC_IRQHandler
                0x08006e2c                USART3_LPUART1_IRQHandler
                0x08006e2c                USART1_IRQHandler
                0x08006e2c                TIM1_BRK_UP_TRG_COM_IRQHandler
                0x08006e2c                RNG_CRYP_IRQHandler
 *fill*         0x08006e2e        0x2 
 .text.std      0x08006e30       0x6c C:/ST/STM32CubeCLT_1.15.0/GNU-tools-for-STM32/bin/../lib/gcc/arm-none-eabi/12.3.1/../../../../arm-none-eabi/lib/thumb/v6-m/nofp\libc_nano.a(libc_a-findfp.o)
 .text.stdio_exit_handler
                0x08006e9c       0x1c C:/ST/STM32CubeCLT_1.15.0/GNU-tools-for-STM32/bin/../lib/gcc/arm-none-eabi/12.3.1/../../../../arm-none-eabi/lib/thumb/v6-m/nofp\libc_nano.a(libc_a-findfp.o)
 .text.cleanup_stdio
                0x08006eb8       0x3c C:/ST/STM32CubeCLT_1.15.0/GNU-tools-for-STM32/bin/../lib/gcc/arm-none-eabi/12.3.1/../../../../arm-none-eabi/lib/thumb/v6-m/nofp\libc_nano.a(libc_a-findfp.o)
 .text.global_stdio_init.part.0
                0x08006ef4       0x3c C:/ST/STM32CubeCLT_1.15.0/GNU-tools-for-STM32/bin/../lib/gcc/arm-none-eabi/12.3.1/../../../../arm-none-eabi/lib/thumb/v6-m/nofp\libc_nano.a(libc_a-findfp.o)
 .text.__sfp_lock_acquire
                0x08006f30       0x10 C:/ST/STM32CubeCLT_1.15.0/GNU-tools-for-STM32/bin/../lib/gcc/arm-none-eabi/12.3.1/../../../../arm-none-eabi/lib/thumb/v6-m/nofp\libc_nano.a(libc_a-findfp.o)
                0x08006f30                __sfp_lock_acquire
 .text.__sfp_lock_release
                0x08006f40       0x10 C:/ST/STM32CubeCLT_1.15.0/GNU-tools-for-STM32/bin/../lib/gcc/arm-none-eabi/12.3.1/../../../../arm-none-eabi/lib/thumb/v6-m/nofp\libc_nano.a(libc_a-findfp.o)
                0x08006f40                __sfp_lock_release
 .text.__sinit  0x08006f50       0x30 C:/ST/STM32CubeCLT_1.15.0/GNU-tools-for-STM32/bin/../lib/gcc/arm-none-eabi/12.3.1/../../../../arm-none-eabi/lib/thumb/v6-m/nofp\libc_nano.a(libc_a-findfp.o)
                0x08006f50                __sinit
 .text._fwalk_sglue
                0x08006f80       0x38 C:/ST/STM32CubeCLT_1.15.0/GNU-tools-for-STM32/bin/../lib/gcc/arm-none-eabi/12.3.1/../../../../arm-none-eabi/lib/thumb/v6-m/nofp\libc_nano.a(libc_a-fwalk.o)
                0x08006f80                _fwalk_sglue
 .text._puts_r  0x08006fb8       0xac C:/ST/STM32CubeCLT_1.15.0/GNU-tools-for-STM32/bin/../lib/gcc/arm-none-eabi/12.3.1/../../../../arm-none-eabi/lib/thumb/v6-m/nofp\libc_nano.a(libc_a-puts.o)
                0x08006fb8                _puts_r
 .text.puts     0x08007064       0x14 C:/ST/STM32CubeCLT_1.15.0/GNU-tools-for-STM32/bin/../lib/gcc/arm-none-eabi/12.3.1/../../../../arm-none-eabi/lib/thumb/v6-m/nofp\libc_nano.a(libc_a-puts.o)
                0x08007064                puts
 .text.__sread  0x08007078       0x28 C:/ST/STM32CubeCLT_1.15.0/GNU-tools-for-STM32/bin/../lib/gcc/arm-none-eabi/12.3.1/../../../../arm-none-eabi/lib/thumb/v6-m/nofp\libc_nano.a(libc_a-stdio.o)
                0x08007078                __sread
 .text.__swrite
                0x080070a0       0x38 C:/ST/STM32CubeCLT_1.15.0/GNU-tools-for-STM32/bin/../lib/gcc/arm-none-eabi/12.3.1/../../../../arm-none-eabi/lib/thumb/v6-m/nofp\libc_nano.a(libc_a-stdio.o)
                0x080070a0                __swrite
 .text.__sseek  0x080070d8       0x2c C:/ST/STM32CubeCLT_1.15.0/GNU-tools-for-STM32/bin/../lib/gcc/arm-none-eabi/12.3.1/../../../../arm-none-eabi/lib/thumb/v6-m/nofp\libc_nano.a(libc_a-stdio.o)
                0x080070d8                __sseek
 .text.__sclose
                0x08007104        0xc C:/ST/STM32CubeCLT_1.15.0/GNU-tools-for-STM32/bin/../lib/gcc/arm-none-eabi/12.3.1/../../../../arm-none-eabi/lib/thumb/v6-m/nofp\libc_nano.a(libc_a-stdio.o)
                0x08007104                __sclose
 .text.__swbuf_r
                0x08007110       0x84 C:/ST/STM32CubeCLT_1.15.0/GNU-tools-for-STM32/bin/../lib/gcc/arm-none-eabi/12.3.1/../../../../arm-none-eabi/lib/thumb/v6-m/nofp\libc_nano.a(libc_a-wbuf.o)
                0x08007110                __swbuf_r
 .text.__swsetup_r
                0x08007194       0xbc C:/ST/STM32CubeCLT_1.15.0/GNU-tools-for-STM32/bin/../lib/gcc/arm-none-eabi/12.3.1/../../../../arm-none-eabi/lib/thumb/v6-m/nofp\libc_nano.a(libc_a-wsetup.o)
                0x08007194                __swsetup_r
 .text.memset   0x08007250       0x10 C:/ST/STM32CubeCLT_1.15.0/GNU-tools-for-STM32/bin/../lib/gcc/arm-none-eabi/12.3.1/../../../../arm-none-eabi/lib/thumb/v6-m/nofp\libc_nano.a(libc_a-memset.o)
                0x08007250                memset
 .text._close_r
                0x08007260       0x24 C:/ST/STM32CubeCLT_1.15.0/GNU-tools-for-STM32/bin/../lib/gcc/arm-none-eabi/12.3.1/../../../../arm-none-eabi/lib/thumb/v6-m/nofp\libc_nano.a(libc_a-closer.o)
                0x08007260                _close_r
 .text._lseek_r
                0x08007284       0x28 C:/ST/STM32CubeCLT_1.15.0/GNU-tools-for-STM32/bin/../lib/gcc/arm-none-eabi/12.3.1/../../../../arm-none-eabi/lib/thumb/v6-m/nofp\libc_nano.a(libc_a-lseekr.o)
                0x08007284                _lseek_r
 .text._read_r  0x080072ac       0x28 C:/ST/STM32CubeCLT_1.15.0/GNU-tools-for-STM32/bin/../lib/gcc/arm-none-eabi/12.3.1/../../../../arm-none-eabi/lib/thumb/v6-m/nofp\libc_nano.a(libc_a-readr.o)
                0x080072ac                _read_r
 .text._write_r
                0x080072d4       0x28 C:/ST/STM32CubeCLT_1.15.0/GNU-tools-for-STM32/bin/../lib/gcc/arm-none-eabi/12.3.1/../../../../arm-none-eabi/lib/thumb/v6-m/nofp\libc_nano.a(libc_a-writer.o)
                0x080072d4                _write_r
 .text.__errno  0x080072fc        0xc C:/ST/STM32CubeCLT_1.15.0/GNU-tools-for-STM32/bin/../lib/gcc/arm-none-eabi/12.3.1/../../../../arm-none-eabi/lib/thumb/v6-m/nofp\libc_nano.a(libc_a-errno.o)
                0x080072fc                __errno
 .text.__libc_init_array
                0x08007308       0x48 C:/ST/STM32CubeCLT_1.15.0/GNU-tools-for-STM32/bin/../lib/gcc/arm-none-eabi/12.3.1/../../../../arm-none-eabi/lib/thumb/v6-m/nofp\libc_nano.a(libc_a-init.o)
                0x08007308                __libc_init_array
 .text.__retarget_lock_init_recursive
                0x08007350        0x2 C:/ST/STM32CubeCLT_1.15.0/GNU-tools-for-STM32/bin/../lib/gcc/arm-none-eabi/12.3.1/../../../../arm-none-eabi/lib/thumb/v6-m/nofp\libc_nano.a(libc_a-lock.o)
                0x08007350                __retarget_lock_init_recursive
 .text.__retarget_lock_acquire_recursive
                0x08007352        0x2 C:/ST/STM32CubeCLT_1.15.0/GNU-tools-for-STM32/bin/../lib/gcc/arm-none-eabi/12.3.1/../../../../arm-none-eabi/lib/thumb/v6-m/nofp\libc_nano.a(libc_a-lock.o)
                0x08007352                __retarget_lock_acquire_recursive
 .text.__retarget_lock_release_recursive
                0x08007354        0x2 C:/ST/STM32CubeCLT_1.15.0/GNU-tools-for-STM32/bin/../lib/gcc/arm-none-eabi/12.3.1/../../../../arm-none-eabi/lib/thumb/v6-m/nofp\libc_nano.a(libc_a-lock.o)
                0x08007354                __retarget_lock_release_recursive
 *fill*         0x08007356        0x2 
 .text._free_r  0x08007358       0x94 C:/ST/STM32CubeCLT_1.15.0/GNU-tools-for-STM32/bin/../lib/gcc/arm-none-eabi/12.3.1/../../../../arm-none-eabi/lib/thumb/v6-m/nofp\libc_nano.a(libc_a-freer.o)
                0x08007358                _free_r
 .text.sbrk_aligned
                0x080073ec       0x44 C:/ST/STM32CubeCLT_1.15.0/GNU-tools-for-STM32/bin/../lib/gcc/arm-none-eabi/12.3.1/../../../../arm-none-eabi/lib/thumb/v6-m/nofp\libc_nano.a(libc_a-mallocr.o)
 .text._malloc_r
                0x08007430      0x100 C:/ST/STM32CubeCLT_1.15.0/GNU-tools-for-STM32/bin/../lib/gcc/arm-none-eabi/12.3.1/../../../../arm-none-eabi/lib/thumb/v6-m/nofp\libc_nano.a(libc_a-mallocr.o)
                0x08007430                _malloc_r
 .text.__malloc_lock
                0x08007530       0x10 C:/ST/STM32CubeCLT_1.15.0/GNU-tools-for-STM32/bin/../lib/gcc/arm-none-eabi/12.3.1/../../../../arm-none-eabi/lib/thumb/v6-m/nofp\libc_nano.a(libc_a-mlock.o)
                0x08007530                __malloc_lock
 .text.__malloc_unlock
                0x08007540       0x10 C:/ST/STM32CubeCLT_1.15.0/GNU-tools-for-STM32/bin/../lib/gcc/arm-none-eabi/12.3.1/../../../../arm-none-eabi/lib/thumb/v6-m/nofp\libc_nano.a(libc_a-mlock.o)
                0x08007540                __malloc_unlock
 .text.__sflush_r
                0x08007550      0x10c C:/ST/STM32CubeCLT_1.15.0/GNU-tools-for-STM32/bin/../lib/gcc/arm-none-eabi/12.3.1/../../../../arm-none-eabi/lib/thumb/v6-m/nofp\libc_nano.a(libc_a-fflush.o)
                0x08007550                __sflush_r
 .text._fflush_r
                0x0800765c       0x56 C:/ST/STM32CubeCLT_1.15.0/GNU-tools-for-STM32/bin/../lib/gcc/arm-none-eabi/12.3.1/../../../../arm-none-eabi/lib/thumb/v6-m/nofp\libc_nano.a(libc_a-fflush.o)
                0x0800765c                _fflush_r
 *fill*         0x080076b2        0x2 
 .text.__swhatbuf_r
                0x080076b4       0x54 C:/ST/STM32CubeCLT_1.15.0/GNU-tools-for-STM32/bin/../lib/gcc/arm-none-eabi/12.3.1/../../../../arm-none-eabi/lib/thumb/v6-m/nofp\libc_nano.a(libc_a-makebuf.o)
                0x080076b4                __swhatbuf_r
 .text.__smakebuf_r
                0x08007708       0x82 C:/ST/STM32CubeCLT_1.15.0/GNU-tools-for-STM32/bin/../lib/gcc/arm-none-eabi/12.3.1/../../../../arm-none-eabi/lib/thumb/v6-m/nofp\libc_nano.a(libc_a-makebuf.o)
                0x08007708                __smakebuf_r
 *fill*         0x0800778a        0x2 
 .text._fstat_r
                0x0800778c       0x24 C:/ST/STM32CubeCLT_1.15.0/GNU-tools-for-STM32/bin/../lib/gcc/arm-none-eabi/12.3.1/../../../../arm-none-eabi/lib/thumb/v6-m/nofp\libc_nano.a(libc_a-fstatr.o)
                0x0800778c                _fstat_r
 .text._isatty_r
                0x080077b0       0x24 C:/ST/STM32CubeCLT_1.15.0/GNU-tools-for-STM32/bin/../lib/gcc/arm-none-eabi/12.3.1/../../../../arm-none-eabi/lib/thumb/v6-m/nofp\libc_nano.a(libc_a-isattyr.o)
                0x080077b0                _isatty_r
 .text._sbrk_r  0x080077d4       0x24 C:/ST/STM32CubeCLT_1.15.0/GNU-tools-for-STM32/bin/../lib/gcc/arm-none-eabi/12.3.1/../../../../arm-none-eabi/lib/thumb/v6-m/nofp\libc_nano.a(libc_a-sbrkr.o)
                0x080077d4                _sbrk_r
 *(.glue_7)
 .glue_7        0x080077f8        0x0 linker stubs
 *(.glue_7t)
 .glue_7t       0x080077f8        0x0 linker stubs
 *(.eh_frame)
 .eh_frame      0x080077f8        0x0 C:/ST/STM32CubeCLT_1.15.0/GNU-tools-for-STM32/bin/../lib/gcc/arm-none-eabi/12.3.1/thumb/v6-m/nofp/crtbegin.o
 *(.init)
 .init          0x080077f8        0x4 C:/ST/STM32CubeCLT_1.15.0/GNU-tools-for-STM32/bin/../lib/gcc/arm-none-eabi/12.3.1/thumb/v6-m/nofp/crti.o
                0x080077f8                _init
 .init          0x080077fc        0x8 C:/ST/STM32CubeCLT_1.15.0/GNU-tools-for-STM32/bin/../lib/gcc/arm-none-eabi/12.3.1/thumb/v6-m/nofp/crtn.o
 *(.fini)
 .fini          0x08007804        0x4 C:/ST/STM32CubeCLT_1.15.0/GNU-tools-for-STM32/bin/../lib/gcc/arm-none-eabi/12.3.1/thumb/v6-m/nofp/crti.o
                0x08007804                _fini
 .fini          0x08007808        0x8 C:/ST/STM32CubeCLT_1.15.0/GNU-tools-for-STM32/bin/../lib/gcc/arm-none-eabi/12.3.1/thumb/v6-m/nofp/crtn.o
                0x08007810                        . = ALIGN (0x4)
                0x08007810                        _etext = .

.vfp11_veneer   0x08007810        0x0
 .vfp11_veneer  0x08007810        0x0 linker stubs

.v4_bx          0x08007810        0x0
 .v4_bx         0x08007810        0x0 linker stubs

.iplt           0x08007810        0x0
 .iplt          0x08007810        0x0 C:/ST/STM32CubeCLT_1.15.0/GNU-tools-for-STM32/bin/../lib/gcc/arm-none-eabi/12.3.1/thumb/v6-m/nofp/crtbegin.o

.rodata         0x08007810      0x370
                0x08007810                        . = ALIGN (0x4)
 *(.rodata)
 .rodata        0x08007810       0x40 C:/ST/STM32CubeCLT_1.15.0/GNU-tools-for-STM32/bin/../lib/gcc/arm-none-eabi/12.3.1/thumb/v6-m/nofp\libgcc.a(divdf3.o)
 *(.rodata*)
 .rodata.main.str1.4
                0x08007850       0x10 build/main.o
 .rodata.HAL_RCCEx_GetPeriphCLKFreq
                0x08007860       0x84 build/stm32u0xx_hal_rcc_ex.o
 .rodata.UARTPrescTable
                0x080078e4       0x18 build/stm32u0xx_hal_uart.o
                0x080078e4                UARTPrescTable
 .rodata.denominator.0
                0x080078fc        0x8 build/stm32u0xx_hal_uart_ex.o
 .rodata.numerator.1
                0x08007904        0x8 build/stm32u0xx_hal_uart_ex.o
 .rodata.MSIRangeTable
                0x0800790c       0x30 build/system_stm32u0xx.o
                0x0800790c                MSIRangeTable
 .rodata.APBPrescTable
                0x0800793c        0x8 build/system_stm32u0xx.o
                0x0800793c                APBPrescTable
 .rodata.AHBPrescTable
                0x08007944       0x10 build/system_stm32u0xx.o
                0x08007944                AHBPrescTable
 .rodata._ftoa.str1.4
                0x08007954       0x15 build/printf.o
 *fill*         0x08007969        0x3 
 .rodata._vsnprintf
                0x0800796c      0x19c build/printf.o
 .rodata.pow10.0
                0x08007b08       0x50 build/printf.o
 .rodata.detectChip.str1.4
                0x08007b58       0x25 build/AB1815.o
                0x08007b80                        . = ALIGN (0x4)
 *fill*         0x08007b7d        0x3 

.ARM.extab      0x08007b80        0x0
                0x08007b80                        . = ALIGN (0x4)
 *(.ARM.extab* .gnu.linkonce.armextab.*)
                0x08007b80                        . = ALIGN (0x4)

.ARM            0x08007b80        0x8
                0x08007b80                        . = ALIGN (0x4)
                0x08007b80                        __exidx_start = .
 *(.ARM.exidx*)
 .ARM.exidx     0x08007b80        0x8 C:/ST/STM32CubeCLT_1.15.0/GNU-tools-for-STM32/bin/../lib/gcc/arm-none-eabi/12.3.1/thumb/v6-m/nofp\libgcc.a(_udivmoddi4.o)
                0x08007b88                        __exidx_end = .
                0x08007b88                        . = ALIGN (0x4)

.rel.dyn        0x08007b88        0x0
 .rel.iplt      0x08007b88        0x0 C:/ST/STM32CubeCLT_1.15.0/GNU-tools-for-STM32/bin/../lib/gcc/arm-none-eabi/12.3.1/thumb/v6-m/nofp/crtbegin.o

.preinit_array  0x08007b88        0x0
                0x08007b88                        . = ALIGN (0x4)
                0x08007b88                        PROVIDE (__preinit_array_start = .)
 *(.preinit_array*)
                0x08007b88                        PROVIDE (__preinit_array_end = .)
                0x08007b88                        . = ALIGN (0x4)

.init_array     0x08007b88        0x4
                0x08007b88                        . = ALIGN (0x4)
                0x08007b88                        PROVIDE (__init_array_start = .)
 *(SORT_BY_NAME(.init_array.*))
 *(.init_array*)
 .init_array    0x08007b88        0x4 C:/ST/STM32CubeCLT_1.15.0/GNU-tools-for-STM32/bin/../lib/gcc/arm-none-eabi/12.3.1/thumb/v6-m/nofp/crtbegin.o
                0x08007b8c                        PROVIDE (__init_array_end = .)
                0x08007b8c                        . = ALIGN (0x4)

.fini_array     0x08007b8c        0x4
                0x08007b8c                        . = ALIGN (0x4)
                [!provide]                        PROVIDE (__fini_array_start = .)
 *(SORT_BY_NAME(.fini_array.*))
 *(.fini_array*)
 .fini_array    0x08007b8c        0x4 C:/ST/STM32CubeCLT_1.15.0/GNU-tools-for-STM32/bin/../lib/gcc/arm-none-eabi/12.3.1/thumb/v6-m/nofp/crtbegin.o
                [!provide]                        PROVIDE (__fini_array_end = .)
                0x08007b90                        . = ALIGN (0x4)
                0x08007b90                        _sidata = LOADADDR (.data)

.data           0x20000000       0x6c load address 0x08007b90
                0x20000000                        . = ALIGN (0x4)
                0x20000000                        _sdata = .
 *(.data)
 *(.data*)
 .data.uwTickFreq
                0x20000000        0x4 build/stm32u0xx_hal.o
                0x20000000                uwTickFreq
 .data.uwTickPrio
                0x20000004        0x4 build/stm32u0xx_hal.o
                0x20000004                uwTickPrio
 .data.SystemCoreClock
                0x20000008        0x4 build/system_stm32u0xx.o
                0x20000008                SystemCoreClock
 .data.ab1815_status_e_OK
                0x2000000c        0x1 build/AB1815.o
                0x2000000c                ab1815_status_e_OK
 *fill*         0x2000000d        0x3 
 .data.__sglue  0x20000010        0xc C:/ST/STM32CubeCLT_1.15.0/GNU-tools-for-STM32/bin/../lib/gcc/arm-none-eabi/12.3.1/../../../../arm-none-eabi/lib/thumb/v6-m/nofp\libc_nano.a(libc_a-findfp.o)
                0x20000010                __sglue
 .data._impure_ptr
                0x2000001c        0x4 C:/ST/STM32CubeCLT_1.15.0/GNU-tools-for-STM32/bin/../lib/gcc/arm-none-eabi/12.3.1/../../../../arm-none-eabi/lib/thumb/v6-m/nofp\libc_nano.a(libc_a-impure.o)
                0x2000001c                _impure_ptr
 .data._impure_data
                0x20000020       0x4c C:/ST/STM32CubeCLT_1.15.0/GNU-tools-for-STM32/bin/../lib/gcc/arm-none-eabi/12.3.1/../../../../arm-none-eabi/lib/thumb/v6-m/nofp\libc_nano.a(libc_a-impure.o)
                0x20000020                _impure_data
 *(.RamFunc)
 *(.RamFunc*)
                0x2000006c                        . = ALIGN (0x4)
                0x2000006c                        _edata = .

.igot.plt       0x2000006c        0x0 load address 0x08007bfc
 .igot.plt      0x2000006c        0x0 C:/ST/STM32CubeCLT_1.15.0/GNU-tools-for-STM32/bin/../lib/gcc/arm-none-eabi/12.3.1/thumb/v6-m/nofp/crtbegin.o
                0x2000006c                        . = ALIGN (0x4)

.bss            0x2000006c      0x350 load address 0x08007bfc
                0x2000006c                        _sbss = .
                0x2000006c                        __bss_start__ = _sbss
 *(.bss)
 .bss           0x2000006c       0x1c C:/ST/STM32CubeCLT_1.15.0/GNU-tools-for-STM32/bin/../lib/gcc/arm-none-eabi/12.3.1/thumb/v6-m/nofp/crtbegin.o
 *(.bss*)
 .bss.hadc1     0x20000088       0x64 build/adc.o
                0x20000088                hadc1
 .bss.hi2c1     0x200000ec       0x54 build/i2c.o
                0x200000ec                hi2c1
 .bss.hrtc      0x20000140       0x30 build/rtc.o
                0x20000140                hrtc
 .bss.hspi1     0x20000170       0x64 build/spi.o
                0x20000170                hspi1
 .bss.huart2    0x200001d4       0x94 build/usart.o
                0x200001d4                huart2
 .bss.uwTick    0x20000268        0x4 build/stm32u0xx_hal.o
                0x20000268                uwTick
 .bss.__sbrk_heap_end
                0x2000026c        0x4 build/sysmem.o
 .bss.__sf      0x20000270      0x138 C:/ST/STM32CubeCLT_1.15.0/GNU-tools-for-STM32/bin/../lib/gcc/arm-none-eabi/12.3.1/../../../../arm-none-eabi/lib/thumb/v6-m/nofp\libc_nano.a(libc_a-findfp.o)
                0x20000270                __sf
 .bss.__stdio_exit_handler
                0x200003a8        0x4 C:/ST/STM32CubeCLT_1.15.0/GNU-tools-for-STM32/bin/../lib/gcc/arm-none-eabi/12.3.1/../../../../arm-none-eabi/lib/thumb/v6-m/nofp\libc_nano.a(libc_a-findfp.o)
                0x200003a8                __stdio_exit_handler
 .bss.errno     0x200003ac        0x4 C:/ST/STM32CubeCLT_1.15.0/GNU-tools-for-STM32/bin/../lib/gcc/arm-none-eabi/12.3.1/../../../../arm-none-eabi/lib/thumb/v6-m/nofp\libc_nano.a(libc_a-reent.o)
                0x200003ac                errno
 .bss.__lock___malloc_recursive_mutex
                0x200003b0        0x1 C:/ST/STM32CubeCLT_1.15.0/GNU-tools-for-STM32/bin/../lib/gcc/arm-none-eabi/12.3.1/../../../../arm-none-eabi/lib/thumb/v6-m/nofp\libc_nano.a(libc_a-lock.o)
                0x200003b0                __lock___malloc_recursive_mutex
 .bss.__lock___sfp_recursive_mutex
                0x200003b1        0x1 C:/ST/STM32CubeCLT_1.15.0/GNU-tools-for-STM32/bin/../lib/gcc/arm-none-eabi/12.3.1/../../../../arm-none-eabi/lib/thumb/v6-m/nofp\libc_nano.a(libc_a-lock.o)
                0x200003b1                __lock___sfp_recursive_mutex
 *fill*         0x200003b2        0x2 
 .bss.__malloc_sbrk_start
                0x200003b4        0x4 C:/ST/STM32CubeCLT_1.15.0/GNU-tools-for-STM32/bin/../lib/gcc/arm-none-eabi/12.3.1/../../../../arm-none-eabi/lib/thumb/v6-m/nofp\libc_nano.a(libc_a-mallocr.o)
                0x200003b4                __malloc_sbrk_start
 .bss.__malloc_free_list
                0x200003b8        0x4 C:/ST/STM32CubeCLT_1.15.0/GNU-tools-for-STM32/bin/../lib/gcc/arm-none-eabi/12.3.1/../../../../arm-none-eabi/lib/thumb/v6-m/nofp\libc_nano.a(libc_a-mallocr.o)
                0x200003b8                __malloc_free_list
 *(COMMON)
                0x200003bc                        . = ALIGN (0x4)
                0x200003bc                        _ebss = .
                0x200003bc                        __bss_end__ = _ebss

._user_heap_stack
                0x200003bc      0x604 load address 0x08007bfc
                0x200003c0                        . = ALIGN (0x8)
 *fill*         0x200003bc        0x4 
                [!provide]                        PROVIDE (end = .)
                0x200003c0                        PROVIDE (_end = .)
                0x200005c0                        . = (. + _Min_Heap_Size)
 *fill*         0x200003c0      0x200 
                0x200009c0                        . = (. + _Min_Stack_Size)
 *fill*         0x200005c0      0x400 
                0x200009c0                        . = ALIGN (0x8)

/DISCARD/
 libc.a(*)
 libm.a(*)
 libgcc.a(*)

.ARM.attributes
                0x00000000       0x28
 *(.ARM.attributes)
 .ARM.attributes
                0x00000000       0x1e C:/ST/STM32CubeCLT_1.15.0/GNU-tools-for-STM32/bin/../lib/gcc/arm-none-eabi/12.3.1/thumb/v6-m/nofp/crti.o
 .ARM.attributes
                0x0000001e       0x2c C:/ST/STM32CubeCLT_1.15.0/GNU-tools-for-STM32/bin/../lib/gcc/arm-none-eabi/12.3.1/thumb/v6-m/nofp/crtbegin.o
 .ARM.attributes
                0x0000004a       0x2c build/main.o
 .ARM.attributes
                0x00000076       0x2c build/gpio.o
 .ARM.attributes
                0x000000a2       0x2c build/adc.o
 .ARM.attributes
                0x000000ce       0x2c build/i2c.o
 .ARM.attributes
                0x000000fa       0x2c build/rtc.o
 .ARM.attributes
                0x00000126       0x2c build/spi.o
 .ARM.attributes
                0x00000152       0x2c build/usart.o
 .ARM.attributes
                0x0000017e       0x2c build/stm32u0xx_it.o
 .ARM.attributes
                0x000001aa       0x2c build/stm32u0xx_hal_msp.o
 .ARM.attributes
                0x000001d6       0x2c build/stm32u0xx_hal_adc.o
 .ARM.attributes
                0x00000202       0x2c build/stm32u0xx_hal_rcc.o
 .ARM.attributes
                0x0000022e       0x2c build/stm32u0xx_hal_rcc_ex.o
 .ARM.attributes
                0x0000025a       0x2c build/stm32u0xx_hal_gpio.o
 .ARM.attributes
                0x00000286       0x2c build/stm32u0xx_hal_pwr_ex.o
 .ARM.attributes
                0x000002b2       0x2c build/stm32u0xx_hal_cortex.o
 .ARM.attributes
                0x000002de       0x2c build/stm32u0xx_hal.o
 .ARM.attributes
                0x0000030a       0x2c build/stm32u0xx_hal_i2c.o
 .ARM.attributes
                0x00000336       0x2c build/stm32u0xx_hal_i2c_ex.o
 .ARM.attributes
                0x00000362       0x2c build/stm32u0xx_hal_rtc.o
 .ARM.attributes
                0x0000038e       0x2c build/stm32u0xx_hal_rtc_ex.o
 .ARM.attributes
                0x000003ba       0x2c build/stm32u0xx_hal_spi.o
 .ARM.attributes
                0x000003e6       0x2c build/stm32u0xx_hal_uart.o
 .ARM.attributes
                0x00000412       0x2c build/stm32u0xx_hal_uart_ex.o
 .ARM.attributes
                0x0000043e       0x2c build/system_stm32u0xx.o
 .ARM.attributes
                0x0000046a       0x2c build/sysmem.o
 .ARM.attributes
                0x00000496       0x2c build/syscalls.o
 .ARM.attributes
                0x000004c2       0x2c build/printf.o
 .ARM.attributes
                0x000004ee       0x2c build/AB1815.o
 .ARM.attributes
                0x0000051a       0x22 build/startup_stm32u073xx.o
 .ARM.attributes
                0x0000053c       0x2c C:/ST/STM32CubeCLT_1.15.0/GNU-tools-for-STM32/bin/../lib/gcc/arm-none-eabi/12.3.1/../../../../arm-none-eabi/lib/thumb/v6-m/nofp\libc_nano.a(libc_a-findfp.o)
 .ARM.attributes
                0x00000568       0x2c C:/ST/STM32CubeCLT_1.15.0/GNU-tools-for-STM32/bin/../lib/gcc/arm-none-eabi/12.3.1/../../../../arm-none-eabi/lib/thumb/v6-m/nofp\libc_nano.a(libc_a-fwalk.o)
 .ARM.attributes
                0x00000594       0x2c C:/ST/STM32CubeCLT_1.15.0/GNU-tools-for-STM32/bin/../lib/gcc/arm-none-eabi/12.3.1/../../../../arm-none-eabi/lib/thumb/v6-m/nofp\libc_nano.a(libc_a-puts.o)
 .ARM.attributes
                0x000005c0       0x2c C:/ST/STM32CubeCLT_1.15.0/GNU-tools-for-STM32/bin/../lib/gcc/arm-none-eabi/12.3.1/../../../../arm-none-eabi/lib/thumb/v6-m/nofp\libc_nano.a(libc_a-stdio.o)
 .ARM.attributes
                0x000005ec       0x2c C:/ST/STM32CubeCLT_1.15.0/GNU-tools-for-STM32/bin/../lib/gcc/arm-none-eabi/12.3.1/../../../../arm-none-eabi/lib/thumb/v6-m/nofp\libc_nano.a(libc_a-wbuf.o)
 .ARM.attributes
                0x00000618       0x2c C:/ST/STM32CubeCLT_1.15.0/GNU-tools-for-STM32/bin/../lib/gcc/arm-none-eabi/12.3.1/../../../../arm-none-eabi/lib/thumb/v6-m/nofp\libc_nano.a(libc_a-wsetup.o)
 .ARM.attributes
                0x00000644       0x2c C:/ST/STM32CubeCLT_1.15.0/GNU-tools-for-STM32/bin/../lib/gcc/arm-none-eabi/12.3.1/../../../../arm-none-eabi/lib/thumb/v6-m/nofp\libc_nano.a(libc_a-memset.o)
 .ARM.attributes
                0x00000670       0x2c C:/ST/STM32CubeCLT_1.15.0/GNU-tools-for-STM32/bin/../lib/gcc/arm-none-eabi/12.3.1/../../../../arm-none-eabi/lib/thumb/v6-m/nofp\libc_nano.a(libc_a-closer.o)
 .ARM.attributes
                0x0000069c       0x2c C:/ST/STM32CubeCLT_1.15.0/GNU-tools-for-STM32/bin/../lib/gcc/arm-none-eabi/12.3.1/../../../../arm-none-eabi/lib/thumb/v6-m/nofp\libc_nano.a(libc_a-reent.o)
 .ARM.attributes
                0x000006c8       0x2c C:/ST/STM32CubeCLT_1.15.0/GNU-tools-for-STM32/bin/../lib/gcc/arm-none-eabi/12.3.1/../../../../arm-none-eabi/lib/thumb/v6-m/nofp\libc_nano.a(libc_a-impure.o)
 .ARM.attributes
                0x000006f4       0x2c C:/ST/STM32CubeCLT_1.15.0/GNU-tools-for-STM32/bin/../lib/gcc/arm-none-eabi/12.3.1/../../../../arm-none-eabi/lib/thumb/v6-m/nofp\libc_nano.a(libc_a-lseekr.o)
 .ARM.attributes
                0x00000720       0x2c C:/ST/STM32CubeCLT_1.15.0/GNU-tools-for-STM32/bin/../lib/gcc/arm-none-eabi/12.3.1/../../../../arm-none-eabi/lib/thumb/v6-m/nofp\libc_nano.a(libc_a-readr.o)
 .ARM.attributes
                0x0000074c       0x2c C:/ST/STM32CubeCLT_1.15.0/GNU-tools-for-STM32/bin/../lib/gcc/arm-none-eabi/12.3.1/../../../../arm-none-eabi/lib/thumb/v6-m/nofp\libc_nano.a(libc_a-writer.o)
 .ARM.attributes
                0x00000778       0x2c C:/ST/STM32CubeCLT_1.15.0/GNU-tools-for-STM32/bin/../lib/gcc/arm-none-eabi/12.3.1/../../../../arm-none-eabi/lib/thumb/v6-m/nofp\libc_nano.a(libc_a-errno.o)
 .ARM.attributes
                0x000007a4       0x2c C:/ST/STM32CubeCLT_1.15.0/GNU-tools-for-STM32/bin/../lib/gcc/arm-none-eabi/12.3.1/../../../../arm-none-eabi/lib/thumb/v6-m/nofp\libc_nano.a(libc_a-init.o)
 .ARM.attributes
                0x000007d0       0x2c C:/ST/STM32CubeCLT_1.15.0/GNU-tools-for-STM32/bin/../lib/gcc/arm-none-eabi/12.3.1/../../../../arm-none-eabi/lib/thumb/v6-m/nofp\libc_nano.a(libc_a-lock.o)
 .ARM.attributes
                0x000007fc       0x2c C:/ST/STM32CubeCLT_1.15.0/GNU-tools-for-STM32/bin/../lib/gcc/arm-none-eabi/12.3.1/../../../../arm-none-eabi/lib/thumb/v6-m/nofp\libc_nano.a(libc_a-freer.o)
 .ARM.attributes
                0x00000828       0x2c C:/ST/STM32CubeCLT_1.15.0/GNU-tools-for-STM32/bin/../lib/gcc/arm-none-eabi/12.3.1/../../../../arm-none-eabi/lib/thumb/v6-m/nofp\libc_nano.a(libc_a-mallocr.o)
 .ARM.attributes
                0x00000854       0x2c C:/ST/STM32CubeCLT_1.15.0/GNU-tools-for-STM32/bin/../lib/gcc/arm-none-eabi/12.3.1/../../../../arm-none-eabi/lib/thumb/v6-m/nofp\libc_nano.a(libc_a-mlock.o)
 .ARM.attributes
                0x00000880       0x2c C:/ST/STM32CubeCLT_1.15.0/GNU-tools-for-STM32/bin/../lib/gcc/arm-none-eabi/12.3.1/../../../../arm-none-eabi/lib/thumb/v6-m/nofp\libc_nano.a(libc_a-fflush.o)
 .ARM.attributes
                0x000008ac       0x2c C:/ST/STM32CubeCLT_1.15.0/GNU-tools-for-STM32/bin/../lib/gcc/arm-none-eabi/12.3.1/../../../../arm-none-eabi/lib/thumb/v6-m/nofp\libc_nano.a(libc_a-makebuf.o)
 .ARM.attributes
                0x000008d8       0x2c C:/ST/STM32CubeCLT_1.15.0/GNU-tools-for-STM32/bin/../lib/gcc/arm-none-eabi/12.3.1/../../../../arm-none-eabi/lib/thumb/v6-m/nofp\libc_nano.a(libc_a-fstatr.o)
 .ARM.attributes
                0x00000904       0x2c C:/ST/STM32CubeCLT_1.15.0/GNU-tools-for-STM32/bin/../lib/gcc/arm-none-eabi/12.3.1/../../../../arm-none-eabi/lib/thumb/v6-m/nofp\libc_nano.a(libc_a-isattyr.o)
 .ARM.attributes
                0x00000930       0x2c C:/ST/STM32CubeCLT_1.15.0/GNU-tools-for-STM32/bin/../lib/gcc/arm-none-eabi/12.3.1/../../../../arm-none-eabi/lib/thumb/v6-m/nofp\libc_nano.a(libc_a-sbrkr.o)
 .ARM.attributes
                0x0000095c       0x1e C:/ST/STM32CubeCLT_1.15.0/GNU-tools-for-STM32/bin/../lib/gcc/arm-none-eabi/12.3.1/thumb/v6-m/nofp\libgcc.a(_udivsi3.o)
 .ARM.attributes
                0x0000097a       0x1e C:/ST/STM32CubeCLT_1.15.0/GNU-tools-for-STM32/bin/../lib/gcc/arm-none-eabi/12.3.1/thumb/v6-m/nofp\libgcc.a(_divsi3.o)
 .ARM.attributes
                0x00000998       0x1e C:/ST/STM32CubeCLT_1.15.0/GNU-tools-for-STM32/bin/../lib/gcc/arm-none-eabi/12.3.1/thumb/v6-m/nofp\libgcc.a(_dvmd_tls.o)
 .ARM.attributes
                0x000009b6       0x1e C:/ST/STM32CubeCLT_1.15.0/GNU-tools-for-STM32/bin/../lib/gcc/arm-none-eabi/12.3.1/thumb/v6-m/nofp\libgcc.a(_arm_cmpdf2.o)
 .ARM.attributes
                0x000009d4       0x1e C:/ST/STM32CubeCLT_1.15.0/GNU-tools-for-STM32/bin/../lib/gcc/arm-none-eabi/12.3.1/thumb/v6-m/nofp\libgcc.a(_clzsi2.o)
 .ARM.attributes
                0x000009f2       0x1e C:/ST/STM32CubeCLT_1.15.0/GNU-tools-for-STM32/bin/../lib/gcc/arm-none-eabi/12.3.1/thumb/v6-m/nofp\libgcc.a(_aeabi_uldivmod.o)
 .ARM.attributes
                0x00000a10       0x2c C:/ST/STM32CubeCLT_1.15.0/GNU-tools-for-STM32/bin/../lib/gcc/arm-none-eabi/12.3.1/thumb/v6-m/nofp\libgcc.a(_fixunsdfsi.o)
 .ARM.attributes
                0x00000a3c       0x2c C:/ST/STM32CubeCLT_1.15.0/GNU-tools-for-STM32/bin/../lib/gcc/arm-none-eabi/12.3.1/thumb/v6-m/nofp\libgcc.a(_udivmoddi4.o)
 .ARM.attributes
                0x00000a68       0x2c C:/ST/STM32CubeCLT_1.15.0/GNU-tools-for-STM32/bin/../lib/gcc/arm-none-eabi/12.3.1/thumb/v6-m/nofp\libgcc.a(adddf3.o)
 .ARM.attributes
                0x00000a94       0x2c C:/ST/STM32CubeCLT_1.15.0/GNU-tools-for-STM32/bin/../lib/gcc/arm-none-eabi/12.3.1/thumb/v6-m/nofp\libgcc.a(divdf3.o)
 .ARM.attributes
                0x00000ac0       0x2c C:/ST/STM32CubeCLT_1.15.0/GNU-tools-for-STM32/bin/../lib/gcc/arm-none-eabi/12.3.1/thumb/v6-m/nofp\libgcc.a(eqdf2.o)
 .ARM.attributes
                0x00000aec       0x2c C:/ST/STM32CubeCLT_1.15.0/GNU-tools-for-STM32/bin/../lib/gcc/arm-none-eabi/12.3.1/thumb/v6-m/nofp\libgcc.a(gedf2.o)
 .ARM.attributes
                0x00000b18       0x2c C:/ST/STM32CubeCLT_1.15.0/GNU-tools-for-STM32/bin/../lib/gcc/arm-none-eabi/12.3.1/thumb/v6-m/nofp\libgcc.a(ledf2.o)
 .ARM.attributes
                0x00000b44       0x2c C:/ST/STM32CubeCLT_1.15.0/GNU-tools-for-STM32/bin/../lib/gcc/arm-none-eabi/12.3.1/thumb/v6-m/nofp\libgcc.a(muldf3.o)
 .ARM.attributes
                0x00000b70       0x2c C:/ST/STM32CubeCLT_1.15.0/GNU-tools-for-STM32/bin/../lib/gcc/arm-none-eabi/12.3.1/thumb/v6-m/nofp\libgcc.a(subdf3.o)
 .ARM.attributes
                0x00000b9c       0x2c C:/ST/STM32CubeCLT_1.15.0/GNU-tools-for-STM32/bin/../lib/gcc/arm-none-eabi/12.3.1/thumb/v6-m/nofp\libgcc.a(fixdfsi.o)
 .ARM.attributes
                0x00000bc8       0x2c C:/ST/STM32CubeCLT_1.15.0/GNU-tools-for-STM32/bin/../lib/gcc/arm-none-eabi/12.3.1/thumb/v6-m/nofp\libgcc.a(floatsidf.o)
 .ARM.attributes
                0x00000bf4       0x2c C:/ST/STM32CubeCLT_1.15.0/GNU-tools-for-STM32/bin/../lib/gcc/arm-none-eabi/12.3.1/thumb/v6-m/nofp\libgcc.a(floatunsidf.o)
 .ARM.attributes
                0x00000c20       0x1e C:/ST/STM32CubeCLT_1.15.0/GNU-tools-for-STM32/bin/../lib/gcc/arm-none-eabi/12.3.1/thumb/v6-m/nofp\libgcc.a(_clzdi2.o)
 .ARM.attributes
                0x00000c3e       0x1e C:/ST/STM32CubeCLT_1.15.0/GNU-tools-for-STM32/bin/../lib/gcc/arm-none-eabi/12.3.1/thumb/v6-m/nofp/crtn.o
OUTPUT(build/e-paper_18x5.elf elf32-littlearm)
LOAD linker stubs
LOAD C:/ST/STM32CubeCLT_1.15.0/GNU-tools-for-STM32/bin/../lib/gcc/arm-none-eabi/12.3.1/../../../../arm-none-eabi/lib/thumb/v6-m/nofp\libc.a
LOAD C:/ST/STM32CubeCLT_1.15.0/GNU-tools-for-STM32/bin/../lib/gcc/arm-none-eabi/12.3.1/../../../../arm-none-eabi/lib/thumb/v6-m/nofp\libm.a
LOAD C:/ST/STM32CubeCLT_1.15.0/GNU-tools-for-STM32/bin/../lib/gcc/arm-none-eabi/12.3.1/thumb/v6-m/nofp\libgcc.a

.debug_info     0x00000000    0x24fcc
 .debug_info    0x00000000      0xc26 build/main.o
 .debug_info    0x00000c26      0x73f build/gpio.o
 .debug_info    0x00001365      0xe09 build/adc.o
 .debug_info    0x0000216e      0xf96 build/i2c.o
 .debug_info    0x00003104      0x993 build/rtc.o
 .debug_info    0x00003a97      0xd35 build/spi.o
 .debug_info    0x000047cc     0x107d build/usart.o
 .debug_info    0x00005849      0x14d build/stm32u0xx_it.o
 .debug_info    0x00005996      0x39d build/stm32u0xx_hal_msp.o
 .debug_info    0x00005d33     0x27a9 build/stm32u0xx_hal_adc.o
 .debug_info    0x000084dc     0x119f build/stm32u0xx_hal_rcc.o
 .debug_info    0x0000967b     0x14b5 build/stm32u0xx_hal_rcc_ex.o
 .debug_info    0x0000ab30      0x6b4 build/stm32u0xx_hal_gpio.o
 .debug_info    0x0000b1e4      0xa41 build/stm32u0xx_hal_pwr_ex.o
 .debug_info    0x0000bc25      0xb70 build/stm32u0xx_hal_cortex.o
 .debug_info    0x0000c795      0xcac build/stm32u0xx_hal.o
 .debug_info    0x0000d441     0x4722 build/stm32u0xx_hal_i2c.o
 .debug_info    0x00011b63      0x951 build/stm32u0xx_hal_i2c_ex.o
 .debug_info    0x000124b4     0x11ca build/stm32u0xx_hal_rtc.o
 .debug_info    0x0001367e     0x1969 build/stm32u0xx_hal_rtc_ex.o
 .debug_info    0x00014fe7     0x24b7 build/stm32u0xx_hal_spi.o
 .debug_info    0x0001749e     0x64b0 build/stm32u0xx_hal_uart.o
 .debug_info    0x0001d94e     0x1432 build/stm32u0xx_hal_uart_ex.o
 .debug_info    0x0001ed80      0x76a build/system_stm32u0xx.o
 .debug_info    0x0001f4ea      0x19c build/sysmem.o
 .debug_info    0x0001f686      0x842 build/syscalls.o
 .debug_info    0x0001fec8     0x1da3 build/printf.o
 .debug_info    0x00021c6b     0x3331 build/AB1815.o
 .debug_info    0x00024f9c       0x30 build/startup_stm32u073xx.o

.debug_abbrev   0x00000000     0x4537
 .debug_abbrev  0x00000000      0x2d6 build/main.o
 .debug_abbrev  0x000002d6      0x18c build/gpio.o
 .debug_abbrev  0x00000462      0x225 build/adc.o
 .debug_abbrev  0x00000687      0x23a build/i2c.o
 .debug_abbrev  0x000008c1      0x1e2 build/rtc.o
 .debug_abbrev  0x00000aa3      0x218 build/spi.o
 .debug_abbrev  0x00000cbb      0x22f build/usart.o
 .debug_abbrev  0x00000eea       0xb9 build/stm32u0xx_it.o
 .debug_abbrev  0x00000fa3       0xeb build/stm32u0xx_hal_msp.o
 .debug_abbrev  0x0000108e      0x354 build/stm32u0xx_hal_adc.o
 .debug_abbrev  0x000013e2      0x2f5 build/stm32u0xx_hal_rcc.o
 .debug_abbrev  0x000016d7      0x304 build/stm32u0xx_hal_rcc_ex.o
 .debug_abbrev  0x000019db      0x239 build/stm32u0xx_hal_gpio.o
 .debug_abbrev  0x00001c14      0x259 build/stm32u0xx_hal_pwr_ex.o
 .debug_abbrev  0x00001e6d      0x32e build/stm32u0xx_hal_cortex.o
 .debug_abbrev  0x0000219b      0x2f9 build/stm32u0xx_hal.o
 .debug_abbrev  0x00002494      0x318 build/stm32u0xx_hal_i2c.o
 .debug_abbrev  0x000027ac      0x1c9 build/stm32u0xx_hal_i2c_ex.o
 .debug_abbrev  0x00002975      0x265 build/stm32u0xx_hal_rtc.o
 .debug_abbrev  0x00002bda      0x271 build/stm32u0xx_hal_rtc_ex.o
 .debug_abbrev  0x00002e4b      0x2d5 build/stm32u0xx_hal_spi.o
 .debug_abbrev  0x00003120      0x393 build/stm32u0xx_hal_uart.o
 .debug_abbrev  0x000034b3      0x381 build/stm32u0xx_hal_uart_ex.o
 .debug_abbrev  0x00003834      0x145 build/system_stm32u0xx.o
 .debug_abbrev  0x00003979       0xdc build/sysmem.o
 .debug_abbrev  0x00003a55      0x1e3 build/syscalls.o
 .debug_abbrev  0x00003c38      0x431 build/printf.o
 .debug_abbrev  0x00004069      0x4b1 build/AB1815.o
 .debug_abbrev  0x0000451a       0x1d build/startup_stm32u073xx.o

.debug_loc      0x00000000    0x1a5f1
 .debug_loc     0x00000000      0x116 build/main.o
 .debug_loc     0x00000116       0x39 build/gpio.o
 .debug_loc     0x0000014f       0x98 build/adc.o
 .debug_loc     0x000001e7      0x10b build/i2c.o
 .debug_loc     0x000002f2       0xce build/rtc.o
 .debug_loc     0x000003c0       0xed build/spi.o
 .debug_loc     0x000004ad       0xee build/usart.o
 .debug_loc     0x0000059b       0x20 build/stm32u0xx_it.o
 .debug_loc     0x000005bb       0x20 build/stm32u0xx_hal_msp.o
 .debug_loc     0x000005db     0x1ef3 build/stm32u0xx_hal_adc.o
 .debug_loc     0x000024ce      0xb54 build/stm32u0xx_hal_rcc.o
 .debug_loc     0x00003022     0x1ada build/stm32u0xx_hal_rcc_ex.o
 .debug_loc     0x00004afc      0x46a build/stm32u0xx_hal_gpio.o
 .debug_loc     0x00004f66      0x522 build/stm32u0xx_hal_pwr_ex.o
 .debug_loc     0x00005488      0x39f build/stm32u0xx_hal_cortex.o
 .debug_loc     0x00005827      0x2cc build/stm32u0xx_hal.o
 .debug_loc     0x00005af3     0x5c2b build/stm32u0xx_hal_i2c.o
 .debug_loc     0x0000b71e      0x35e build/stm32u0xx_hal_i2c_ex.o
 .debug_loc     0x0000ba7c      0xf8b build/stm32u0xx_hal_rtc.o
 .debug_loc     0x0000ca07     0x171f build/stm32u0xx_hal_rtc_ex.o
 .debug_loc     0x0000e126     0x27b0 build/stm32u0xx_hal_spi.o
 .debug_loc     0x000108d6     0x4e3e build/stm32u0xx_hal_uart.o
 .debug_loc     0x00015714      0xe2b build/stm32u0xx_hal_uart_ex.o
 .debug_loc     0x0001653f      0x17c build/system_stm32u0xx.o
 .debug_loc     0x000166bb       0xb3 build/sysmem.o
 .debug_loc     0x0001676e      0x510 build/syscalls.o
 .debug_loc     0x00016c7e     0x267f build/printf.o
 .debug_loc     0x000192fd     0x12f4 build/AB1815.o

.debug_aranges  0x00000000     0x15b0
 .debug_aranges
                0x00000000       0x40 build/main.o
 .debug_aranges
                0x00000040       0x20 build/gpio.o
 .debug_aranges
                0x00000060       0x30 build/adc.o
 .debug_aranges
                0x00000090       0x30 build/i2c.o
 .debug_aranges
                0x000000c0       0x30 build/rtc.o
 .debug_aranges
                0x000000f0       0x30 build/spi.o
 .debug_aranges
                0x00000120       0x30 build/usart.o
 .debug_aranges
                0x00000150       0x40 build/stm32u0xx_it.o
 .debug_aranges
                0x00000190       0x20 build/stm32u0xx_hal_msp.o
 .debug_aranges
                0x000001b0      0x118 build/stm32u0xx_hal_adc.o
 .debug_aranges
                0x000002c8       0x88 build/stm32u0xx_hal_rcc.o
 .debug_aranges
                0x00000350       0xf0 build/stm32u0xx_hal_rcc_ex.o
 .debug_aranges
                0x00000440       0x60 build/stm32u0xx_hal_gpio.o
 .debug_aranges
                0x000004a0      0x130 build/stm32u0xx_hal_pwr_ex.o
 .debug_aranges
                0x000005d0       0xc0 build/stm32u0xx_hal_cortex.o
 .debug_aranges
                0x00000690      0x158 build/stm32u0xx_hal.o
 .debug_aranges
                0x000007e8      0x2a0 build/stm32u0xx_hal_i2c.o
 .debug_aranges
                0x00000a88       0x40 build/stm32u0xx_hal_i2c_ex.o
 .debug_aranges
                0x00000ac8       0xe8 build/stm32u0xx_hal_rtc.o
 .debug_aranges
                0x00000bb0      0x1b8 build/stm32u0xx_hal_rtc_ex.o
 .debug_aranges
                0x00000d68      0x1d8 build/stm32u0xx_hal_spi.o
 .debug_aranges
                0x00000f40      0x248 build/stm32u0xx_hal_uart.o
 .debug_aranges
                0x00001188       0xa8 build/stm32u0xx_hal_uart_ex.o
 .debug_aranges
                0x00001230       0x28 build/system_stm32u0xx.o
 .debug_aranges
                0x00001258       0x20 build/sysmem.o
 .debug_aranges
                0x00001278       0xa8 build/syscalls.o
 .debug_aranges
                0x00001320       0xb0 build/printf.o
 .debug_aranges
                0x000013d0      0x1b8 build/AB1815.o
 .debug_aranges
                0x00001588       0x28 build/startup_stm32u073xx.o

.debug_ranges   0x00000000     0x1608
 .debug_ranges  0x00000000       0x30 build/main.o
 .debug_ranges  0x00000030       0x10 build/gpio.o
 .debug_ranges  0x00000040       0x20 build/adc.o
 .debug_ranges  0x00000060       0x20 build/i2c.o
 .debug_ranges  0x00000080       0x20 build/rtc.o
 .debug_ranges  0x000000a0       0x20 build/spi.o
 .debug_ranges  0x000000c0       0x20 build/usart.o
 .debug_ranges  0x000000e0       0x30 build/stm32u0xx_it.o
 .debug_ranges  0x00000110       0x10 build/stm32u0xx_hal_msp.o
 .debug_ranges  0x00000120      0x210 build/stm32u0xx_hal_adc.o
 .debug_ranges  0x00000330       0x90 build/stm32u0xx_hal_rcc.o
 .debug_ranges  0x000003c0       0xf8 build/stm32u0xx_hal_rcc_ex.o
 .debug_ranges  0x000004b8       0x50 build/stm32u0xx_hal_gpio.o
 .debug_ranges  0x00000508      0x120 build/stm32u0xx_hal_pwr_ex.o
 .debug_ranges  0x00000628       0xc8 build/stm32u0xx_hal_cortex.o
 .debug_ranges  0x000006f0      0x148 build/stm32u0xx_hal.o
 .debug_ranges  0x00000838      0x290 build/stm32u0xx_hal_i2c.o
 .debug_ranges  0x00000ac8       0x30 build/stm32u0xx_hal_i2c_ex.o
 .debug_ranges  0x00000af8       0xd8 build/stm32u0xx_hal_rtc.o
 .debug_ranges  0x00000bd0      0x1a8 build/stm32u0xx_hal_rtc_ex.o
 .debug_ranges  0x00000d78      0x1c8 build/stm32u0xx_hal_spi.o
 .debug_ranges  0x00000f40      0x238 build/stm32u0xx_hal_uart.o
 .debug_ranges  0x00001178       0xc8 build/stm32u0xx_hal_uart_ex.o
 .debug_ranges  0x00001240       0x18 build/system_stm32u0xx.o
 .debug_ranges  0x00001258       0x10 build/sysmem.o
 .debug_ranges  0x00001268       0x98 build/syscalls.o
 .debug_ranges  0x00001300      0x140 build/printf.o
 .debug_ranges  0x00001440      0x1a8 build/AB1815.o
 .debug_ranges  0x000015e8       0x20 build/startup_stm32u073xx.o

.debug_line     0x00000000    0x1a75b
 .debug_line    0x00000000      0x47f build/main.o
 .debug_line    0x0000047f      0x311 build/gpio.o
 .debug_line    0x00000790      0x3d4 build/adc.o
 .debug_line    0x00000b64      0x3be build/i2c.o
 .debug_line    0x00000f22      0x356 build/rtc.o
 .debug_line    0x00001278      0x365 build/spi.o
 .debug_line    0x000015dd      0x3db build/usart.o
 .debug_line    0x000019b8      0x222 build/stm32u0xx_it.o
 .debug_line    0x00001bda      0x1e7 build/stm32u0xx_hal_msp.o
 .debug_line    0x00001dc1     0x1afc build/stm32u0xx_hal_adc.o
 .debug_line    0x000038bd      0xff9 build/stm32u0xx_hal_rcc.o
 .debug_line    0x000048b6     0x1385 build/stm32u0xx_hal_rcc_ex.o
 .debug_line    0x00005c3b      0x74c build/stm32u0xx_hal_gpio.o
 .debug_line    0x00006387      0xa90 build/stm32u0xx_hal_pwr_ex.o
 .debug_line    0x00006e17      0x71d build/stm32u0xx_hal_cortex.o
 .debug_line    0x00007534      0x770 build/stm32u0xx_hal.o
 .debug_line    0x00007ca4     0x52bd build/stm32u0xx_hal_i2c.o
 .debug_line    0x0000cf61      0x597 build/stm32u0xx_hal_i2c_ex.o
 .debug_line    0x0000d4f8      0xfb9 build/stm32u0xx_hal_rtc.o
 .debug_line    0x0000e4b1     0x1571 build/stm32u0xx_hal_rtc_ex.o
 .debug_line    0x0000fa22     0x298f build/stm32u0xx_hal_spi.o
 .debug_line    0x000123b1     0x4c3f build/stm32u0xx_hal_uart.o
 .debug_line    0x00016ff0      0xd1d build/stm32u0xx_hal_uart_ex.o
 .debug_line    0x00017d0d      0x352 build/system_stm32u0xx.o
 .debug_line    0x0001805f      0x221 build/sysmem.o
 .debug_line    0x00018280      0x463 build/syscalls.o
 .debug_line    0x000186e3     0x1385 build/printf.o
 .debug_line    0x00019a68      0xc7c build/AB1815.o
 .debug_line    0x0001a6e4       0x77 build/startup_stm32u073xx.o

.debug_str      0x00000000     0x6999
 .debug_str     0x00000000      0x5da build/main.o
                                0x63d (size before relaxing)
 .debug_str     0x000005da       0x9b build/gpio.o
                                0x3a7 (size before relaxing)
 .debug_str     0x00000675      0x6e2 build/adc.o
                                0xa4e (size before relaxing)
 .debug_str     0x00000d57      0x2e5 build/i2c.o
                                0xb27 (size before relaxing)
 .debug_str     0x0000103c      0x1d4 build/rtc.o
                                0x6c8 (size before relaxing)
 .debug_str     0x00001210      0x219 build/spi.o
                                0x8cb (size before relaxing)
 .debug_str     0x00001429      0x27d build/usart.o
                                0xb3a (size before relaxing)
 .debug_str     0x000016a6       0x6d build/stm32u0xx_it.o
                                0x1d2 (size before relaxing)
 .debug_str     0x00001713       0x29 build/stm32u0xx_hal_msp.o
                                0x2d0 (size before relaxing)
 .debug_str     0x0000173c      0x853 build/stm32u0xx_hal_adc.o
                                0xffc (size before relaxing)
 .debug_str     0x00001f8f      0x31f build/stm32u0xx_hal_rcc.o
                                0x890 (size before relaxing)
 .debug_str     0x000022ae      0x4f3 build/stm32u0xx_hal_rcc_ex.o
                                0xb8a (size before relaxing)
 .debug_str     0x000027a1       0xed build/stm32u0xx_hal_gpio.o
                                0x3df (size before relaxing)
 .debug_str     0x0000288e      0x444 build/stm32u0xx_hal_pwr_ex.o
                                0x76c (size before relaxing)
 .debug_str     0x00002cd2      0x5a8 build/stm32u0xx_hal_cortex.o
                                0x7d6 (size before relaxing)
 .debug_str     0x0000327a      0x418 build/stm32u0xx_hal.o
                                0xa2b (size before relaxing)
 .debug_str     0x00003692      0x8b1 build/stm32u0xx_hal_i2c.o
                               0x10a1 (size before relaxing)
 .debug_str     0x00003f43       0x84 build/stm32u0xx_hal_i2c_ex.o
                                0x819 (size before relaxing)
 .debug_str     0x00003fc7      0x3a7 build/stm32u0xx_hal_rtc.o
                                0x7d7 (size before relaxing)
 .debug_str     0x0000436e      0x77a build/stm32u0xx_hal_rtc_ex.o
                                0xcfd (size before relaxing)
 .debug_str     0x00004ae8      0x537 build/stm32u0xx_hal_spi.o
                                0xcb7 (size before relaxing)
 .debug_str     0x0000501f      0x7ea build/stm32u0xx_hal_uart.o
                               0x1002 (size before relaxing)
 .debug_str     0x00005809      0x253 build/stm32u0xx_hal_uart_ex.o
                                0xb51 (size before relaxing)
 .debug_str     0x00005a5c       0x3d build/system_stm32u0xx.o
                                0x410 (size before relaxing)
 .debug_str     0x00005a99       0x7a build/sysmem.o
                                0x1e5 (size before relaxing)
 .debug_str     0x00005b13      0x208 build/syscalls.o
                                0x3b9 (size before relaxing)
 .debug_str     0x00005d1b      0x267 build/printf.o
                                0x4b0 (size before relaxing)
 .debug_str     0x00005f82      0x9e5 build/AB1815.o
                               0x12d1 (size before relaxing)
 .debug_str     0x00006967       0x32 build/startup_stm32u073xx.o
                                 0x53 (size before relaxing)

.comment        0x00000000       0x43
 .comment       0x00000000       0x43 build/main.o
                                 0x44 (size before relaxing)
 .comment       0x00000043       0x44 build/gpio.o
 .comment       0x00000043       0x44 build/adc.o
 .comment       0x00000043       0x44 build/i2c.o
 .comment       0x00000043       0x44 build/rtc.o
 .comment       0x00000043       0x44 build/spi.o
 .comment       0x00000043       0x44 build/usart.o
 .comment       0x00000043       0x44 build/stm32u0xx_it.o
 .comment       0x00000043       0x44 build/stm32u0xx_hal_msp.o
 .comment       0x00000043       0x44 build/stm32u0xx_hal_adc.o
 .comment       0x00000043       0x44 build/stm32u0xx_hal_rcc.o
 .comment       0x00000043       0x44 build/stm32u0xx_hal_rcc_ex.o
 .comment       0x00000043       0x44 build/stm32u0xx_hal_gpio.o
 .comment       0x00000043       0x44 build/stm32u0xx_hal_pwr_ex.o
 .comment       0x00000043       0x44 build/stm32u0xx_hal_cortex.o
 .comment       0x00000043       0x44 build/stm32u0xx_hal.o
 .comment       0x00000043       0x44 build/stm32u0xx_hal_i2c.o
 .comment       0x00000043       0x44 build/stm32u0xx_hal_i2c_ex.o
 .comment       0x00000043       0x44 build/stm32u0xx_hal_rtc.o
 .comment       0x00000043       0x44 build/stm32u0xx_hal_rtc_ex.o
 .comment       0x00000043       0x44 build/stm32u0xx_hal_spi.o
 .comment       0x00000043       0x44 build/stm32u0xx_hal_uart.o
 .comment       0x00000043       0x44 build/stm32u0xx_hal_uart_ex.o
 .comment       0x00000043       0x44 build/system_stm32u0xx.o
 .comment       0x00000043       0x44 build/sysmem.o
 .comment       0x00000043       0x44 build/syscalls.o
 .comment       0x00000043       0x44 build/printf.o
 .comment       0x00000043       0x44 build/AB1815.o

.debug_frame    0x00000000     0x4324
 .debug_frame   0x00000000       0x80 build/main.o
 .debug_frame   0x00000080       0x3c build/gpio.o
 .debug_frame   0x000000bc       0x58 build/adc.o
 .debug_frame   0x00000114       0x5c build/i2c.o
 .debug_frame   0x00000170       0x54 build/rtc.o
 .debug_frame   0x000001c4       0x5c build/spi.o
 .debug_frame   0x00000220       0x5c build/usart.o
 .debug_frame   0x0000027c       0x68 build/stm32u0xx_it.o
 .debug_frame   0x000002e4       0x24 build/stm32u0xx_hal_msp.o
 .debug_frame   0x00000308      0x304 build/stm32u0xx_hal_adc.o
 .debug_frame   0x0000060c      0x164 build/stm32u0xx_hal_rcc.o
 .debug_frame   0x00000770      0x24c build/stm32u0xx_hal_rcc_ex.o
 .debug_frame   0x000009bc       0xd0 build/stm32u0xx_hal_gpio.o
 .debug_frame   0x00000a8c      0x260 build/stm32u0xx_hal_pwr_ex.o
 .debug_frame   0x00000cec      0x194 build/stm32u0xx_hal_cortex.o
 .debug_frame   0x00000e80      0x2c4 build/stm32u0xx_hal.o
 .debug_frame   0x00001144      0x8a8 build/stm32u0xx_hal_i2c.o
 .debug_frame   0x000019ec       0xa0 build/stm32u0xx_hal_i2c_ex.o
 .debug_frame   0x00001a8c      0x260 build/stm32u0xx_hal_rtc.o
 .debug_frame   0x00001cec      0x4f8 build/stm32u0xx_hal_rtc_ex.o
 .debug_frame   0x000021e4      0x5a0 build/stm32u0xx_hal_spi.o
 .debug_frame   0x00002784      0x6f0 build/stm32u0xx_hal_uart.o
 .debug_frame   0x00002e74      0x1e0 build/stm32u0xx_hal_uart_ex.o
 .debug_frame   0x00003054       0x38 build/system_stm32u0xx.o
 .debug_frame   0x0000308c       0x28 build/sysmem.o
 .debug_frame   0x000030b4      0x184 build/syscalls.o
 .debug_frame   0x00003238      0x264 build/printf.o
 .debug_frame   0x0000349c      0x518 build/AB1815.o
 .debug_frame   0x000039b4      0x138 C:/ST/STM32CubeCLT_1.15.0/GNU-tools-for-STM32/bin/../lib/gcc/arm-none-eabi/12.3.1/../../../../arm-none-eabi/lib/thumb/v6-m/nofp\libc_nano.a(libc_a-findfp.o)
 .debug_frame   0x00003aec       0x34 C:/ST/STM32CubeCLT_1.15.0/GNU-tools-for-STM32/bin/../lib/gcc/arm-none-eabi/12.3.1/../../../../arm-none-eabi/lib/thumb/v6-m/nofp\libc_nano.a(libc_a-fwalk.o)
 .debug_frame   0x00003b20       0x44 C:/ST/STM32CubeCLT_1.15.0/GNU-tools-for-STM32/bin/../lib/gcc/arm-none-eabi/12.3.1/../../../../arm-none-eabi/lib/thumb/v6-m/nofp\libc_nano.a(libc_a-puts.o)
 .debug_frame   0x00003b64       0x90 C:/ST/STM32CubeCLT_1.15.0/GNU-tools-for-STM32/bin/../lib/gcc/arm-none-eabi/12.3.1/../../../../arm-none-eabi/lib/thumb/v6-m/nofp\libc_nano.a(libc_a-stdio.o)
 .debug_frame   0x00003bf4       0x48 C:/ST/STM32CubeCLT_1.15.0/GNU-tools-for-STM32/bin/../lib/gcc/arm-none-eabi/12.3.1/../../../../arm-none-eabi/lib/thumb/v6-m/nofp\libc_nano.a(libc_a-wbuf.o)
 .debug_frame   0x00003c3c       0x2c C:/ST/STM32CubeCLT_1.15.0/GNU-tools-for-STM32/bin/../lib/gcc/arm-none-eabi/12.3.1/../../../../arm-none-eabi/lib/thumb/v6-m/nofp\libc_nano.a(libc_a-wsetup.o)
 .debug_frame   0x00003c68       0x20 C:/ST/STM32CubeCLT_1.15.0/GNU-tools-for-STM32/bin/../lib/gcc/arm-none-eabi/12.3.1/../../../../arm-none-eabi/lib/thumb/v6-m/nofp\libc_nano.a(libc_a-memset.o)
 .debug_frame   0x00003c88       0x2c C:/ST/STM32CubeCLT_1.15.0/GNU-tools-for-STM32/bin/../lib/gcc/arm-none-eabi/12.3.1/../../../../arm-none-eabi/lib/thumb/v6-m/nofp\libc_nano.a(libc_a-closer.o)
 .debug_frame   0x00003cb4       0x2c C:/ST/STM32CubeCLT_1.15.0/GNU-tools-for-STM32/bin/../lib/gcc/arm-none-eabi/12.3.1/../../../../arm-none-eabi/lib/thumb/v6-m/nofp\libc_nano.a(libc_a-reent.o)
 .debug_frame   0x00003ce0       0x2c C:/ST/STM32CubeCLT_1.15.0/GNU-tools-for-STM32/bin/../lib/gcc/arm-none-eabi/12.3.1/../../../../arm-none-eabi/lib/thumb/v6-m/nofp\libc_nano.a(libc_a-lseekr.o)
 .debug_frame   0x00003d0c       0x2c C:/ST/STM32CubeCLT_1.15.0/GNU-tools-for-STM32/bin/../lib/gcc/arm-none-eabi/12.3.1/../../../../arm-none-eabi/lib/thumb/v6-m/nofp\libc_nano.a(libc_a-readr.o)
 .debug_frame   0x00003d38       0x2c C:/ST/STM32CubeCLT_1.15.0/GNU-tools-for-STM32/bin/../lib/gcc/arm-none-eabi/12.3.1/../../../../arm-none-eabi/lib/thumb/v6-m/nofp\libc_nano.a(libc_a-writer.o)
 .debug_frame   0x00003d64       0x20 C:/ST/STM32CubeCLT_1.15.0/GNU-tools-for-STM32/bin/../lib/gcc/arm-none-eabi/12.3.1/../../../../arm-none-eabi/lib/thumb/v6-m/nofp\libc_nano.a(libc_a-errno.o)
 .debug_frame   0x00003d84       0x2c C:/ST/STM32CubeCLT_1.15.0/GNU-tools-for-STM32/bin/../lib/gcc/arm-none-eabi/12.3.1/../../../../arm-none-eabi/lib/thumb/v6-m/nofp\libc_nano.a(libc_a-init.o)
 .debug_frame   0x00003db0       0xb0 C:/ST/STM32CubeCLT_1.15.0/GNU-tools-for-STM32/bin/../lib/gcc/arm-none-eabi/12.3.1/../../../../arm-none-eabi/lib/thumb/v6-m/nofp\libc_nano.a(libc_a-lock.o)
 .debug_frame   0x00003e60       0x2c C:/ST/STM32CubeCLT_1.15.0/GNU-tools-for-STM32/bin/../lib/gcc/arm-none-eabi/12.3.1/../../../../arm-none-eabi/lib/thumb/v6-m/nofp\libc_nano.a(libc_a-freer.o)
 .debug_frame   0x00003e8c       0x50 C:/ST/STM32CubeCLT_1.15.0/GNU-tools-for-STM32/bin/../lib/gcc/arm-none-eabi/12.3.1/../../../../arm-none-eabi/lib/thumb/v6-m/nofp\libc_nano.a(libc_a-mallocr.o)
 .debug_frame   0x00003edc       0x40 C:/ST/STM32CubeCLT_1.15.0/GNU-tools-for-STM32/bin/../lib/gcc/arm-none-eabi/12.3.1/../../../../arm-none-eabi/lib/thumb/v6-m/nofp\libc_nano.a(libc_a-mlock.o)
 .debug_frame   0x00003f1c       0x68 C:/ST/STM32CubeCLT_1.15.0/GNU-tools-for-STM32/bin/../lib/gcc/arm-none-eabi/12.3.1/../../../../arm-none-eabi/lib/thumb/v6-m/nofp\libc_nano.a(libc_a-fflush.o)
 .debug_frame   0x00003f84       0x50 C:/ST/STM32CubeCLT_1.15.0/GNU-tools-for-STM32/bin/../lib/gcc/arm-none-eabi/12.3.1/../../../../arm-none-eabi/lib/thumb/v6-m/nofp\libc_nano.a(libc_a-makebuf.o)
 .debug_frame   0x00003fd4       0x2c C:/ST/STM32CubeCLT_1.15.0/GNU-tools-for-STM32/bin/../lib/gcc/arm-none-eabi/12.3.1/../../../../arm-none-eabi/lib/thumb/v6-m/nofp\libc_nano.a(libc_a-fstatr.o)
 .debug_frame   0x00004000       0x2c C:/ST/STM32CubeCLT_1.15.0/GNU-tools-for-STM32/bin/../lib/gcc/arm-none-eabi/12.3.1/../../../../arm-none-eabi/lib/thumb/v6-m/nofp\libc_nano.a(libc_a-isattyr.o)
 .debug_frame   0x0000402c       0x2c C:/ST/STM32CubeCLT_1.15.0/GNU-tools-for-STM32/bin/../lib/gcc/arm-none-eabi/12.3.1/../../../../arm-none-eabi/lib/thumb/v6-m/nofp\libc_nano.a(libc_a-sbrkr.o)
 .debug_frame   0x00004058       0x20 C:/ST/STM32CubeCLT_1.15.0/GNU-tools-for-STM32/bin/../lib/gcc/arm-none-eabi/12.3.1/thumb/v6-m/nofp\libgcc.a(_udivsi3.o)
 .debug_frame   0x00004078       0x20 C:/ST/STM32CubeCLT_1.15.0/GNU-tools-for-STM32/bin/../lib/gcc/arm-none-eabi/12.3.1/thumb/v6-m/nofp\libgcc.a(_divsi3.o)
 .debug_frame   0x00004098       0x2c C:/ST/STM32CubeCLT_1.15.0/GNU-tools-for-STM32/bin/../lib/gcc/arm-none-eabi/12.3.1/thumb/v6-m/nofp\libgcc.a(_fixunsdfsi.o)
 .debug_frame   0x000040c4       0x3c C:/ST/STM32CubeCLT_1.15.0/GNU-tools-for-STM32/bin/../lib/gcc/arm-none-eabi/12.3.1/thumb/v6-m/nofp\libgcc.a(_udivmoddi4.o)
 .debug_frame   0x00004100       0x3c C:/ST/STM32CubeCLT_1.15.0/GNU-tools-for-STM32/bin/../lib/gcc/arm-none-eabi/12.3.1/thumb/v6-m/nofp\libgcc.a(adddf3.o)
 .debug_frame   0x0000413c       0x3c C:/ST/STM32CubeCLT_1.15.0/GNU-tools-for-STM32/bin/../lib/gcc/arm-none-eabi/12.3.1/thumb/v6-m/nofp\libgcc.a(divdf3.o)
 .debug_frame   0x00004178       0x38 C:/ST/STM32CubeCLT_1.15.0/GNU-tools-for-STM32/bin/../lib/gcc/arm-none-eabi/12.3.1/thumb/v6-m/nofp\libgcc.a(eqdf2.o)
 .debug_frame   0x000041b0       0x3c C:/ST/STM32CubeCLT_1.15.0/GNU-tools-for-STM32/bin/../lib/gcc/arm-none-eabi/12.3.1/thumb/v6-m/nofp\libgcc.a(gedf2.o)
 .debug_frame   0x000041ec       0x3c C:/ST/STM32CubeCLT_1.15.0/GNU-tools-for-STM32/bin/../lib/gcc/arm-none-eabi/12.3.1/thumb/v6-m/nofp\libgcc.a(ledf2.o)
 .debug_frame   0x00004228       0x3c C:/ST/STM32CubeCLT_1.15.0/GNU-tools-for-STM32/bin/../lib/gcc/arm-none-eabi/12.3.1/thumb/v6-m/nofp\libgcc.a(muldf3.o)
 .debug_frame   0x00004264       0x3c C:/ST/STM32CubeCLT_1.15.0/GNU-tools-for-STM32/bin/../lib/gcc/arm-none-eabi/12.3.1/thumb/v6-m/nofp\libgcc.a(subdf3.o)
 .debug_frame   0x000042a0       0x30 C:/ST/STM32CubeCLT_1.15.0/GNU-tools-for-STM32/bin/../lib/gcc/arm-none-eabi/12.3.1/thumb/v6-m/nofp\libgcc.a(fixdfsi.o)
 .debug_frame   0x000042d0       0x2c C:/ST/STM32CubeCLT_1.15.0/GNU-tools-for-STM32/bin/../lib/gcc/arm-none-eabi/12.3.1/thumb/v6-m/nofp\libgcc.a(floatsidf.o)
 .debug_frame   0x000042fc       0x28 C:/ST/STM32CubeCLT_1.15.0/GNU-tools-for-STM32/bin/../lib/gcc/arm-none-eabi/12.3.1/thumb/v6-m/nofp\libgcc.a(floatunsidf.o)

Cross Reference Table

Symbol                                            File
ADC_COMP1_2_IRQHandler                            build/startup_stm32u073xx.o
ADC_ConversionStop                                build/stm32u0xx_hal_adc.o
ADC_Disable                                       build/stm32u0xx_hal_adc.o
                                                  build/stm32u0xx_hal_adc_ex.o
ADC_Enable                                        build/stm32u0xx_hal_adc.o
AHBPrescTable                                     build/system_stm32u0xx.o
                                                  build/stm32u0xx_hal_rcc.o
APBPrescTable                                     build/system_stm32u0xx.o
                                                  build/stm32u0xx_hal_rcc.o
DMA1_Ch4_7_DMA2_Ch1_5_DMAMUX_OVR_IRQHandler       build/startup_stm32u073xx.o
DMA1_Channel1_IRQHandler                          build/startup_stm32u073xx.o
DMA1_Channel2_3_IRQHandler                        build/startup_stm32u073xx.o
Default_Handler                                   build/startup_stm32u073xx.o
EXTI0_1_IRQHandler                                build/startup_stm32u073xx.o
EXTI2_3_IRQHandler                                build/startup_stm32u073xx.o
EXTI4_15_IRQHandler                               build/startup_stm32u073xx.o
Error_Handler                                     build/main.o
                                                  build/AB1815.o
                                                  build/usart.o
                                                  build/spi.o
                                                  build/rtc.o
                                                  build/i2c.o
                                                  build/adc.o
FLASH_ECC_IRQHandler                              build/startup_stm32u073xx.o
FLASH_FlushCaches                                 build/stm32u0xx_hal_flash_ex.o
FLASH_PageErase                                   build/stm32u0xx_hal_flash_ex.o
                                                  build/stm32u0xx_hal_flash.o
FLASH_WaitForLastOperation                        build/stm32u0xx_hal_flash.o
                                                  build/stm32u0xx_hal_flash_ex.o
HAL_ADCEx_Calibration_GetValue                    build/stm32u0xx_hal_adc_ex.o
HAL_ADCEx_Calibration_SetValue                    build/stm32u0xx_hal_adc_ex.o
HAL_ADCEx_Calibration_Start                       build/stm32u0xx_hal_adc_ex.o
HAL_ADCEx_ChannelConfigReadyCallback              build/stm32u0xx_hal_adc_ex.o
                                                  build/stm32u0xx_hal_adc.o
HAL_ADCEx_DisableVoltageRegulator                 build/stm32u0xx_hal_adc_ex.o
HAL_ADCEx_EndOfSamplingCallback                   build/stm32u0xx_hal_adc_ex.o
                                                  build/stm32u0xx_hal_adc.o
HAL_ADCEx_LevelOutOfWindow2Callback               build/stm32u0xx_hal_adc_ex.o
                                                  build/stm32u0xx_hal_adc.o
HAL_ADCEx_LevelOutOfWindow3Callback               build/stm32u0xx_hal_adc_ex.o
                                                  build/stm32u0xx_hal_adc.o
HAL_ADC_ADCReadyCallback                          build/stm32u0xx_hal_adc.o
HAL_ADC_AnalogWDGConfig                           build/stm32u0xx_hal_adc.o
HAL_ADC_CalibrationCpltCallback                   build/stm32u0xx_hal_adc.o
HAL_ADC_ConfigChannel                             build/stm32u0xx_hal_adc.o
                                                  build/adc.o
HAL_ADC_ConvCpltCallback                          build/stm32u0xx_hal_adc.o
HAL_ADC_ConvHalfCpltCallback                      build/stm32u0xx_hal_adc.o
HAL_ADC_DeInit                                    build/stm32u0xx_hal_adc.o
HAL_ADC_ErrorCallback                             build/stm32u0xx_hal_adc.o
HAL_ADC_GetError                                  build/stm32u0xx_hal_adc.o
HAL_ADC_GetState                                  build/stm32u0xx_hal_adc.o
HAL_ADC_GetValue                                  build/stm32u0xx_hal_adc.o
HAL_ADC_IRQHandler                                build/stm32u0xx_hal_adc.o
HAL_ADC_Init                                      build/stm32u0xx_hal_adc.o
                                                  build/adc.o
HAL_ADC_LevelOutOfWindowCallback                  build/stm32u0xx_hal_adc.o
HAL_ADC_MspDeInit                                 build/adc.o
HAL_ADC_MspInit                                   build/adc.o
HAL_ADC_PollForConversion                         build/stm32u0xx_hal_adc.o
HAL_ADC_PollForEvent                              build/stm32u0xx_hal_adc.o
HAL_ADC_Start                                     build/stm32u0xx_hal_adc.o
HAL_ADC_Start_DMA                                 build/stm32u0xx_hal_adc.o
HAL_ADC_Start_IT                                  build/stm32u0xx_hal_adc.o
HAL_ADC_Stop                                      build/stm32u0xx_hal_adc.o
HAL_ADC_Stop_DMA                                  build/stm32u0xx_hal_adc.o
HAL_ADC_Stop_IT                                   build/stm32u0xx_hal_adc.o
HAL_DBGMCU_DisableDBGStandbyMode                  build/stm32u0xx_hal.o
HAL_DBGMCU_DisableDBGStopMode                     build/stm32u0xx_hal.o
HAL_DBGMCU_EnableDBGStandbyMode                   build/stm32u0xx_hal.o
HAL_DBGMCU_EnableDBGStopMode                      build/stm32u0xx_hal.o
HAL_DMAEx_ConfigMuxRequestGenerator               build/stm32u0xx_hal_dma_ex.o
HAL_DMAEx_ConfigMuxSync                           build/stm32u0xx_hal_dma_ex.o
HAL_DMAEx_DisableMuxRequestGenerator              build/stm32u0xx_hal_dma_ex.o
HAL_DMAEx_EnableMuxRequestGenerator               build/stm32u0xx_hal_dma_ex.o
HAL_DMAEx_MUX_IRQHandler                          build/stm32u0xx_hal_dma_ex.o
HAL_DMA_Abort                                     build/stm32u0xx_hal_dma.o
                                                  build/stm32u0xx_hal_uart.o
                                                  build/stm32u0xx_hal_spi.o
                                                  build/stm32u0xx_hal_adc.o
HAL_DMA_Abort_IT                                  build/stm32u0xx_hal_dma.o
                                                  build/stm32u0xx_hal_uart.o
                                                  build/stm32u0xx_hal_spi.o
                                                  build/stm32u0xx_hal_i2c.o
HAL_DMA_DeInit                                    build/stm32u0xx_hal_dma.o
HAL_DMA_GetError                                  build/stm32u0xx_hal_dma.o
                                                  build/stm32u0xx_hal_uart.o
HAL_DMA_GetState                                  build/stm32u0xx_hal_dma.o
                                                  build/stm32u0xx_hal_i2c.o
HAL_DMA_IRQHandler                                build/stm32u0xx_hal_dma.o
HAL_DMA_Init                                      build/stm32u0xx_hal_dma.o
HAL_DMA_PollForTransfer                           build/stm32u0xx_hal_dma.o
HAL_DMA_RegisterCallback                          build/stm32u0xx_hal_dma.o
HAL_DMA_Start                                     build/stm32u0xx_hal_dma.o
HAL_DMA_Start_IT                                  build/stm32u0xx_hal_dma.o
                                                  build/stm32u0xx_hal_uart.o
                                                  build/stm32u0xx_hal_spi.o
                                                  build/stm32u0xx_hal_i2c.o
                                                  build/stm32u0xx_hal_adc.o
HAL_DMA_UnRegisterCallback                        build/stm32u0xx_hal_dma.o
HAL_DeInit                                        build/stm32u0xx_hal.o
HAL_Delay                                         build/stm32u0xx_hal.o
                                                  build/main.o
HAL_EXTI_ClearConfigLine                          build/stm32u0xx_hal_exti.o
HAL_EXTI_ClearPending                             build/stm32u0xx_hal_exti.o
HAL_EXTI_GenerateSWI                              build/stm32u0xx_hal_exti.o
HAL_EXTI_GetConfigLine                            build/stm32u0xx_hal_exti.o
HAL_EXTI_GetHandle                                build/stm32u0xx_hal_exti.o
HAL_EXTI_GetPending                               build/stm32u0xx_hal_exti.o
HAL_EXTI_IRQHandler                               build/stm32u0xx_hal_exti.o
HAL_EXTI_RegisterCallback                         build/stm32u0xx_hal_exti.o
HAL_EXTI_SetConfigLine                            build/stm32u0xx_hal_exti.o
HAL_FLASHEx_ConfigHDPExtension                    build/stm32u0xx_hal_flash_ex.o
HAL_FLASHEx_DisableDebugger                       build/stm32u0xx_hal_flash_ex.o
HAL_FLASHEx_EnableDebugger                        build/stm32u0xx_hal_flash_ex.o
HAL_FLASHEx_EnableHDPProtection                   build/stm32u0xx_hal_flash_ex.o
HAL_FLASHEx_Erase                                 build/stm32u0xx_hal_flash_ex.o
HAL_FLASHEx_Erase_IT                              build/stm32u0xx_hal_flash_ex.o
HAL_FLASHEx_FlashEmptyCheck                       build/stm32u0xx_hal_flash_ex.o
HAL_FLASHEx_ForceFlashEmpty                       build/stm32u0xx_hal_flash_ex.o
HAL_FLASHEx_GetHDPExtensionConfig                 build/stm32u0xx_hal_flash_ex.o
HAL_FLASHEx_IsEnabledHDPProtection                build/stm32u0xx_hal_flash_ex.o
HAL_FLASHEx_OBGetConfig                           build/stm32u0xx_hal_flash_ex.o
HAL_FLASHEx_OBProgram                             build/stm32u0xx_hal_flash_ex.o
HAL_FLASH_EndOfOperationCallback                  build/stm32u0xx_hal_flash.o
HAL_FLASH_GetError                                build/stm32u0xx_hal_flash.o
HAL_FLASH_IRQHandler                              build/stm32u0xx_hal_flash.o
HAL_FLASH_Lock                                    build/stm32u0xx_hal_flash.o
HAL_FLASH_OB_GetOEMKeyCRC                         build/stm32u0xx_hal_flash_ex.o
HAL_FLASH_OB_Launch                               build/stm32u0xx_hal_flash.o
HAL_FLASH_OB_Lock                                 build/stm32u0xx_hal_flash.o
HAL_FLASH_OB_Unlock                               build/stm32u0xx_hal_flash.o
HAL_FLASH_OperationErrorCallback                  build/stm32u0xx_hal_flash.o
HAL_FLASH_Program                                 build/stm32u0xx_hal_flash.o
HAL_FLASH_Program_IT                              build/stm32u0xx_hal_flash.o
HAL_FLASH_Unlock                                  build/stm32u0xx_hal_flash.o
HAL_GPIO_DeInit                                   build/stm32u0xx_hal_gpio.o
                                                  build/usart.o
                                                  build/spi.o
                                                  build/i2c.o
HAL_GPIO_EXTI_Falling_Callback                    build/stm32u0xx_hal_gpio.o
HAL_GPIO_EXTI_IRQHandler                          build/stm32u0xx_hal_gpio.o
HAL_GPIO_EXTI_Rising_Callback                     build/stm32u0xx_hal_gpio.o
HAL_GPIO_Init                                     build/stm32u0xx_hal_gpio.o
                                                  build/stm32u0xx_hal_rcc_ex.o
                                                  build/stm32u0xx_hal_rcc.o
                                                  build/usart.o
                                                  build/spi.o
                                                  build/i2c.o
                                                  build/gpio.o
HAL_GPIO_LockPin                                  build/stm32u0xx_hal_gpio.o
HAL_GPIO_ReadPin                                  build/stm32u0xx_hal_gpio.o
                                                  build/AB1815.o
HAL_GPIO_TogglePin                                build/stm32u0xx_hal_gpio.o
HAL_GPIO_WritePin                                 build/stm32u0xx_hal_gpio.o
                                                  build/gpio.o
HAL_GetDEVID                                      build/stm32u0xx_hal.o
HAL_GetHalVersion                                 build/stm32u0xx_hal.o
HAL_GetREVID                                      build/stm32u0xx_hal.o
HAL_GetTick                                       build/stm32u0xx_hal.o
                                                  build/AB1815.o
                                                  build/stm32u0xx_hal_uart_ex.o
                                                  build/stm32u0xx_hal_uart.o
                                                  build/stm32u0xx_hal_spi.o
                                                  build/stm32u0xx_hal_rtc_ex.o
                                                  build/stm32u0xx_hal_rtc.o
                                                  build/stm32u0xx_hal_i2c.o
                                                  build/stm32u0xx_hal_dma.o
                                                  build/stm32u0xx_hal_flash.o
                                                  build/stm32u0xx_hal_rcc_ex.o
                                                  build/stm32u0xx_hal_rcc.o
                                                  build/stm32u0xx_hal_adc_ex.o
                                                  build/stm32u0xx_hal_adc.o
HAL_GetTickFreq                                   build/stm32u0xx_hal.o
HAL_GetTickPrio                                   build/stm32u0xx_hal.o
HAL_GetUIDw0                                      build/stm32u0xx_hal.o
HAL_GetUIDw1                                      build/stm32u0xx_hal.o
HAL_GetUIDw2                                      build/stm32u0xx_hal.o
HAL_HalfDuplex_EnableReceiver                     build/stm32u0xx_hal_uart.o
HAL_HalfDuplex_EnableTransmitter                  build/stm32u0xx_hal_uart.o
HAL_HalfDuplex_Init                               build/stm32u0xx_hal_uart.o
HAL_I2CEx_ConfigAnalogFilter                      build/stm32u0xx_hal_i2c_ex.o
                                                  build/i2c.o
HAL_I2CEx_ConfigDigitalFilter                     build/stm32u0xx_hal_i2c_ex.o
                                                  build/i2c.o
HAL_I2CEx_ConfigFastModePlus                      build/stm32u0xx_hal_i2c_ex.o
HAL_I2CEx_DisableWakeUp                           build/stm32u0xx_hal_i2c_ex.o